----------------
; Command Info ;
----------------
Report Timing: Found 10 recovery paths (0 violated).  Worst case slack is 14.419 

Tcl Command:
    report_timing -recovery -file reports/recovery.rpt -npaths 10

Options:
    -recovery 
    -npaths 10 
    -file {reports/recovery.rpt} 

Delay Model:
    Slow 1200mV 85C Model

+--------------------------------------------------------------------------------------------------------------------------------------------------------------------------------------------------------------+
; Summary of Paths                                                                                                                                                                                             ;
+--------+------------------------------------+---------------------------------------------------------------------------------------+---------------+---------------+--------------+------------+------------+
; Slack  ; From Node                          ; To Node                                                                               ; Launch Clock  ; Latch Clock   ; Relationship ; Clock Skew ; Data Delay ;
+--------+------------------------------------+---------------------------------------------------------------------------------------+---------------+---------------+--------------+------------+------------+
; 14.419 ; igor_uart_top:system|reset_sync[1] ; igor_uart_top:system|igor_neural_core:neural|neuron[6]                                ; MAX10_CLK1_50 ; MAX10_CLK1_50 ; 20.000       ; -0.094     ; 5.256      ;
; 14.419 ; igor_uart_top:system|reset_sync[1] ; igor_uart_top:system|igor_neural_core:neural|neuron[5]                                ; MAX10_CLK1_50 ; MAX10_CLK1_50 ; 20.000       ; -0.094     ; 5.256      ;
; 14.419 ; igor_uart_top:system|reset_sync[1] ; igor_uart_top:system|igor_neural_core:neural|neuron[4]                                ; MAX10_CLK1_50 ; MAX10_CLK1_50 ; 20.000       ; -0.094     ; 5.256      ;
; 14.419 ; igor_uart_top:system|reset_sync[1] ; igor_uart_top:system|igor_neural_core:neural|neuron[3]                                ; MAX10_CLK1_50 ; MAX10_CLK1_50 ; 20.000       ; -0.094     ; 5.256      ;
; 14.419 ; igor_uart_top:system|reset_sync[1] ; igor_uart_top:system|igor_neural_core:neural|neuron[2]                                ; MAX10_CLK1_50 ; MAX10_CLK1_50 ; 20.000       ; -0.094     ; 5.256      ;
; 14.419 ; igor_uart_top:system|reset_sync[1] ; igor_uart_top:system|igor_neural_core:neural|neuron[1]                                ; MAX10_CLK1_50 ; MAX10_CLK1_50 ; 20.000       ; -0.094     ; 5.256      ;
; 14.419 ; igor_uart_top:system|reset_sync[1] ; igor_uart_top:system|igor_neural_core:neural|neuron[0]                                ; MAX10_CLK1_50 ; MAX10_CLK1_50 ; 20.000       ; -0.094     ; 5.256      ;
; 14.437 ; igor_uart_top:system|reset_sync[1] ; igor_uart_top:system|igor_top:core|igor_rollout_tile:tiles[0].tile|candidate_index[8] ; MAX10_CLK1_50 ; MAX10_CLK1_50 ; 20.000       ; -0.089     ; 5.243      ;
; 14.437 ; igor_uart_top:system|reset_sync[1] ; igor_uart_top:system|igor_top:core|igor_rollout_tile:tiles[0].tile|candidate_index[7] ; MAX10_CLK1_50 ; MAX10_CLK1_50 ; 20.000       ; -0.089     ; 5.243      ;
; 14.437 ; igor_uart_top:system|reset_sync[1] ; igor_uart_top:system|igor_top:core|igor_rollout_tile:tiles[0].tile|candidate_index[6] ; MAX10_CLK1_50 ; MAX10_CLK1_50 ; 20.000       ; -0.089     ; 5.243      ;
+--------+------------------------------------+---------------------------------------------------------------------------------------+---------------+---------------+--------------+------------+------------+

Path #1: Recovery slack is 14.419 
===============================================================================
+-----------------------------------------------------------------------------+
; Path Summary                                                                ;
+--------------------+--------------------------------------------------------+
; Property           ; Value                                                  ;
+--------------------+--------------------------------------------------------+
; From Node          ; igor_uart_top:system|reset_sync[1]                     ;
; To Node            ; igor_uart_top:system|igor_neural_core:neural|neuron[6] ;
; Launch Clock       ; MAX10_CLK1_50                                          ;
; Latch Clock        ; MAX10_CLK1_50                                          ;
; Data Arrival Time  ; 8.867                                                  ;
; Data Required Time ; 23.286                                                 ;
; Slack              ; 14.419                                                 ;
+--------------------+--------------------------------------------------------+

+---------------------------------------------------------------------------------------+
; Statistics                                                                            ;
+---------------------------+--------+-------+-------------+------------+-------+-------+
; Property                  ; Value  ; Count ; Total Delay ; % of Total ; Min   ; Max   ;
+---------------------------+--------+-------+-------------+------------+-------+-------+
; Recovery Relationship     ; 20.000 ;       ;             ;            ;       ;       ;
; Clock Skew                ; -0.094 ;       ;             ;            ;       ;       ;
; Data Delay                ; 5.256  ;       ;             ;            ;       ;       ;
; Number of Logic Levels    ;        ; 1     ;             ;            ;       ;       ;
; Physical Delays           ;        ;       ;             ;            ;       ;       ;
;  Arrival Path             ;        ;       ;             ;            ;       ;       ;
;   Clock                   ;        ;       ;             ;            ;       ;       ;
;    Clock Network (Lumped) ;        ; 1     ; 3.611       ; 100        ; 3.611 ; 3.611 ;
;   Data                    ;        ;       ;             ;            ;       ;       ;
;    IC                     ;        ; 2     ; 4.279       ; 81         ; 1.768 ; 2.511 ;
;    Cell                   ;        ; 3     ; 0.770       ; 15         ; 0.000 ; 0.770 ;
;    uTco                   ;        ; 1     ; 0.207       ; 4          ; 0.207 ; 0.207 ;
;  Required Path            ;        ;       ;             ;            ;       ;       ;
;   Clock                   ;        ;       ;             ;            ;       ;       ;
;    Clock Network (Lumped) ;        ; 1     ; 3.481       ; 100        ; 3.481 ; 3.481 ;
+---------------------------+--------+-------+-------------+------------+-------+-------+
Note: Negative delays are omitted from totals when calculating percentages

+----------------------------------------------------------------------------------------------------------------------+
; Data Arrival Path                                                                                                    ;
+---------+---------+----+------+--------+--------------------+--------------------------------------------------------+
; Total   ; Incr    ; RF ; Type ; Fanout ; Location           ; Element                                                ;
+---------+---------+----+------+--------+--------------------+--------------------------------------------------------+
; 0.000   ; 0.000   ;    ;      ;        ;                    ; launch edge time                                       ;
; 3.611   ; 3.611   ;    ;      ;        ;                    ; clock path                                             ;
;   3.611 ;   3.611 ; R  ;      ;        ;                    ; clock network delay                                    ;
; 8.867   ; 5.256   ;    ;      ;        ;                    ; data path                                              ;
;   3.818 ;   0.207 ;    ; uTco ; 1      ; FF_X39_Y20_N1      ; igor_uart_top:system|reset_sync[1]                     ;
;   3.818 ;   0.000 ; FF ; CELL ; 11     ; FF_X39_Y20_N1      ; system|reset_sync[1]|q                                 ;
;   6.329 ;   2.511 ; FF ; IC   ; 1      ; CLKCTRL_G12        ; system|reset_sync[1]~clkctrl|inclk[0]                  ;
;   6.329 ;   0.000 ; FF ; CELL ; 1286   ; CLKCTRL_G12        ; system|reset_sync[1]~clkctrl|outclk                    ;
;   8.097 ;   1.768 ; FF ; IC   ; 7      ; DSPMULT_X48_Y34_N0 ; system|neural|Mult1|auto_generated|mac_mult1|aclr      ;
;   8.867 ;   0.770 ; FF ; CELL ; 1      ; DSPMULT_X48_Y34_N0 ; igor_uart_top:system|igor_neural_core:neural|neuron[6] ;
+---------+---------+----+------+--------+--------------------+--------------------------------------------------------+

+-----------------------------------------------------------------------------------------------------------------------+
; Data Required Path                                                                                                    ;
+----------+---------+----+------+--------+--------------------+--------------------------------------------------------+
; Total    ; Incr    ; RF ; Type ; Fanout ; Location           ; Element                                                ;
+----------+---------+----+------+--------+--------------------+--------------------------------------------------------+
; 20.000   ; 20.000  ;    ;      ;        ;                    ; latch edge time                                        ;
; 23.517   ; 3.517   ;    ;      ;        ;                    ; clock path                                             ;
;   23.481 ;   3.481 ; R  ;      ;        ;                    ; clock network delay                                    ;
;   23.517 ;   0.036 ;    ;      ;        ;                    ; clock pessimism removed                                ;
; 23.497   ; -0.020  ;    ;      ;        ;                    ; clock uncertainty                                      ;
; 23.286   ; -0.211  ;    ; uTsu ; 1      ; DSPMULT_X48_Y34_N0 ; igor_uart_top:system|igor_neural_core:neural|neuron[6] ;
+----------+---------+----+------+--------+--------------------+--------------------------------------------------------+


Path #2: Recovery slack is 14.419 
===============================================================================
+-----------------------------------------------------------------------------+
; Path Summary                                                                ;
+--------------------+--------------------------------------------------------+
; Property           ; Value                                                  ;
+--------------------+--------------------------------------------------------+
; From Node          ; igor_uart_top:system|reset_sync[1]                     ;
; To Node            ; igor_uart_top:system|igor_neural_core:neural|neuron[5] ;
; Launch Clock       ; MAX10_CLK1_50                                          ;
; Latch Clock        ; MAX10_CLK1_50                                          ;
; Data Arrival Time  ; 8.867                                                  ;
; Data Required Time ; 23.286                                                 ;
; Slack              ; 14.419                                                 ;
+--------------------+--------------------------------------------------------+

+---------------------------------------------------------------------------------------+
; Statistics                                                                            ;
+---------------------------+--------+-------+-------------+------------+-------+-------+
; Property                  ; Value  ; Count ; Total Delay ; % of Total ; Min   ; Max   ;
+---------------------------+--------+-------+-------------+------------+-------+-------+
; Recovery Relationship     ; 20.000 ;       ;             ;            ;       ;       ;
; Clock Skew                ; -0.094 ;       ;             ;            ;       ;       ;
; Data Delay                ; 5.256  ;       ;             ;            ;       ;       ;
; Number of Logic Levels    ;        ; 1     ;             ;            ;       ;       ;
; Physical Delays           ;        ;       ;             ;            ;       ;       ;
;  Arrival Path             ;        ;       ;             ;            ;       ;       ;
;   Clock                   ;        ;       ;             ;            ;       ;       ;
;    Clock Network (Lumped) ;        ; 1     ; 3.611       ; 100        ; 3.611 ; 3.611 ;
;   Data                    ;        ;       ;             ;            ;       ;       ;
;    IC                     ;        ; 2     ; 4.279       ; 81         ; 1.768 ; 2.511 ;
;    Cell                   ;        ; 3     ; 0.770       ; 15         ; 0.000 ; 0.770 ;
;    uTco                   ;        ; 1     ; 0.207       ; 4          ; 0.207 ; 0.207 ;
;  Required Path            ;        ;       ;             ;            ;       ;       ;
;   Clock                   ;        ;       ;             ;            ;       ;       ;
;    Clock Network (Lumped) ;        ; 1     ; 3.481       ; 100        ; 3.481 ; 3.481 ;
+---------------------------+--------+-------+-------------+------------+-------+-------+
Note: Negative delays are omitted from totals when calculating percentages

+----------------------------------------------------------------------------------------------------------------------+
; Data Arrival Path                                                                                                    ;
+---------+---------+----+------+--------+--------------------+--------------------------------------------------------+
; Total   ; Incr    ; RF ; Type ; Fanout ; Location           ; Element                                                ;
+---------+---------+----+------+--------+--------------------+--------------------------------------------------------+
; 0.000   ; 0.000   ;    ;      ;        ;                    ; launch edge time                                       ;
; 3.611   ; 3.611   ;    ;      ;        ;                    ; clock path                                             ;
;   3.611 ;   3.611 ; R  ;      ;        ;                    ; clock network delay                                    ;
; 8.867   ; 5.256   ;    ;      ;        ;                    ; data path                                              ;
;   3.818 ;   0.207 ;    ; uTco ; 1      ; FF_X39_Y20_N1      ; igor_uart_top:system|reset_sync[1]                     ;
;   3.818 ;   0.000 ; FF ; CELL ; 11     ; FF_X39_Y20_N1      ; system|reset_sync[1]|q                                 ;
;   6.329 ;   2.511 ; FF ; IC   ; 1      ; CLKCTRL_G12        ; system|reset_sync[1]~clkctrl|inclk[0]                  ;
;   6.329 ;   0.000 ; FF ; CELL ; 1286   ; CLKCTRL_G12        ; system|reset_sync[1]~clkctrl|outclk                    ;
;   8.097 ;   1.768 ; FF ; IC   ; 7      ; DSPMULT_X48_Y34_N0 ; system|neural|Mult1|auto_generated|mac_mult1|aclr      ;
;   8.867 ;   0.770 ; FF ; CELL ; 1      ; DSPMULT_X48_Y34_N0 ; igor_uart_top:system|igor_neural_core:neural|neuron[5] ;
+---------+---------+----+------+--------+--------------------+--------------------------------------------------------+

+-----------------------------------------------------------------------------------------------------------------------+
; Data Required Path                                                                                                    ;
+----------+---------+----+------+--------+--------------------+--------------------------------------------------------+
; Total    ; Incr    ; RF ; Type ; Fanout ; Location           ; Element                                                ;
+----------+---------+----+------+--------+--------------------+--------------------------------------------------------+
; 20.000   ; 20.000  ;    ;      ;        ;                    ; latch edge time                                        ;
; 23.517   ; 3.517   ;    ;      ;        ;                    ; clock path                                             ;
;   23.481 ;   3.481 ; R  ;      ;        ;                    ; clock network delay                                    ;
;   23.517 ;   0.036 ;    ;      ;        ;                    ; clock pessimism removed                                ;
; 23.497   ; -0.020  ;    ;      ;        ;                    ; clock uncertainty                                      ;
; 23.286   ; -0.211  ;    ; uTsu ; 1      ; DSPMULT_X48_Y34_N0 ; igor_uart_top:system|igor_neural_core:neural|neuron[5] ;
+----------+---------+----+------+--------+--------------------+--------------------------------------------------------+


Path #3: Recovery slack is 14.419 
===============================================================================
+-----------------------------------------------------------------------------+
; Path Summary                                                                ;
+--------------------+--------------------------------------------------------+
; Property           ; Value                                                  ;
+--------------------+--------------------------------------------------------+
; From Node          ; igor_uart_top:system|reset_sync[1]                     ;
; To Node            ; igor_uart_top:system|igor_neural_core:neural|neuron[4] ;
; Launch Clock       ; MAX10_CLK1_50                                          ;
; Latch Clock        ; MAX10_CLK1_50                                          ;
; Data Arrival Time  ; 8.867                                                  ;
; Data Required Time ; 23.286                                                 ;
; Slack              ; 14.419                                                 ;
+--------------------+--------------------------------------------------------+

+---------------------------------------------------------------------------------------+
; Statistics                                                                            ;
+---------------------------+--------+-------+-------------+------------+-------+-------+
; Property                  ; Value  ; Count ; Total Delay ; % of Total ; Min   ; Max   ;
+---------------------------+--------+-------+-------------+------------+-------+-------+
; Recovery Relationship     ; 20.000 ;       ;             ;            ;       ;       ;
; Clock Skew                ; -0.094 ;       ;             ;            ;       ;       ;
; Data Delay                ; 5.256  ;       ;             ;            ;       ;       ;
; Number of Logic Levels    ;        ; 1     ;             ;            ;       ;       ;
; Physical Delays           ;        ;       ;             ;            ;       ;       ;
;  Arrival Path             ;        ;       ;             ;            ;       ;       ;
;   Clock                   ;        ;       ;             ;            ;       ;       ;
;    Clock Network (Lumped) ;        ; 1     ; 3.611       ; 100        ; 3.611 ; 3.611 ;
;   Data                    ;        ;       ;             ;            ;       ;       ;
;    IC                     ;        ; 2     ; 4.279       ; 81         ; 1.768 ; 2.511 ;
;    Cell                   ;        ; 3     ; 0.770       ; 15         ; 0.000 ; 0.770 ;
;    uTco                   ;        ; 1     ; 0.207       ; 4          ; 0.207 ; 0.207 ;
;  Required Path            ;        ;       ;             ;            ;       ;       ;
;   Clock                   ;        ;       ;             ;            ;       ;       ;
;    Clock Network (Lumped) ;        ; 1     ; 3.481       ; 100        ; 3.481 ; 3.481 ;
+---------------------------+--------+-------+-------------+------------+-------+-------+
Note: Negative delays are omitted from totals when calculating percentages

+----------------------------------------------------------------------------------------------------------------------+
; Data Arrival Path                                                                                                    ;
+---------+---------+----+------+--------+--------------------+--------------------------------------------------------+
; Total   ; Incr    ; RF ; Type ; Fanout ; Location           ; Element                                                ;
+---------+---------+----+------+--------+--------------------+--------------------------------------------------------+
; 0.000   ; 0.000   ;    ;      ;        ;                    ; launch edge time                                       ;
; 3.611   ; 3.611   ;    ;      ;        ;                    ; clock path                                             ;
;   3.611 ;   3.611 ; R  ;      ;        ;                    ; clock network delay                                    ;
; 8.867   ; 5.256   ;    ;      ;        ;                    ; data path                                              ;
;   3.818 ;   0.207 ;    ; uTco ; 1      ; FF_X39_Y20_N1      ; igor_uart_top:system|reset_sync[1]                     ;
;   3.818 ;   0.000 ; FF ; CELL ; 11     ; FF_X39_Y20_N1      ; system|reset_sync[1]|q                                 ;
;   6.329 ;   2.511 ; FF ; IC   ; 1      ; CLKCTRL_G12        ; system|reset_sync[1]~clkctrl|inclk[0]                  ;
;   6.329 ;   0.000 ; FF ; CELL ; 1286   ; CLKCTRL_G12        ; system|reset_sync[1]~clkctrl|outclk                    ;
;   8.097 ;   1.768 ; FF ; IC   ; 7      ; DSPMULT_X48_Y34_N0 ; system|neural|Mult1|auto_generated|mac_mult1|aclr      ;
;   8.867 ;   0.770 ; FF ; CELL ; 1      ; DSPMULT_X48_Y34_N0 ; igor_uart_top:system|igor_neural_core:neural|neuron[4] ;
+---------+---------+----+------+--------+--------------------+--------------------------------------------------------+

+-----------------------------------------------------------------------------------------------------------------------+
; Data Required Path                                                                                                    ;
+----------+---------+----+------+--------+--------------------+--------------------------------------------------------+
; Total    ; Incr    ; RF ; Type ; Fanout ; Location           ; Element                                                ;
+----------+---------+----+------+--------+--------------------+--------------------------------------------------------+
; 20.000   ; 20.000  ;    ;      ;        ;                    ; latch edge time                                        ;
; 23.517   ; 3.517   ;    ;      ;        ;                    ; clock path                                             ;
;   23.481 ;   3.481 ; R  ;      ;        ;                    ; clock network delay                                    ;
;   23.517 ;   0.036 ;    ;      ;        ;                    ; clock pessimism removed                                ;
; 23.497   ; -0.020  ;    ;      ;        ;                    ; clock uncertainty                                      ;
; 23.286   ; -0.211  ;    ; uTsu ; 1      ; DSPMULT_X48_Y34_N0 ; igor_uart_top:system|igor_neural_core:neural|neuron[4] ;
+----------+---------+----+------+--------+--------------------+--------------------------------------------------------+


Path #4: Recovery slack is 14.419 
===============================================================================
+-----------------------------------------------------------------------------+
; Path Summary                                                                ;
+--------------------+--------------------------------------------------------+
; Property           ; Value                                                  ;
+--------------------+--------------------------------------------------------+
; From Node          ; igor_uart_top:system|reset_sync[1]                     ;
; To Node            ; igor_uart_top:system|igor_neural_core:neural|neuron[3] ;
; Launch Clock       ; MAX10_CLK1_50                                          ;
; Latch Clock        ; MAX10_CLK1_50                                          ;
; Data Arrival Time  ; 8.867                                                  ;
; Data Required Time ; 23.286                                                 ;
; Slack              ; 14.419                                                 ;
+--------------------+--------------------------------------------------------+

+---------------------------------------------------------------------------------------+
; Statistics                                                                            ;
+---------------------------+--------+-------+-------------+------------+-------+-------+
; Property                  ; Value  ; Count ; Total Delay ; % of Total ; Min   ; Max   ;
+---------------------------+--------+-------+-------------+------------+-------+-------+
; Recovery Relationship     ; 20.000 ;       ;             ;            ;       ;       ;
; Clock Skew                ; -0.094 ;       ;             ;            ;       ;       ;
; Data Delay                ; 5.256  ;       ;             ;            ;       ;       ;
; Number of Logic Levels    ;        ; 1     ;             ;            ;       ;       ;
; Physical Delays           ;        ;       ;             ;            ;       ;       ;
;  Arrival Path             ;        ;       ;             ;            ;       ;       ;
;   Clock                   ;        ;       ;             ;            ;       ;       ;
;    Clock Network (Lumped) ;        ; 1     ; 3.611       ; 100        ; 3.611 ; 3.611 ;
;   Data                    ;        ;       ;             ;            ;       ;       ;
;    IC                     ;        ; 2     ; 4.279       ; 81         ; 1.768 ; 2.511 ;
;    Cell                   ;        ; 3     ; 0.770       ; 15         ; 0.000 ; 0.770 ;
;    uTco                   ;        ; 1     ; 0.207       ; 4          ; 0.207 ; 0.207 ;
;  Required Path            ;        ;       ;             ;            ;       ;       ;
;   Clock                   ;        ;       ;             ;            ;       ;       ;
;    Clock Network (Lumped) ;        ; 1     ; 3.481       ; 100        ; 3.481 ; 3.481 ;
+---------------------------+--------+-------+-------------+------------+-------+-------+
Note: Negative delays are omitted from totals when calculating percentages

+----------------------------------------------------------------------------------------------------------------------+
; Data Arrival Path                                                                                                    ;
+---------+---------+----+------+--------+--------------------+--------------------------------------------------------+
; Total   ; Incr    ; RF ; Type ; Fanout ; Location           ; Element                                                ;
+---------+---------+----+------+--------+--------------------+--------------------------------------------------------+
; 0.000   ; 0.000   ;    ;      ;        ;                    ; launch edge time                                       ;
; 3.611   ; 3.611   ;    ;      ;        ;                    ; clock path                                             ;
;   3.611 ;   3.611 ; R  ;      ;        ;                    ; clock network delay                                    ;
; 8.867   ; 5.256   ;    ;      ;        ;                    ; data path                                              ;
;   3.818 ;   0.207 ;    ; uTco ; 1      ; FF_X39_Y20_N1      ; igor_uart_top:system|reset_sync[1]                     ;
;   3.818 ;   0.000 ; FF ; CELL ; 11     ; FF_X39_Y20_N1      ; system|reset_sync[1]|q                                 ;
;   6.329 ;   2.511 ; FF ; IC   ; 1      ; CLKCTRL_G12        ; system|reset_sync[1]~clkctrl|inclk[0]                  ;
;   6.329 ;   0.000 ; FF ; CELL ; 1286   ; CLKCTRL_G12        ; system|reset_sync[1]~clkctrl|outclk                    ;
;   8.097 ;   1.768 ; FF ; IC   ; 7      ; DSPMULT_X48_Y34_N0 ; system|neural|Mult1|auto_generated|mac_mult1|aclr      ;
;   8.867 ;   0.770 ; FF ; CELL ; 1      ; DSPMULT_X48_Y34_N0 ; igor_uart_top:system|igor_neural_core:neural|neuron[3] ;
+---------+---------+----+------+--------+--------------------+--------------------------------------------------------+

+-----------------------------------------------------------------------------------------------------------------------+
; Data Required Path                                                                                                    ;
+----------+---------+----+------+--------+--------------------+--------------------------------------------------------+
; Total    ; Incr    ; RF ; Type ; Fanout ; Location           ; Element                                                ;
+----------+---------+----+------+--------+--------------------+--------------------------------------------------------+
; 20.000   ; 20.000  ;    ;      ;        ;                    ; latch edge time                                        ;
; 23.517   ; 3.517   ;    ;      ;        ;                    ; clock path                                             ;
;   23.481 ;   3.481 ; R  ;      ;        ;                    ; clock network delay                                    ;
;   23.517 ;   0.036 ;    ;      ;        ;                    ; clock pessimism removed                                ;
; 23.497   ; -0.020  ;    ;      ;        ;                    ; clock uncertainty                                      ;
; 23.286   ; -0.211  ;    ; uTsu ; 1      ; DSPMULT_X48_Y34_N0 ; igor_uart_top:system|igor_neural_core:neural|neuron[3] ;
+----------+---------+----+------+--------+--------------------+--------------------------------------------------------+


Path #5: Recovery slack is 14.419 
===============================================================================
+-----------------------------------------------------------------------------+
; Path Summary                                                                ;
+--------------------+--------------------------------------------------------+
; Property           ; Value                                                  ;
+--------------------+--------------------------------------------------------+
; From Node          ; igor_uart_top:system|reset_sync[1]                     ;
; To Node            ; igor_uart_top:system|igor_neural_core:neural|neuron[2] ;
; Launch Clock       ; MAX10_CLK1_50                                          ;
; Latch Clock        ; MAX10_CLK1_50                                          ;
; Data Arrival Time  ; 8.867                                                  ;
; Data Required Time ; 23.286                                                 ;
; Slack              ; 14.419                                                 ;
+--------------------+--------------------------------------------------------+

+---------------------------------------------------------------------------------------+
; Statistics                                                                            ;
+---------------------------+--------+-------+-------------+------------+-------+-------+
; Property                  ; Value  ; Count ; Total Delay ; % of Total ; Min   ; Max   ;
+---------------------------+--------+-------+-------------+------------+-------+-------+
; Recovery Relationship     ; 20.000 ;       ;             ;            ;       ;       ;
; Clock Skew                ; -0.094 ;       ;             ;            ;       ;       ;
; Data Delay                ; 5.256  ;       ;             ;            ;       ;       ;
; Number of Logic Levels    ;        ; 1     ;             ;            ;       ;       ;
; Physical Delays           ;        ;       ;             ;            ;       ;       ;
;  Arrival Path             ;        ;       ;             ;            ;       ;       ;
;   Clock                   ;        ;       ;             ;            ;       ;       ;
;    Clock Network (Lumped) ;        ; 1     ; 3.611       ; 100        ; 3.611 ; 3.611 ;
;   Data                    ;        ;       ;             ;            ;       ;       ;
;    IC                     ;        ; 2     ; 4.279       ; 81         ; 1.768 ; 2.511 ;
;    Cell                   ;        ; 3     ; 0.770       ; 15         ; 0.000 ; 0.770 ;
;    uTco                   ;        ; 1     ; 0.207       ; 4          ; 0.207 ; 0.207 ;
;  Required Path            ;        ;       ;             ;            ;       ;       ;
;   Clock                   ;        ;       ;             ;            ;       ;       ;
;    Clock Network (Lumped) ;        ; 1     ; 3.481       ; 100        ; 3.481 ; 3.481 ;
+---------------------------+--------+-------+-------------+------------+-------+-------+
Note: Negative delays are omitted from totals when calculating percentages

+----------------------------------------------------------------------------------------------------------------------+
; Data Arrival Path                                                                                                    ;
+---------+---------+----+------+--------+--------------------+--------------------------------------------------------+
; Total   ; Incr    ; RF ; Type ; Fanout ; Location           ; Element                                                ;
+---------+---------+----+------+--------+--------------------+--------------------------------------------------------+
; 0.000   ; 0.000   ;    ;      ;        ;                    ; launch edge time                                       ;
; 3.611   ; 3.611   ;    ;      ;        ;                    ; clock path                                             ;
;   3.611 ;   3.611 ; R  ;      ;        ;                    ; clock network delay                                    ;
; 8.867   ; 5.256   ;    ;      ;        ;                    ; data path                                              ;
;   3.818 ;   0.207 ;    ; uTco ; 1      ; FF_X39_Y20_N1      ; igor_uart_top:system|reset_sync[1]                     ;
;   3.818 ;   0.000 ; FF ; CELL ; 11     ; FF_X39_Y20_N1      ; system|reset_sync[1]|q                                 ;
;   6.329 ;   2.511 ; FF ; IC   ; 1      ; CLKCTRL_G12        ; system|reset_sync[1]~clkctrl|inclk[0]                  ;
;   6.329 ;   0.000 ; FF ; CELL ; 1286   ; CLKCTRL_G12        ; system|reset_sync[1]~clkctrl|outclk                    ;
;   8.097 ;   1.768 ; FF ; IC   ; 7      ; DSPMULT_X48_Y34_N0 ; system|neural|Mult1|auto_generated|mac_mult1|aclr      ;
;   8.867 ;   0.770 ; FF ; CELL ; 1      ; DSPMULT_X48_Y34_N0 ; igor_uart_top:system|igor_neural_core:neural|neuron[2] ;
+---------+---------+----+------+--------+--------------------+--------------------------------------------------------+

+-----------------------------------------------------------------------------------------------------------------------+
; Data Required Path                                                                                                    ;
+----------+---------+----+------+--------+--------------------+--------------------------------------------------------+
; Total    ; Incr    ; RF ; Type ; Fanout ; Location           ; Element                                                ;
+----------+---------+----+------+--------+--------------------+--------------------------------------------------------+
; 20.000   ; 20.000  ;    ;      ;        ;                    ; latch edge time                                        ;
; 23.517   ; 3.517   ;    ;      ;        ;                    ; clock path                                             ;
;   23.481 ;   3.481 ; R  ;      ;        ;                    ; clock network delay                                    ;
;   23.517 ;   0.036 ;    ;      ;        ;                    ; clock pessimism removed                                ;
; 23.497   ; -0.020  ;    ;      ;        ;                    ; clock uncertainty                                      ;
; 23.286   ; -0.211  ;    ; uTsu ; 1      ; DSPMULT_X48_Y34_N0 ; igor_uart_top:system|igor_neural_core:neural|neuron[2] ;
+----------+---------+----+------+--------+--------------------+--------------------------------------------------------+


Path #6: Recovery slack is 14.419 
===============================================================================
+-----------------------------------------------------------------------------+
; Path Summary                                                                ;
+--------------------+--------------------------------------------------------+
; Property           ; Value                                                  ;
+--------------------+--------------------------------------------------------+
; From Node          ; igor_uart_top:system|reset_sync[1]                     ;
; To Node            ; igor_uart_top:system|igor_neural_core:neural|neuron[1] ;
; Launch Clock       ; MAX10_CLK1_50                                          ;
; Latch Clock        ; MAX10_CLK1_50                                          ;
; Data Arrival Time  ; 8.867                                                  ;
; Data Required Time ; 23.286                                                 ;
; Slack              ; 14.419                                                 ;
+--------------------+--------------------------------------------------------+

+---------------------------------------------------------------------------------------+
; Statistics                                                                            ;
+---------------------------+--------+-------+-------------+------------+-------+-------+
; Property                  ; Value  ; Count ; Total Delay ; % of Total ; Min   ; Max   ;
+---------------------------+--------+-------+-------------+------------+-------+-------+
; Recovery Relationship     ; 20.000 ;       ;             ;            ;       ;       ;
; Clock Skew                ; -0.094 ;       ;             ;            ;       ;       ;
; Data Delay                ; 5.256  ;       ;             ;            ;       ;       ;
; Number of Logic Levels    ;        ; 1     ;             ;            ;       ;       ;
; Physical Delays           ;        ;       ;             ;            ;       ;       ;
;  Arrival Path             ;        ;       ;             ;            ;       ;       ;
;   Clock                   ;        ;       ;             ;            ;       ;       ;
;    Clock Network (Lumped) ;        ; 1     ; 3.611       ; 100        ; 3.611 ; 3.611 ;
;   Data                    ;        ;       ;             ;            ;       ;       ;
;    IC                     ;        ; 2     ; 4.279       ; 81         ; 1.768 ; 2.511 ;
;    Cell                   ;        ; 3     ; 0.770       ; 15         ; 0.000 ; 0.770 ;
;    uTco                   ;        ; 1     ; 0.207       ; 4          ; 0.207 ; 0.207 ;
;  Required Path            ;        ;       ;             ;            ;       ;       ;
;   Clock                   ;        ;       ;             ;            ;       ;       ;
;    Clock Network (Lumped) ;        ; 1     ; 3.481       ; 100        ; 3.481 ; 3.481 ;
+---------------------------+--------+-------+-------------+------------+-------+-------+
Note: Negative delays are omitted from totals when calculating percentages

+----------------------------------------------------------------------------------------------------------------------+
; Data Arrival Path                                                                                                    ;
+---------+---------+----+------+--------+--------------------+--------------------------------------------------------+
; Total   ; Incr    ; RF ; Type ; Fanout ; Location           ; Element                                                ;
+---------+---------+----+------+--------+--------------------+--------------------------------------------------------+
; 0.000   ; 0.000   ;    ;      ;        ;                    ; launch edge time                                       ;
; 3.611   ; 3.611   ;    ;      ;        ;                    ; clock path                                             ;
;   3.611 ;   3.611 ; R  ;      ;        ;                    ; clock network delay                                    ;
; 8.867   ; 5.256   ;    ;      ;        ;                    ; data path                                              ;
;   3.818 ;   0.207 ;    ; uTco ; 1      ; FF_X39_Y20_N1      ; igor_uart_top:system|reset_sync[1]                     ;
;   3.818 ;   0.000 ; FF ; CELL ; 11     ; FF_X39_Y20_N1      ; system|reset_sync[1]|q                                 ;
;   6.329 ;   2.511 ; FF ; IC   ; 1      ; CLKCTRL_G12        ; system|reset_sync[1]~clkctrl|inclk[0]                  ;
;   6.329 ;   0.000 ; FF ; CELL ; 1286   ; CLKCTRL_G12        ; system|reset_sync[1]~clkctrl|outclk                    ;
;   8.097 ;   1.768 ; FF ; IC   ; 7      ; DSPMULT_X48_Y34_N0 ; system|neural|Mult1|auto_generated|mac_mult1|aclr      ;
;   8.867 ;   0.770 ; FF ; CELL ; 1      ; DSPMULT_X48_Y34_N0 ; igor_uart_top:system|igor_neural_core:neural|neuron[1] ;
+---------+---------+----+------+--------+--------------------+--------------------------------------------------------+

+-----------------------------------------------------------------------------------------------------------------------+
; Data Required Path                                                                                                    ;
+----------+---------+----+------+--------+--------------------+--------------------------------------------------------+
; Total    ; Incr    ; RF ; Type ; Fanout ; Location           ; Element                                                ;
+----------+---------+----+------+--------+--------------------+--------------------------------------------------------+
; 20.000   ; 20.000  ;    ;      ;        ;                    ; latch edge time                                        ;
; 23.517   ; 3.517   ;    ;      ;        ;                    ; clock path                                             ;
;   23.481 ;   3.481 ; R  ;      ;        ;                    ; clock network delay                                    ;
;   23.517 ;   0.036 ;    ;      ;        ;                    ; clock pessimism removed                                ;
; 23.497   ; -0.020  ;    ;      ;        ;                    ; clock uncertainty                                      ;
; 23.286   ; -0.211  ;    ; uTsu ; 1      ; DSPMULT_X48_Y34_N0 ; igor_uart_top:system|igor_neural_core:neural|neuron[1] ;
+----------+---------+----+------+--------+--------------------+--------------------------------------------------------+


Path #7: Recovery slack is 14.419 
===============================================================================
+-----------------------------------------------------------------------------+
; Path Summary                                                                ;
+--------------------+--------------------------------------------------------+
; Property           ; Value                                                  ;
+--------------------+--------------------------------------------------------+
; From Node          ; igor_uart_top:system|reset_sync[1]                     ;
; To Node            ; igor_uart_top:system|igor_neural_core:neural|neuron[0] ;
; Launch Clock       ; MAX10_CLK1_50                                          ;
; Latch Clock        ; MAX10_CLK1_50                                          ;
; Data Arrival Time  ; 8.867                                                  ;
; Data Required Time ; 23.286                                                 ;
; Slack              ; 14.419                                                 ;
+--------------------+--------------------------------------------------------+

+---------------------------------------------------------------------------------------+
; Statistics                                                                            ;
+---------------------------+--------+-------+-------------+------------+-------+-------+
; Property                  ; Value  ; Count ; Total Delay ; % of Total ; Min   ; Max   ;
+---------------------------+--------+-------+-------------+------------+-------+-------+
; Recovery Relationship     ; 20.000 ;       ;             ;            ;       ;       ;
; Clock Skew                ; -0.094 ;       ;             ;            ;       ;       ;
; Data Delay                ; 5.256  ;       ;             ;            ;       ;       ;
; Number of Logic Levels    ;        ; 1     ;             ;            ;       ;       ;
; Physical Delays           ;        ;       ;             ;            ;       ;       ;
;  Arrival Path             ;        ;       ;             ;            ;       ;       ;
;   Clock                   ;        ;       ;             ;            ;       ;       ;
;    Clock Network (Lumped) ;        ; 1     ; 3.611       ; 100        ; 3.611 ; 3.611 ;
;   Data                    ;        ;       ;             ;            ;       ;       ;
;    IC                     ;        ; 2     ; 4.279       ; 81         ; 1.768 ; 2.511 ;
;    Cell                   ;        ; 3     ; 0.770       ; 15         ; 0.000 ; 0.770 ;
;    uTco                   ;        ; 1     ; 0.207       ; 4          ; 0.207 ; 0.207 ;
;  Required Path            ;        ;       ;             ;            ;       ;       ;
;   Clock                   ;        ;       ;             ;            ;       ;       ;
;    Clock Network (Lumped) ;        ; 1     ; 3.481       ; 100        ; 3.481 ; 3.481 ;
+---------------------------+--------+-------+-------------+------------+-------+-------+
Note: Negative delays are omitted from totals when calculating percentages

+----------------------------------------------------------------------------------------------------------------------+
; Data Arrival Path                                                                                                    ;
+---------+---------+----+------+--------+--------------------+--------------------------------------------------------+
; Total   ; Incr    ; RF ; Type ; Fanout ; Location           ; Element                                                ;
+---------+---------+----+------+--------+--------------------+--------------------------------------------------------+
; 0.000   ; 0.000   ;    ;      ;        ;                    ; launch edge time                                       ;
; 3.611   ; 3.611   ;    ;      ;        ;                    ; clock path                                             ;
;   3.611 ;   3.611 ; R  ;      ;        ;                    ; clock network delay                                    ;
; 8.867   ; 5.256   ;    ;      ;        ;                    ; data path                                              ;
;   3.818 ;   0.207 ;    ; uTco ; 1      ; FF_X39_Y20_N1      ; igor_uart_top:system|reset_sync[1]                     ;
;   3.818 ;   0.000 ; FF ; CELL ; 11     ; FF_X39_Y20_N1      ; system|reset_sync[1]|q                                 ;
;   6.329 ;   2.511 ; FF ; IC   ; 1      ; CLKCTRL_G12        ; system|reset_sync[1]~clkctrl|inclk[0]                  ;
;   6.329 ;   0.000 ; FF ; CELL ; 1286   ; CLKCTRL_G12        ; system|reset_sync[1]~clkctrl|outclk                    ;
;   8.097 ;   1.768 ; FF ; IC   ; 7      ; DSPMULT_X48_Y34_N0 ; system|neural|Mult1|auto_generated|mac_mult1|aclr      ;
;   8.867 ;   0.770 ; FF ; CELL ; 1      ; DSPMULT_X48_Y34_N0 ; igor_uart_top:system|igor_neural_core:neural|neuron[0] ;
+---------+---------+----+------+--------+--------------------+--------------------------------------------------------+

+-----------------------------------------------------------------------------------------------------------------------+
; Data Required Path                                                                                                    ;
+----------+---------+----+------+--------+--------------------+--------------------------------------------------------+
; Total    ; Incr    ; RF ; Type ; Fanout ; Location           ; Element                                                ;
+----------+---------+----+------+--------+--------------------+--------------------------------------------------------+
; 20.000   ; 20.000  ;    ;      ;        ;                    ; latch edge time                                        ;
; 23.517   ; 3.517   ;    ;      ;        ;                    ; clock path                                             ;
;   23.481 ;   3.481 ; R  ;      ;        ;                    ; clock network delay                                    ;
;   23.517 ;   0.036 ;    ;      ;        ;                    ; clock pessimism removed                                ;
; 23.497   ; -0.020  ;    ;      ;        ;                    ; clock uncertainty                                      ;
; 23.286   ; -0.211  ;    ; uTsu ; 1      ; DSPMULT_X48_Y34_N0 ; igor_uart_top:system|igor_neural_core:neural|neuron[0] ;
+----------+---------+----+------+--------+--------------------+--------------------------------------------------------+


Path #8: Recovery slack is 14.437 
===============================================================================
+------------------------------------------------------------------------------------------------------------+
; Path Summary                                                                                               ;
+--------------------+---------------------------------------------------------------------------------------+
; Property           ; Value                                                                                 ;
+--------------------+---------------------------------------------------------------------------------------+
; From Node          ; igor_uart_top:system|reset_sync[1]                                                    ;
; To Node            ; igor_uart_top:system|igor_top:core|igor_rollout_tile:tiles[0].tile|candidate_index[8] ;
; Launch Clock       ; MAX10_CLK1_50                                                                         ;
; Latch Clock        ; MAX10_CLK1_50                                                                         ;
; Data Arrival Time  ; 8.854                                                                                 ;
; Data Required Time ; 23.291                                                                                ;
; Slack              ; 14.437                                                                                ;
+--------------------+---------------------------------------------------------------------------------------+

+---------------------------------------------------------------------------------------+
; Statistics                                                                            ;
+---------------------------+--------+-------+-------------+------------+-------+-------+
; Property                  ; Value  ; Count ; Total Delay ; % of Total ; Min   ; Max   ;
+---------------------------+--------+-------+-------------+------------+-------+-------+
; Recovery Relationship     ; 20.000 ;       ;             ;            ;       ;       ;
; Clock Skew                ; -0.089 ;       ;             ;            ;       ;       ;
; Data Delay                ; 5.243  ;       ;             ;            ;       ;       ;
; Number of Logic Levels    ;        ; 1     ;             ;            ;       ;       ;
; Physical Delays           ;        ;       ;             ;            ;       ;       ;
;  Arrival Path             ;        ;       ;             ;            ;       ;       ;
;   Clock                   ;        ;       ;             ;            ;       ;       ;
;    Clock Network (Lumped) ;        ; 1     ; 3.611       ; 100        ; 3.611 ; 3.611 ;
;   Data                    ;        ;       ;             ;            ;       ;       ;
;    IC                     ;        ; 2     ; 4.266       ; 81         ; 1.755 ; 2.511 ;
;    Cell                   ;        ; 3     ; 0.770       ; 15         ; 0.000 ; 0.770 ;
;    uTco                   ;        ; 1     ; 0.207       ; 4          ; 0.207 ; 0.207 ;
;  Required Path            ;        ;       ;             ;            ;       ;       ;
;   Clock                   ;        ;       ;             ;            ;       ;       ;
;    Clock Network (Lumped) ;        ; 1     ; 3.486       ; 100        ; 3.486 ; 3.486 ;
+---------------------------+--------+-------+-------------+------------+-------+-------+
Note: Negative delays are omitted from totals when calculating percentages

+----------------------------------------------------------------------------------------------------------------------------------------------------+
; Data Arrival Path                                                                                                                                  ;
+---------+---------+----+------+--------+-------------------+---------------------------------------------------------------------------------------+
; Total   ; Incr    ; RF ; Type ; Fanout ; Location          ; Element                                                                               ;
+---------+---------+----+------+--------+-------------------+---------------------------------------------------------------------------------------+
; 0.000   ; 0.000   ;    ;      ;        ;                   ; launch edge time                                                                      ;
; 3.611   ; 3.611   ;    ;      ;        ;                   ; clock path                                                                            ;
;   3.611 ;   3.611 ; R  ;      ;        ;                   ; clock network delay                                                                   ;
; 8.854   ; 5.243   ;    ;      ;        ;                   ; data path                                                                             ;
;   3.818 ;   0.207 ;    ; uTco ; 1      ; FF_X39_Y20_N1     ; igor_uart_top:system|reset_sync[1]                                                    ;
;   3.818 ;   0.000 ; FF ; CELL ; 11     ; FF_X39_Y20_N1     ; system|reset_sync[1]|q                                                                ;
;   6.329 ;   2.511 ; FF ; IC   ; 1      ; CLKCTRL_G12       ; system|reset_sync[1]~clkctrl|inclk[0]                                                 ;
;   6.329 ;   0.000 ; FF ; CELL ; 1286   ; CLKCTRL_G12       ; system|reset_sync[1]~clkctrl|outclk                                                   ;
;   8.084 ;   1.755 ; FF ; IC   ; 4      ; DSPMULT_X48_Y5_N0 ; system|core|tiles[0].tile|stepper|Mult1|auto_generated|mac_mult1|aclr                 ;
;   8.854 ;   0.770 ; FF ; CELL ; 1      ; DSPMULT_X48_Y5_N0 ; igor_uart_top:system|igor_top:core|igor_rollout_tile:tiles[0].tile|candidate_index[8] ;
+---------+---------+----+------+--------+-------------------+---------------------------------------------------------------------------------------+

+-----------------------------------------------------------------------------------------------------------------------------------------------------+
; Data Required Path                                                                                                                                  ;
+----------+---------+----+------+--------+-------------------+---------------------------------------------------------------------------------------+
; Total    ; Incr    ; RF ; Type ; Fanout ; Location          ; Element                                                                               ;
+----------+---------+----+------+--------+-------------------+---------------------------------------------------------------------------------------+
; 20.000   ; 20.000  ;    ;      ;        ;                   ; latch edge time                                                                       ;
; 23.522   ; 3.522   ;    ;      ;        ;                   ; clock path                                                                            ;
;   23.486 ;   3.486 ; R  ;      ;        ;                   ; clock network delay                                                                   ;
;   23.522 ;   0.036 ;    ;      ;        ;                   ; clock pessimism removed                                                               ;
; 23.502   ; -0.020  ;    ;      ;        ;                   ; clock uncertainty                                                                     ;
; 23.291   ; -0.211  ;    ; uTsu ; 1      ; DSPMULT_X48_Y5_N0 ; igor_uart_top:system|igor_top:core|igor_rollout_tile:tiles[0].tile|candidate_index[8] ;
+----------+---------+----+------+--------+-------------------+---------------------------------------------------------------------------------------+


Path #9: Recovery slack is 14.437 
===============================================================================
+------------------------------------------------------------------------------------------------------------+
; Path Summary                                                                                               ;
+--------------------+---------------------------------------------------------------------------------------+
; Property           ; Value                                                                                 ;
+--------------------+---------------------------------------------------------------------------------------+
; From Node          ; igor_uart_top:system|reset_sync[1]                                                    ;
; To Node            ; igor_uart_top:system|igor_top:core|igor_rollout_tile:tiles[0].tile|candidate_index[7] ;
; Launch Clock       ; MAX10_CLK1_50                                                                         ;
; Latch Clock        ; MAX10_CLK1_50                                                                         ;
; Data Arrival Time  ; 8.854                                                                                 ;
; Data Required Time ; 23.291                                                                                ;
; Slack              ; 14.437                                                                                ;
+--------------------+---------------------------------------------------------------------------------------+

+---------------------------------------------------------------------------------------+
; Statistics                                                                            ;
+---------------------------+--------+-------+-------------+------------+-------+-------+
; Property                  ; Value  ; Count ; Total Delay ; % of Total ; Min   ; Max   ;
+---------------------------+--------+-------+-------------+------------+-------+-------+
; Recovery Relationship     ; 20.000 ;       ;             ;            ;       ;       ;
; Clock Skew                ; -0.089 ;       ;             ;            ;       ;       ;
; Data Delay                ; 5.243  ;       ;             ;            ;       ;       ;
; Number of Logic Levels    ;        ; 1     ;             ;            ;       ;       ;
; Physical Delays           ;        ;       ;             ;            ;       ;       ;
;  Arrival Path             ;        ;       ;             ;            ;       ;       ;
;   Clock                   ;        ;       ;             ;            ;       ;       ;
;    Clock Network (Lumped) ;        ; 1     ; 3.611       ; 100        ; 3.611 ; 3.611 ;
;   Data                    ;        ;       ;             ;            ;       ;       ;
;    IC                     ;        ; 2     ; 4.266       ; 81         ; 1.755 ; 2.511 ;
;    Cell                   ;        ; 3     ; 0.770       ; 15         ; 0.000 ; 0.770 ;
;    uTco                   ;        ; 1     ; 0.207       ; 4          ; 0.207 ; 0.207 ;
;  Required Path            ;        ;       ;             ;            ;       ;       ;
;   Clock                   ;        ;       ;             ;            ;       ;       ;
;    Clock Network (Lumped) ;        ; 1     ; 3.486       ; 100        ; 3.486 ; 3.486 ;
+---------------------------+--------+-------+-------------+------------+-------+-------+
Note: Negative delays are omitted from totals when calculating percentages

+----------------------------------------------------------------------------------------------------------------------------------------------------+
; Data Arrival Path                                                                                                                                  ;
+---------+---------+----+------+--------+-------------------+---------------------------------------------------------------------------------------+
; Total   ; Incr    ; RF ; Type ; Fanout ; Location          ; Element                                                                               ;
+---------+---------+----+------+--------+-------------------+---------------------------------------------------------------------------------------+
; 0.000   ; 0.000   ;    ;      ;        ;                   ; launch edge time                                                                      ;
; 3.611   ; 3.611   ;    ;      ;        ;                   ; clock path                                                                            ;
;   3.611 ;   3.611 ; R  ;      ;        ;                   ; clock network delay                                                                   ;
; 8.854   ; 5.243   ;    ;      ;        ;                   ; data path                                                                             ;
;   3.818 ;   0.207 ;    ; uTco ; 1      ; FF_X39_Y20_N1     ; igor_uart_top:system|reset_sync[1]                                                    ;
;   3.818 ;   0.000 ; FF ; CELL ; 11     ; FF_X39_Y20_N1     ; system|reset_sync[1]|q                                                                ;
;   6.329 ;   2.511 ; FF ; IC   ; 1      ; CLKCTRL_G12       ; system|reset_sync[1]~clkctrl|inclk[0]                                                 ;
;   6.329 ;   0.000 ; FF ; CELL ; 1286   ; CLKCTRL_G12       ; system|reset_sync[1]~clkctrl|outclk                                                   ;
;   8.084 ;   1.755 ; FF ; IC   ; 4      ; DSPMULT_X48_Y5_N0 ; system|core|tiles[0].tile|stepper|Mult1|auto_generated|mac_mult1|aclr                 ;
;   8.854 ;   0.770 ; FF ; CELL ; 1      ; DSPMULT_X48_Y5_N0 ; igor_uart_top:system|igor_top:core|igor_rollout_tile:tiles[0].tile|candidate_index[7] ;
+---------+---------+----+------+--------+-------------------+---------------------------------------------------------------------------------------+

+-----------------------------------------------------------------------------------------------------------------------------------------------------+
; Data Required Path                                                                                                                                  ;
+----------+---------+----+------+--------+-------------------+---------------------------------------------------------------------------------------+
; Total    ; Incr    ; RF ; Type ; Fanout ; Location          ; Element                                                                               ;
+----------+---------+----+------+--------+-------------------+---------------------------------------------------------------------------------------+
; 20.000   ; 20.000  ;    ;      ;        ;                   ; latch edge time                                                                       ;
; 23.522   ; 3.522   ;    ;      ;        ;                   ; clock path                                                                            ;
;   23.486 ;   3.486 ; R  ;      ;        ;                   ; clock network delay                                                                   ;
;   23.522 ;   0.036 ;    ;      ;        ;                   ; clock pessimism removed                                                               ;
; 23.502   ; -0.020  ;    ;      ;        ;                   ; clock uncertainty                                                                     ;
; 23.291   ; -0.211  ;    ; uTsu ; 1      ; DSPMULT_X48_Y5_N0 ; igor_uart_top:system|igor_top:core|igor_rollout_tile:tiles[0].tile|candidate_index[7] ;
+----------+---------+----+------+--------+-------------------+---------------------------------------------------------------------------------------+


Path #10: Recovery slack is 14.437 
===============================================================================
+------------------------------------------------------------------------------------------------------------+
; Path Summary                                                                                               ;
+--------------------+---------------------------------------------------------------------------------------+
; Property           ; Value                                                                                 ;
+--------------------+---------------------------------------------------------------------------------------+
; From Node          ; igor_uart_top:system|reset_sync[1]                                                    ;
; To Node            ; igor_uart_top:system|igor_top:core|igor_rollout_tile:tiles[0].tile|candidate_index[6] ;
; Launch Clock       ; MAX10_CLK1_50                                                                         ;
; Latch Clock        ; MAX10_CLK1_50                                                                         ;
; Data Arrival Time  ; 8.854                                                                                 ;
; Data Required Time ; 23.291                                                                                ;
; Slack              ; 14.437                                                                                ;
+--------------------+---------------------------------------------------------------------------------------+

+---------------------------------------------------------------------------------------+
; Statistics                                                                            ;
+---------------------------+--------+-------+-------------+------------+-------+-------+
; Property                  ; Value  ; Count ; Total Delay ; % of Total ; Min   ; Max   ;
+---------------------------+--------+-------+-------------+------------+-------+-------+
; Recovery Relationship     ; 20.000 ;       ;             ;            ;       ;       ;
; Clock Skew                ; -0.089 ;       ;             ;            ;       ;       ;
; Data Delay                ; 5.243  ;       ;             ;            ;       ;       ;
; Number of Logic Levels    ;        ; 1     ;             ;            ;       ;       ;
; Physical Delays           ;        ;       ;             ;            ;       ;       ;
;  Arrival Path             ;        ;       ;             ;            ;       ;       ;
;   Clock                   ;        ;       ;             ;            ;       ;       ;
;    Clock Network (Lumped) ;        ; 1     ; 3.611       ; 100        ; 3.611 ; 3.611 ;
;   Data                    ;        ;       ;             ;            ;       ;       ;
;    IC                     ;        ; 2     ; 4.266       ; 81         ; 1.755 ; 2.511 ;
;    Cell                   ;        ; 3     ; 0.770       ; 15         ; 0.000 ; 0.770 ;
;    uTco                   ;        ; 1     ; 0.207       ; 4          ; 0.207 ; 0.207 ;
;  Required Path            ;        ;       ;             ;            ;       ;       ;
;   Clock                   ;        ;       ;             ;            ;       ;       ;
;    Clock Network (Lumped) ;        ; 1     ; 3.486       ; 100        ; 3.486 ; 3.486 ;
+---------------------------+--------+-------+-------------+------------+-------+-------+
Note: Negative delays are omitted from totals when calculating percentages

+----------------------------------------------------------------------------------------------------------------------------------------------------+
; Data Arrival Path                                                                                                                                  ;
+---------+---------+----+------+--------+-------------------+---------------------------------------------------------------------------------------+
; Total   ; Incr    ; RF ; Type ; Fanout ; Location          ; Element                                                                               ;
+---------+---------+----+------+--------+-------------------+---------------------------------------------------------------------------------------+
; 0.000   ; 0.000   ;    ;      ;        ;                   ; launch edge time                                                                      ;
; 3.611   ; 3.611   ;    ;      ;        ;                   ; clock path                                                                            ;
;   3.611 ;   3.611 ; R  ;      ;        ;                   ; clock network delay                                                                   ;
; 8.854   ; 5.243   ;    ;      ;        ;                   ; data path                                                                             ;
;   3.818 ;   0.207 ;    ; uTco ; 1      ; FF_X39_Y20_N1     ; igor_uart_top:system|reset_sync[1]                                                    ;
;   3.818 ;   0.000 ; FF ; CELL ; 11     ; FF_X39_Y20_N1     ; system|reset_sync[1]|q                                                                ;
;   6.329 ;   2.511 ; FF ; IC   ; 1      ; CLKCTRL_G12       ; system|reset_sync[1]~clkctrl|inclk[0]                                                 ;
;   6.329 ;   0.000 ; FF ; CELL ; 1286   ; CLKCTRL_G12       ; system|reset_sync[1]~clkctrl|outclk                                                   ;
;   8.084 ;   1.755 ; FF ; IC   ; 4      ; DSPMULT_X48_Y5_N0 ; system|core|tiles[0].tile|stepper|Mult1|auto_generated|mac_mult1|aclr                 ;
;   8.854 ;   0.770 ; FF ; CELL ; 1      ; DSPMULT_X48_Y5_N0 ; igor_uart_top:system|igor_top:core|igor_rollout_tile:tiles[0].tile|candidate_index[6] ;
+---------+---------+----+------+--------+-------------------+---------------------------------------------------------------------------------------+

+-----------------------------------------------------------------------------------------------------------------------------------------------------+
; Data Required Path                                                                                                                                  ;
+----------+---------+----+------+--------+-------------------+---------------------------------------------------------------------------------------+
; Total    ; Incr    ; RF ; Type ; Fanout ; Location          ; Element                                                                               ;
+----------+---------+----+------+--------+-------------------+---------------------------------------------------------------------------------------+
; 20.000   ; 20.000  ;    ;      ;        ;                   ; latch edge time                                                                       ;
; 23.522   ; 3.522   ;    ;      ;        ;                   ; clock path                                                                            ;
;   23.486 ;   3.486 ; R  ;      ;        ;                   ; clock network delay                                                                   ;
;   23.522 ;   0.036 ;    ;      ;        ;                   ; clock pessimism removed                                                               ;
; 23.502   ; -0.020  ;    ;      ;        ;                   ; clock uncertainty                                                                     ;
; 23.291   ; -0.211  ;    ; uTsu ; 1      ; DSPMULT_X48_Y5_N0 ; igor_uart_top:system|igor_top:core|igor_rollout_tile:tiles[0].tile|candidate_index[6] ;
+----------+---------+----+------+--------+-------------------+---------------------------------------------------------------------------------------+


