----------------
; Command Info ;
----------------
Report Timing: Found 10 removal paths (0 violated).  Worst case slack is 4.049 

Tcl Command:
    report_timing -removal -file reports/removal.rpt -npaths 10

Options:
    -removal 
    -npaths 10 
    -file {reports/removal.rpt} 

Delay Model:
    Slow 1200mV 85C Model

+------------------------------------------------------------------------------------------------------------------------------------------------------------------------+
; Summary of Paths                                                                                                                                                       ;
+-------+------------------------------------+--------------------------------------------------+---------------+---------------+--------------+------------+------------+
; Slack ; From Node                          ; To Node                                          ; Launch Clock  ; Latch Clock   ; Relationship ; Clock Skew ; Data Delay ;
+-------+------------------------------------+--------------------------------------------------+---------------+---------------+--------------+------------+------------+
; 4.049 ; igor_uart_top:system|reset_sync[1] ; igor_uart_top:system|igor_top:core|previous_v[3] ; MAX10_CLK1_50 ; MAX10_CLK1_50 ; 0.000        ; 0.567      ; 4.790      ;
; 4.049 ; igor_uart_top:system|reset_sync[1] ; igor_uart_top:system|igor_top:core|previous_w[1] ; MAX10_CLK1_50 ; MAX10_CLK1_50 ; 0.000        ; 0.567      ; 4.790      ;
; 4.049 ; igor_uart_top:system|reset_sync[1] ; igor_uart_top:system|igor_top:core|previous_w[2] ; MAX10_CLK1_50 ; MAX10_CLK1_50 ; 0.000        ; 0.567      ; 4.790      ;
; 4.049 ; igor_uart_top:system|reset_sync[1] ; igor_uart_top:system|igor_top:core|previous_w[3] ; MAX10_CLK1_50 ; MAX10_CLK1_50 ; 0.000        ; 0.567      ; 4.790      ;
; 4.049 ; igor_uart_top:system|reset_sync[1] ; igor_uart_top:system|igor_top:core|previous_w[4] ; MAX10_CLK1_50 ; MAX10_CLK1_50 ; 0.000        ; 0.567      ; 4.790      ;
; 4.049 ; igor_uart_top:system|reset_sync[1] ; igor_uart_top:system|igor_top:core|previous_w[5] ; MAX10_CLK1_50 ; MAX10_CLK1_50 ; 0.000        ; 0.567      ; 4.790      ;
; 4.049 ; igor_uart_top:system|reset_sync[1] ; igor_uart_top:system|igor_top:core|previous_w[6] ; MAX10_CLK1_50 ; MAX10_CLK1_50 ; 0.000        ; 0.567      ; 4.790      ;
; 4.049 ; igor_uart_top:system|reset_sync[1] ; igor_uart_top:system|igor_top:core|previous_v[0] ; MAX10_CLK1_50 ; MAX10_CLK1_50 ; 0.000        ; 0.567      ; 4.790      ;
; 4.049 ; igor_uart_top:system|reset_sync[1] ; igor_uart_top:system|igor_top:core|previous_w[0] ; MAX10_CLK1_50 ; MAX10_CLK1_50 ; 0.000        ; 0.567      ; 4.790      ;
; 4.058 ; igor_uart_top:system|reset_sync[1] ; igor_uart_top:system|igor_top:core|previous_v[2] ; MAX10_CLK1_50 ; MAX10_CLK1_50 ; 0.000        ; 0.558      ; 4.790      ;
+-------+------------------------------------+--------------------------------------------------+---------------+---------------+--------------+------------+------------+

Path #1: Removal slack is 4.049 
===============================================================================
+-----------------------------------------------------------------------+
; Path Summary                                                          ;
+--------------------+--------------------------------------------------+
; Property           ; Value                                            ;
+--------------------+--------------------------------------------------+
; From Node          ; igor_uart_top:system|reset_sync[1]               ;
; To Node            ; igor_uart_top:system|igor_top:core|previous_v[3] ;
; Launch Clock       ; MAX10_CLK1_50                                    ;
; Latch Clock        ; MAX10_CLK1_50                                    ;
; Data Arrival Time  ; 8.273                                            ;
; Data Required Time ; 4.224                                            ;
; Slack              ; 4.049                                            ;
+--------------------+--------------------------------------------------+

+--------------------------------------------------------------------------------------+
; Statistics                                                                           ;
+---------------------------+-------+-------+-------------+------------+-------+-------+
; Property                  ; Value ; Count ; Total Delay ; % of Total ; Min   ; Max   ;
+---------------------------+-------+-------+-------------+------------+-------+-------+
; Removal Relationship      ; 0.000 ;       ;             ;            ;       ;       ;
; Clock Skew                ; 0.567 ;       ;             ;            ;       ;       ;
; Data Delay                ; 4.790 ;       ;             ;            ;       ;       ;
; Number of Logic Levels    ;       ; 1     ;             ;            ;       ;       ;
; Physical Delays           ;       ;       ;             ;            ;       ;       ;
;  Arrival Path             ;       ;       ;             ;            ;       ;       ;
;   Clock                   ;       ;       ;             ;            ;       ;       ;
;    Clock Network (Lumped) ;       ; 1     ; 3.483       ; 100        ; 3.483 ; 3.483 ;
;   Data                    ;       ;       ;             ;            ;       ;       ;
;    IC                     ;       ; 2     ; 3.872       ; 81         ; 1.544 ; 2.328 ;
;    Cell                   ;       ; 3     ; 0.711       ; 15         ; 0.000 ; 0.711 ;
;    uTco                   ;       ; 1     ; 0.207       ; 4          ; 0.207 ; 0.207 ;
;  Required Path            ;       ;       ;             ;            ;       ;       ;
;   Clock                   ;       ;       ;             ;            ;       ;       ;
;    Clock Network (Lumped) ;       ; 1     ; 4.108       ; 100        ; 4.108 ; 4.108 ;
+---------------------------+-------+-------+-------------+------------+-------+-------+
Note: Negative delays are omitted from totals when calculating percentages

+------------------------------------------------------------------------------------------------------------+
; Data Arrival Path                                                                                          ;
+---------+---------+----+------+--------+----------------+--------------------------------------------------+
; Total   ; Incr    ; RF ; Type ; Fanout ; Location       ; Element                                          ;
+---------+---------+----+------+--------+----------------+--------------------------------------------------+
; 0.000   ; 0.000   ;    ;      ;        ;                ; launch edge time                                 ;
; 3.483   ; 3.483   ;    ;      ;        ;                ; clock path                                       ;
;   3.483 ;   3.483 ; R  ;      ;        ;                ; clock network delay                              ;
; 8.273   ; 4.790   ;    ;      ;        ;                ; data path                                        ;
;   3.690 ;   0.207 ;    ; uTco ; 1      ; FF_X39_Y20_N1  ; igor_uart_top:system|reset_sync[1]               ;
;   3.690 ;   0.000 ; RR ; CELL ; 11     ; FF_X39_Y20_N1  ; system|reset_sync[1]|q                           ;
;   6.018 ;   2.328 ; RR ; IC   ; 1      ; CLKCTRL_G12    ; system|reset_sync[1]~clkctrl|inclk[0]            ;
;   6.018 ;   0.000 ; RR ; CELL ; 1286   ; CLKCTRL_G12    ; system|reset_sync[1]~clkctrl|outclk              ;
;   7.562 ;   1.544 ; RR ; IC   ; 1      ; FF_X37_Y17_N23 ; system|core|previous_v[3]|clrn                   ;
;   8.273 ;   0.711 ; RR ; CELL ; 1      ; FF_X37_Y17_N23 ; igor_uart_top:system|igor_top:core|previous_v[3] ;
+---------+---------+----+------+--------+----------------+--------------------------------------------------+

+-------------------------------------------------------------------------------------------------------------+
; Data Required Path                                                                                          ;
+---------+----------+----+------+--------+----------------+--------------------------------------------------+
; Total   ; Incr     ; RF ; Type ; Fanout ; Location       ; Element                                          ;
+---------+----------+----+------+--------+----------------+--------------------------------------------------+
; 0.000   ; 0.000    ;    ;      ;        ;                ; latch edge time                                  ;
; 4.050   ; 4.050    ;    ;      ;        ;                ; clock path                                       ;
;   4.108 ;   4.108  ; R  ;      ;        ;                ; clock network delay                              ;
;   4.050 ;   -0.058 ;    ;      ;        ;                ; clock pessimism removed                          ;
; 4.050   ; 0.000    ;    ;      ;        ;                ; clock uncertainty                                ;
; 4.224   ; 0.174    ;    ; uTh  ; 1      ; FF_X37_Y17_N23 ; igor_uart_top:system|igor_top:core|previous_v[3] ;
+---------+----------+----+------+--------+----------------+--------------------------------------------------+


Path #2: Removal slack is 4.049 
===============================================================================
+-----------------------------------------------------------------------+
; Path Summary                                                          ;
+--------------------+--------------------------------------------------+
; Property           ; Value                                            ;
+--------------------+--------------------------------------------------+
; From Node          ; igor_uart_top:system|reset_sync[1]               ;
; To Node            ; igor_uart_top:system|igor_top:core|previous_w[1] ;
; Launch Clock       ; MAX10_CLK1_50                                    ;
; Latch Clock        ; MAX10_CLK1_50                                    ;
; Data Arrival Time  ; 8.273                                            ;
; Data Required Time ; 4.224                                            ;
; Slack              ; 4.049                                            ;
+--------------------+--------------------------------------------------+

+--------------------------------------------------------------------------------------+
; Statistics                                                                           ;
+---------------------------+-------+-------+-------------+------------+-------+-------+
; Property                  ; Value ; Count ; Total Delay ; % of Total ; Min   ; Max   ;
+---------------------------+-------+-------+-------------+------------+-------+-------+
; Removal Relationship      ; 0.000 ;       ;             ;            ;       ;       ;
; Clock Skew                ; 0.567 ;       ;             ;            ;       ;       ;
; Data Delay                ; 4.790 ;       ;             ;            ;       ;       ;
; Number of Logic Levels    ;       ; 1     ;             ;            ;       ;       ;
; Physical Delays           ;       ;       ;             ;            ;       ;       ;
;  Arrival Path             ;       ;       ;             ;            ;       ;       ;
;   Clock                   ;       ;       ;             ;            ;       ;       ;
;    Clock Network (Lumped) ;       ; 1     ; 3.483       ; 100        ; 3.483 ; 3.483 ;
;   Data                    ;       ;       ;             ;            ;       ;       ;
;    IC                     ;       ; 2     ; 3.872       ; 81         ; 1.544 ; 2.328 ;
;    Cell                   ;       ; 3     ; 0.711       ; 15         ; 0.000 ; 0.711 ;
;    uTco                   ;       ; 1     ; 0.207       ; 4          ; 0.207 ; 0.207 ;
;  Required Path            ;       ;       ;             ;            ;       ;       ;
;   Clock                   ;       ;       ;             ;            ;       ;       ;
;    Clock Network (Lumped) ;       ; 1     ; 4.108       ; 100        ; 4.108 ; 4.108 ;
+---------------------------+-------+-------+-------------+------------+-------+-------+
Note: Negative delays are omitted from totals when calculating percentages

+------------------------------------------------------------------------------------------------------------+
; Data Arrival Path                                                                                          ;
+---------+---------+----+------+--------+----------------+--------------------------------------------------+
; Total   ; Incr    ; RF ; Type ; Fanout ; Location       ; Element                                          ;
+---------+---------+----+------+--------+----------------+--------------------------------------------------+
; 0.000   ; 0.000   ;    ;      ;        ;                ; launch edge time                                 ;
; 3.483   ; 3.483   ;    ;      ;        ;                ; clock path                                       ;
;   3.483 ;   3.483 ; R  ;      ;        ;                ; clock network delay                              ;
; 8.273   ; 4.790   ;    ;      ;        ;                ; data path                                        ;
;   3.690 ;   0.207 ;    ; uTco ; 1      ; FF_X39_Y20_N1  ; igor_uart_top:system|reset_sync[1]               ;
;   3.690 ;   0.000 ; RR ; CELL ; 11     ; FF_X39_Y20_N1  ; system|reset_sync[1]|q                           ;
;   6.018 ;   2.328 ; RR ; IC   ; 1      ; CLKCTRL_G12    ; system|reset_sync[1]~clkctrl|inclk[0]            ;
;   6.018 ;   0.000 ; RR ; CELL ; 1286   ; CLKCTRL_G12    ; system|reset_sync[1]~clkctrl|outclk              ;
;   7.562 ;   1.544 ; RR ; IC   ; 1      ; FF_X37_Y17_N17 ; system|core|previous_w[1]|clrn                   ;
;   8.273 ;   0.711 ; RR ; CELL ; 1      ; FF_X37_Y17_N17 ; igor_uart_top:system|igor_top:core|previous_w[1] ;
+---------+---------+----+------+--------+----------------+--------------------------------------------------+

+-------------------------------------------------------------------------------------------------------------+
; Data Required Path                                                                                          ;
+---------+----------+----+------+--------+----------------+--------------------------------------------------+
; Total   ; Incr     ; RF ; Type ; Fanout ; Location       ; Element                                          ;
+---------+----------+----+------+--------+----------------+--------------------------------------------------+
; 0.000   ; 0.000    ;    ;      ;        ;                ; latch edge time                                  ;
; 4.050   ; 4.050    ;    ;      ;        ;                ; clock path                                       ;
;   4.108 ;   4.108  ; R  ;      ;        ;                ; clock network delay                              ;
;   4.050 ;   -0.058 ;    ;      ;        ;                ; clock pessimism removed                          ;
; 4.050   ; 0.000    ;    ;      ;        ;                ; clock uncertainty                                ;
; 4.224   ; 0.174    ;    ; uTh  ; 1      ; FF_X37_Y17_N17 ; igor_uart_top:system|igor_top:core|previous_w[1] ;
+---------+----------+----+------+--------+----------------+--------------------------------------------------+


Path #3: Removal slack is 4.049 
===============================================================================
+-----------------------------------------------------------------------+
; Path Summary                                                          ;
+--------------------+--------------------------------------------------+
; Property           ; Value                                            ;
+--------------------+--------------------------------------------------+
; From Node          ; igor_uart_top:system|reset_sync[1]               ;
; To Node            ; igor_uart_top:system|igor_top:core|previous_w[2] ;
; Launch Clock       ; MAX10_CLK1_50                                    ;
; Latch Clock        ; MAX10_CLK1_50                                    ;
; Data Arrival Time  ; 8.273                                            ;
; Data Required Time ; 4.224                                            ;
; Slack              ; 4.049                                            ;
+--------------------+--------------------------------------------------+

+--------------------------------------------------------------------------------------+
; Statistics                                                                           ;
+---------------------------+-------+-------+-------------+------------+-------+-------+
; Property                  ; Value ; Count ; Total Delay ; % of Total ; Min   ; Max   ;
+---------------------------+-------+-------+-------------+------------+-------+-------+
; Removal Relationship      ; 0.000 ;       ;             ;            ;       ;       ;
; Clock Skew                ; 0.567 ;       ;             ;            ;       ;       ;
; Data Delay                ; 4.790 ;       ;             ;            ;       ;       ;
; Number of Logic Levels    ;       ; 1     ;             ;            ;       ;       ;
; Physical Delays           ;       ;       ;             ;            ;       ;       ;
;  Arrival Path             ;       ;       ;             ;            ;       ;       ;
;   Clock                   ;       ;       ;             ;            ;       ;       ;
;    Clock Network (Lumped) ;       ; 1     ; 3.483       ; 100        ; 3.483 ; 3.483 ;
;   Data                    ;       ;       ;             ;            ;       ;       ;
;    IC                     ;       ; 2     ; 3.872       ; 81         ; 1.544 ; 2.328 ;
;    Cell                   ;       ; 3     ; 0.711       ; 15         ; 0.000 ; 0.711 ;
;    uTco                   ;       ; 1     ; 0.207       ; 4          ; 0.207 ; 0.207 ;
;  Required Path            ;       ;       ;             ;            ;       ;       ;
;   Clock                   ;       ;       ;             ;            ;       ;       ;
;    Clock Network (Lumped) ;       ; 1     ; 4.108       ; 100        ; 4.108 ; 4.108 ;
+---------------------------+-------+-------+-------------+------------+-------+-------+
Note: Negative delays are omitted from totals when calculating percentages

+------------------------------------------------------------------------------------------------------------+
; Data Arrival Path                                                                                          ;
+---------+---------+----+------+--------+----------------+--------------------------------------------------+
; Total   ; Incr    ; RF ; Type ; Fanout ; Location       ; Element                                          ;
+---------+---------+----+------+--------+----------------+--------------------------------------------------+
; 0.000   ; 0.000   ;    ;      ;        ;                ; launch edge time                                 ;
; 3.483   ; 3.483   ;    ;      ;        ;                ; clock path                                       ;
;   3.483 ;   3.483 ; R  ;      ;        ;                ; clock network delay                              ;
; 8.273   ; 4.790   ;    ;      ;        ;                ; data path                                        ;
;   3.690 ;   0.207 ;    ; uTco ; 1      ; FF_X39_Y20_N1  ; igor_uart_top:system|reset_sync[1]               ;
;   3.690 ;   0.000 ; RR ; CELL ; 11     ; FF_X39_Y20_N1  ; system|reset_sync[1]|q                           ;
;   6.018 ;   2.328 ; RR ; IC   ; 1      ; CLKCTRL_G12    ; system|reset_sync[1]~clkctrl|inclk[0]            ;
;   6.018 ;   0.000 ; RR ; CELL ; 1286   ; CLKCTRL_G12    ; system|reset_sync[1]~clkctrl|outclk              ;
;   7.562 ;   1.544 ; RR ; IC   ; 1      ; FF_X37_Y17_N31 ; system|core|previous_w[2]|clrn                   ;
;   8.273 ;   0.711 ; RR ; CELL ; 1      ; FF_X37_Y17_N31 ; igor_uart_top:system|igor_top:core|previous_w[2] ;
+---------+---------+----+------+--------+----------------+--------------------------------------------------+

+-------------------------------------------------------------------------------------------------------------+
; Data Required Path                                                                                          ;
+---------+----------+----+------+--------+----------------+--------------------------------------------------+
; Total   ; Incr     ; RF ; Type ; Fanout ; Location       ; Element                                          ;
+---------+----------+----+------+--------+----------------+--------------------------------------------------+
; 0.000   ; 0.000    ;    ;      ;        ;                ; latch edge time                                  ;
; 4.050   ; 4.050    ;    ;      ;        ;                ; clock path                                       ;
;   4.108 ;   4.108  ; R  ;      ;        ;                ; clock network delay                              ;
;   4.050 ;   -0.058 ;    ;      ;        ;                ; clock pessimism removed                          ;
; 4.050   ; 0.000    ;    ;      ;        ;                ; clock uncertainty                                ;
; 4.224   ; 0.174    ;    ; uTh  ; 1      ; FF_X37_Y17_N31 ; igor_uart_top:system|igor_top:core|previous_w[2] ;
+---------+----------+----+------+--------+----------------+--------------------------------------------------+


Path #4: Removal slack is 4.049 
===============================================================================
+-----------------------------------------------------------------------+
; Path Summary                                                          ;
+--------------------+--------------------------------------------------+
; Property           ; Value                                            ;
+--------------------+--------------------------------------------------+
; From Node          ; igor_uart_top:system|reset_sync[1]               ;
; To Node            ; igor_uart_top:system|igor_top:core|previous_w[3] ;
; Launch Clock       ; MAX10_CLK1_50                                    ;
; Latch Clock        ; MAX10_CLK1_50                                    ;
; Data Arrival Time  ; 8.273                                            ;
; Data Required Time ; 4.224                                            ;
; Slack              ; 4.049                                            ;
+--------------------+--------------------------------------------------+

+--------------------------------------------------------------------------------------+
; Statistics                                                                           ;
+---------------------------+-------+-------+-------------+------------+-------+-------+
; Property                  ; Value ; Count ; Total Delay ; % of Total ; Min   ; Max   ;
+---------------------------+-------+-------+-------------+------------+-------+-------+
; Removal Relationship      ; 0.000 ;       ;             ;            ;       ;       ;
; Clock Skew                ; 0.567 ;       ;             ;            ;       ;       ;
; Data Delay                ; 4.790 ;       ;             ;            ;       ;       ;
; Number of Logic Levels    ;       ; 1     ;             ;            ;       ;       ;
; Physical Delays           ;       ;       ;             ;            ;       ;       ;
;  Arrival Path             ;       ;       ;             ;            ;       ;       ;
;   Clock                   ;       ;       ;             ;            ;       ;       ;
;    Clock Network (Lumped) ;       ; 1     ; 3.483       ; 100        ; 3.483 ; 3.483 ;
;   Data                    ;       ;       ;             ;            ;       ;       ;
;    IC                     ;       ; 2     ; 3.872       ; 81         ; 1.544 ; 2.328 ;
;    Cell                   ;       ; 3     ; 0.711       ; 15         ; 0.000 ; 0.711 ;
;    uTco                   ;       ; 1     ; 0.207       ; 4          ; 0.207 ; 0.207 ;
;  Required Path            ;       ;       ;             ;            ;       ;       ;
;   Clock                   ;       ;       ;             ;            ;       ;       ;
;    Clock Network (Lumped) ;       ; 1     ; 4.108       ; 100        ; 4.108 ; 4.108 ;
+---------------------------+-------+-------+-------------+------------+-------+-------+
Note: Negative delays are omitted from totals when calculating percentages

+------------------------------------------------------------------------------------------------------------+
; Data Arrival Path                                                                                          ;
+---------+---------+----+------+--------+----------------+--------------------------------------------------+
; Total   ; Incr    ; RF ; Type ; Fanout ; Location       ; Element                                          ;
+---------+---------+----+------+--------+----------------+--------------------------------------------------+
; 0.000   ; 0.000   ;    ;      ;        ;                ; launch edge time                                 ;
; 3.483   ; 3.483   ;    ;      ;        ;                ; clock path                                       ;
;   3.483 ;   3.483 ; R  ;      ;        ;                ; clock network delay                              ;
; 8.273   ; 4.790   ;    ;      ;        ;                ; data path                                        ;
;   3.690 ;   0.207 ;    ; uTco ; 1      ; FF_X39_Y20_N1  ; igor_uart_top:system|reset_sync[1]               ;
;   3.690 ;   0.000 ; RR ; CELL ; 11     ; FF_X39_Y20_N1  ; system|reset_sync[1]|q                           ;
;   6.018 ;   2.328 ; RR ; IC   ; 1      ; CLKCTRL_G12    ; system|reset_sync[1]~clkctrl|inclk[0]            ;
;   6.018 ;   0.000 ; RR ; CELL ; 1286   ; CLKCTRL_G12    ; system|reset_sync[1]~clkctrl|outclk              ;
;   7.562 ;   1.544 ; RR ; IC   ; 1      ; FF_X37_Y17_N21 ; system|core|previous_w[3]|clrn                   ;
;   8.273 ;   0.711 ; RR ; CELL ; 1      ; FF_X37_Y17_N21 ; igor_uart_top:system|igor_top:core|previous_w[3] ;
+---------+---------+----+------+--------+----------------+--------------------------------------------------+

+-------------------------------------------------------------------------------------------------------------+
; Data Required Path                                                                                          ;
+---------+----------+----+------+--------+----------------+--------------------------------------------------+
; Total   ; Incr     ; RF ; Type ; Fanout ; Location       ; Element                                          ;
+---------+----------+----+------+--------+----------------+--------------------------------------------------+
; 0.000   ; 0.000    ;    ;      ;        ;                ; latch edge time                                  ;
; 4.050   ; 4.050    ;    ;      ;        ;                ; clock path                                       ;
;   4.108 ;   4.108  ; R  ;      ;        ;                ; clock network delay                              ;
;   4.050 ;   -0.058 ;    ;      ;        ;                ; clock pessimism removed                          ;
; 4.050   ; 0.000    ;    ;      ;        ;                ; clock uncertainty                                ;
; 4.224   ; 0.174    ;    ; uTh  ; 1      ; FF_X37_Y17_N21 ; igor_uart_top:system|igor_top:core|previous_w[3] ;
+---------+----------+----+------+--------+----------------+--------------------------------------------------+


Path #5: Removal slack is 4.049 
===============================================================================
+-----------------------------------------------------------------------+
; Path Summary                                                          ;
+--------------------+--------------------------------------------------+
; Property           ; Value                                            ;
+--------------------+--------------------------------------------------+
; From Node          ; igor_uart_top:system|reset_sync[1]               ;
; To Node            ; igor_uart_top:system|igor_top:core|previous_w[4] ;
; Launch Clock       ; MAX10_CLK1_50                                    ;
; Latch Clock        ; MAX10_CLK1_50                                    ;
; Data Arrival Time  ; 8.273                                            ;
; Data Required Time ; 4.224                                            ;
; Slack              ; 4.049                                            ;
+--------------------+--------------------------------------------------+

+--------------------------------------------------------------------------------------+
; Statistics                                                                           ;
+---------------------------+-------+-------+-------------+------------+-------+-------+
; Property                  ; Value ; Count ; Total Delay ; % of Total ; Min   ; Max   ;
+---------------------------+-------+-------+-------------+------------+-------+-------+
; Removal Relationship      ; 0.000 ;       ;             ;            ;       ;       ;
; Clock Skew                ; 0.567 ;       ;             ;            ;       ;       ;
; Data Delay                ; 4.790 ;       ;             ;            ;       ;       ;
; Number of Logic Levels    ;       ; 1     ;             ;            ;       ;       ;
; Physical Delays           ;       ;       ;             ;            ;       ;       ;
;  Arrival Path             ;       ;       ;             ;            ;       ;       ;
;   Clock                   ;       ;       ;             ;            ;       ;       ;
;    Clock Network (Lumped) ;       ; 1     ; 3.483       ; 100        ; 3.483 ; 3.483 ;
;   Data                    ;       ;       ;             ;            ;       ;       ;
;    IC                     ;       ; 2     ; 3.872       ; 81         ; 1.544 ; 2.328 ;
;    Cell                   ;       ; 3     ; 0.711       ; 15         ; 0.000 ; 0.711 ;
;    uTco                   ;       ; 1     ; 0.207       ; 4          ; 0.207 ; 0.207 ;
;  Required Path            ;       ;       ;             ;            ;       ;       ;
;   Clock                   ;       ;       ;             ;            ;       ;       ;
;    Clock Network (Lumped) ;       ; 1     ; 4.108       ; 100        ; 4.108 ; 4.108 ;
+---------------------------+-------+-------+-------------+------------+-------+-------+
Note: Negative delays are omitted from totals when calculating percentages

+-----------------------------------------------------------------------------------------------------------+
; Data Arrival Path                                                                                         ;
+---------+---------+----+------+--------+---------------+--------------------------------------------------+
; Total   ; Incr    ; RF ; Type ; Fanout ; Location      ; Element                                          ;
+---------+---------+----+------+--------+---------------+--------------------------------------------------+
; 0.000   ; 0.000   ;    ;      ;        ;               ; launch edge time                                 ;
; 3.483   ; 3.483   ;    ;      ;        ;               ; clock path                                       ;
;   3.483 ;   3.483 ; R  ;      ;        ;               ; clock network delay                              ;
; 8.273   ; 4.790   ;    ;      ;        ;               ; data path                                        ;
;   3.690 ;   0.207 ;    ; uTco ; 1      ; FF_X39_Y20_N1 ; igor_uart_top:system|reset_sync[1]               ;
;   3.690 ;   0.000 ; RR ; CELL ; 11     ; FF_X39_Y20_N1 ; system|reset_sync[1]|q                           ;
;   6.018 ;   2.328 ; RR ; IC   ; 1      ; CLKCTRL_G12   ; system|reset_sync[1]~clkctrl|inclk[0]            ;
;   6.018 ;   0.000 ; RR ; CELL ; 1286   ; CLKCTRL_G12   ; system|reset_sync[1]~clkctrl|outclk              ;
;   7.562 ;   1.544 ; RR ; IC   ; 1      ; FF_X37_Y17_N3 ; system|core|previous_w[4]|clrn                   ;
;   8.273 ;   0.711 ; RR ; CELL ; 1      ; FF_X37_Y17_N3 ; igor_uart_top:system|igor_top:core|previous_w[4] ;
+---------+---------+----+------+--------+---------------+--------------------------------------------------+

+------------------------------------------------------------------------------------------------------------+
; Data Required Path                                                                                         ;
+---------+----------+----+------+--------+---------------+--------------------------------------------------+
; Total   ; Incr     ; RF ; Type ; Fanout ; Location      ; Element                                          ;
+---------+----------+----+------+--------+---------------+--------------------------------------------------+
; 0.000   ; 0.000    ;    ;      ;        ;               ; latch edge time                                  ;
; 4.050   ; 4.050    ;    ;      ;        ;               ; clock path                                       ;
;   4.108 ;   4.108  ; R  ;      ;        ;               ; clock network delay                              ;
;   4.050 ;   -0.058 ;    ;      ;        ;               ; clock pessimism removed                          ;
; 4.050   ; 0.000    ;    ;      ;        ;               ; clock uncertainty                                ;
; 4.224   ; 0.174    ;    ; uTh  ; 1      ; FF_X37_Y17_N3 ; igor_uart_top:system|igor_top:core|previous_w[4] ;
+---------+----------+----+------+--------+---------------+--------------------------------------------------+


Path #6: Removal slack is 4.049 
===============================================================================
+-----------------------------------------------------------------------+
; Path Summary                                                          ;
+--------------------+--------------------------------------------------+
; Property           ; Value                                            ;
+--------------------+--------------------------------------------------+
; From Node          ; igor_uart_top:system|reset_sync[1]               ;
; To Node            ; igor_uart_top:system|igor_top:core|previous_w[5] ;
; Launch Clock       ; MAX10_CLK1_50                                    ;
; Latch Clock        ; MAX10_CLK1_50                                    ;
; Data Arrival Time  ; 8.273                                            ;
; Data Required Time ; 4.224                                            ;
; Slack              ; 4.049                                            ;
+--------------------+--------------------------------------------------+

+--------------------------------------------------------------------------------------+
; Statistics                                                                           ;
+---------------------------+-------+-------+-------------+------------+-------+-------+
; Property                  ; Value ; Count ; Total Delay ; % of Total ; Min   ; Max   ;
+---------------------------+-------+-------+-------------+------------+-------+-------+
; Removal Relationship      ; 0.000 ;       ;             ;            ;       ;       ;
; Clock Skew                ; 0.567 ;       ;             ;            ;       ;       ;
; Data Delay                ; 4.790 ;       ;             ;            ;       ;       ;
; Number of Logic Levels    ;       ; 1     ;             ;            ;       ;       ;
; Physical Delays           ;       ;       ;             ;            ;       ;       ;
;  Arrival Path             ;       ;       ;             ;            ;       ;       ;
;   Clock                   ;       ;       ;             ;            ;       ;       ;
;    Clock Network (Lumped) ;       ; 1     ; 3.483       ; 100        ; 3.483 ; 3.483 ;
;   Data                    ;       ;       ;             ;            ;       ;       ;
;    IC                     ;       ; 2     ; 3.872       ; 81         ; 1.544 ; 2.328 ;
;    Cell                   ;       ; 3     ; 0.711       ; 15         ; 0.000 ; 0.711 ;
;    uTco                   ;       ; 1     ; 0.207       ; 4          ; 0.207 ; 0.207 ;
;  Required Path            ;       ;       ;             ;            ;       ;       ;
;   Clock                   ;       ;       ;             ;            ;       ;       ;
;    Clock Network (Lumped) ;       ; 1     ; 4.108       ; 100        ; 4.108 ; 4.108 ;
+---------------------------+-------+-------+-------------+------------+-------+-------+
Note: Negative delays are omitted from totals when calculating percentages

+-----------------------------------------------------------------------------------------------------------+
; Data Arrival Path                                                                                         ;
+---------+---------+----+------+--------+---------------+--------------------------------------------------+
; Total   ; Incr    ; RF ; Type ; Fanout ; Location      ; Element                                          ;
+---------+---------+----+------+--------+---------------+--------------------------------------------------+
; 0.000   ; 0.000   ;    ;      ;        ;               ; launch edge time                                 ;
; 3.483   ; 3.483   ;    ;      ;        ;               ; clock path                                       ;
;   3.483 ;   3.483 ; R  ;      ;        ;               ; clock network delay                              ;
; 8.273   ; 4.790   ;    ;      ;        ;               ; data path                                        ;
;   3.690 ;   0.207 ;    ; uTco ; 1      ; FF_X39_Y20_N1 ; igor_uart_top:system|reset_sync[1]               ;
;   3.690 ;   0.000 ; RR ; CELL ; 11     ; FF_X39_Y20_N1 ; system|reset_sync[1]|q                           ;
;   6.018 ;   2.328 ; RR ; IC   ; 1      ; CLKCTRL_G12   ; system|reset_sync[1]~clkctrl|inclk[0]            ;
;   6.018 ;   0.000 ; RR ; CELL ; 1286   ; CLKCTRL_G12   ; system|reset_sync[1]~clkctrl|outclk              ;
;   7.562 ;   1.544 ; RR ; IC   ; 1      ; FF_X37_Y17_N5 ; system|core|previous_w[5]|clrn                   ;
;   8.273 ;   0.711 ; RR ; CELL ; 1      ; FF_X37_Y17_N5 ; igor_uart_top:system|igor_top:core|previous_w[5] ;
+---------+---------+----+------+--------+---------------+--------------------------------------------------+

+------------------------------------------------------------------------------------------------------------+
; Data Required Path                                                                                         ;
+---------+----------+----+------+--------+---------------+--------------------------------------------------+
; Total   ; Incr     ; RF ; Type ; Fanout ; Location      ; Element                                          ;
+---------+----------+----+------+--------+---------------+--------------------------------------------------+
; 0.000   ; 0.000    ;    ;      ;        ;               ; latch edge time                                  ;
; 4.050   ; 4.050    ;    ;      ;        ;               ; clock path                                       ;
;   4.108 ;   4.108  ; R  ;      ;        ;               ; clock network delay                              ;
;   4.050 ;   -0.058 ;    ;      ;        ;               ; clock pessimism removed                          ;
; 4.050   ; 0.000    ;    ;      ;        ;               ; clock uncertainty                                ;
; 4.224   ; 0.174    ;    ; uTh  ; 1      ; FF_X37_Y17_N5 ; igor_uart_top:system|igor_top:core|previous_w[5] ;
+---------+----------+----+------+--------+---------------+--------------------------------------------------+


Path #7: Removal slack is 4.049 
===============================================================================
+-----------------------------------------------------------------------+
; Path Summary                                                          ;
+--------------------+--------------------------------------------------+
; Property           ; Value                                            ;
+--------------------+--------------------------------------------------+
; From Node          ; igor_uart_top:system|reset_sync[1]               ;
; To Node            ; igor_uart_top:system|igor_top:core|previous_w[6] ;
; Launch Clock       ; MAX10_CLK1_50                                    ;
; Latch Clock        ; MAX10_CLK1_50                                    ;
; Data Arrival Time  ; 8.273                                            ;
; Data Required Time ; 4.224                                            ;
; Slack              ; 4.049                                            ;
+--------------------+--------------------------------------------------+

+--------------------------------------------------------------------------------------+
; Statistics                                                                           ;
+---------------------------+-------+-------+-------------+------------+-------+-------+
; Property                  ; Value ; Count ; Total Delay ; % of Total ; Min   ; Max   ;
+---------------------------+-------+-------+-------------+------------+-------+-------+
; Removal Relationship      ; 0.000 ;       ;             ;            ;       ;       ;
; Clock Skew                ; 0.567 ;       ;             ;            ;       ;       ;
; Data Delay                ; 4.790 ;       ;             ;            ;       ;       ;
; Number of Logic Levels    ;       ; 1     ;             ;            ;       ;       ;
; Physical Delays           ;       ;       ;             ;            ;       ;       ;
;  Arrival Path             ;       ;       ;             ;            ;       ;       ;
;   Clock                   ;       ;       ;             ;            ;       ;       ;
;    Clock Network (Lumped) ;       ; 1     ; 3.483       ; 100        ; 3.483 ; 3.483 ;
;   Data                    ;       ;       ;             ;            ;       ;       ;
;    IC                     ;       ; 2     ; 3.872       ; 81         ; 1.544 ; 2.328 ;
;    Cell                   ;       ; 3     ; 0.711       ; 15         ; 0.000 ; 0.711 ;
;    uTco                   ;       ; 1     ; 0.207       ; 4          ; 0.207 ; 0.207 ;
;  Required Path            ;       ;       ;             ;            ;       ;       ;
;   Clock                   ;       ;       ;             ;            ;       ;       ;
;    Clock Network (Lumped) ;       ; 1     ; 4.108       ; 100        ; 4.108 ; 4.108 ;
+---------------------------+-------+-------+-------------+------------+-------+-------+
Note: Negative delays are omitted from totals when calculating percentages

+-----------------------------------------------------------------------------------------------------------+
; Data Arrival Path                                                                                         ;
+---------+---------+----+------+--------+---------------+--------------------------------------------------+
; Total   ; Incr    ; RF ; Type ; Fanout ; Location      ; Element                                          ;
+---------+---------+----+------+--------+---------------+--------------------------------------------------+
; 0.000   ; 0.000   ;    ;      ;        ;               ; launch edge time                                 ;
; 3.483   ; 3.483   ;    ;      ;        ;               ; clock path                                       ;
;   3.483 ;   3.483 ; R  ;      ;        ;               ; clock network delay                              ;
; 8.273   ; 4.790   ;    ;      ;        ;               ; data path                                        ;
;   3.690 ;   0.207 ;    ; uTco ; 1      ; FF_X39_Y20_N1 ; igor_uart_top:system|reset_sync[1]               ;
;   3.690 ;   0.000 ; RR ; CELL ; 11     ; FF_X39_Y20_N1 ; system|reset_sync[1]|q                           ;
;   6.018 ;   2.328 ; RR ; IC   ; 1      ; CLKCTRL_G12   ; system|reset_sync[1]~clkctrl|inclk[0]            ;
;   6.018 ;   0.000 ; RR ; CELL ; 1286   ; CLKCTRL_G12   ; system|reset_sync[1]~clkctrl|outclk              ;
;   7.562 ;   1.544 ; RR ; IC   ; 1      ; FF_X37_Y17_N9 ; system|core|previous_w[6]|clrn                   ;
;   8.273 ;   0.711 ; RR ; CELL ; 1      ; FF_X37_Y17_N9 ; igor_uart_top:system|igor_top:core|previous_w[6] ;
+---------+---------+----+------+--------+---------------+--------------------------------------------------+

+------------------------------------------------------------------------------------------------------------+
; Data Required Path                                                                                         ;
+---------+----------+----+------+--------+---------------+--------------------------------------------------+
; Total   ; Incr     ; RF ; Type ; Fanout ; Location      ; Element                                          ;
+---------+----------+----+------+--------+---------------+--------------------------------------------------+
; 0.000   ; 0.000    ;    ;      ;        ;               ; latch edge time                                  ;
; 4.050   ; 4.050    ;    ;      ;        ;               ; clock path                                       ;
;   4.108 ;   4.108  ; R  ;      ;        ;               ; clock network delay                              ;
;   4.050 ;   -0.058 ;    ;      ;        ;               ; clock pessimism removed                          ;
; 4.050   ; 0.000    ;    ;      ;        ;               ; clock uncertainty                                ;
; 4.224   ; 0.174    ;    ; uTh  ; 1      ; FF_X37_Y17_N9 ; igor_uart_top:system|igor_top:core|previous_w[6] ;
+---------+----------+----+------+--------+---------------+--------------------------------------------------+


Path #8: Removal slack is 4.049 
===============================================================================
+-----------------------------------------------------------------------+
; Path Summary                                                          ;
+--------------------+--------------------------------------------------+
; Property           ; Value                                            ;
+--------------------+--------------------------------------------------+
; From Node          ; igor_uart_top:system|reset_sync[1]               ;
; To Node            ; igor_uart_top:system|igor_top:core|previous_v[0] ;
; Launch Clock       ; MAX10_CLK1_50                                    ;
; Latch Clock        ; MAX10_CLK1_50                                    ;
; Data Arrival Time  ; 8.273                                            ;
; Data Required Time ; 4.224                                            ;
; Slack              ; 4.049                                            ;
+--------------------+--------------------------------------------------+

+--------------------------------------------------------------------------------------+
; Statistics                                                                           ;
+---------------------------+-------+-------+-------------+------------+-------+-------+
; Property                  ; Value ; Count ; Total Delay ; % of Total ; Min   ; Max   ;
+---------------------------+-------+-------+-------------+------------+-------+-------+
; Removal Relationship      ; 0.000 ;       ;             ;            ;       ;       ;
; Clock Skew                ; 0.567 ;       ;             ;            ;       ;       ;
; Data Delay                ; 4.790 ;       ;             ;            ;       ;       ;
; Number of Logic Levels    ;       ; 1     ;             ;            ;       ;       ;
; Physical Delays           ;       ;       ;             ;            ;       ;       ;
;  Arrival Path             ;       ;       ;             ;            ;       ;       ;
;   Clock                   ;       ;       ;             ;            ;       ;       ;
;    Clock Network (Lumped) ;       ; 1     ; 3.483       ; 100        ; 3.483 ; 3.483 ;
;   Data                    ;       ;       ;             ;            ;       ;       ;
;    IC                     ;       ; 2     ; 3.872       ; 81         ; 1.544 ; 2.328 ;
;    Cell                   ;       ; 3     ; 0.711       ; 15         ; 0.000 ; 0.711 ;
;    uTco                   ;       ; 1     ; 0.207       ; 4          ; 0.207 ; 0.207 ;
;  Required Path            ;       ;       ;             ;            ;       ;       ;
;   Clock                   ;       ;       ;             ;            ;       ;       ;
;    Clock Network (Lumped) ;       ; 1     ; 4.108       ; 100        ; 4.108 ; 4.108 ;
+---------------------------+-------+-------+-------------+------------+-------+-------+
Note: Negative delays are omitted from totals when calculating percentages

+------------------------------------------------------------------------------------------------------------+
; Data Arrival Path                                                                                          ;
+---------+---------+----+------+--------+----------------+--------------------------------------------------+
; Total   ; Incr    ; RF ; Type ; Fanout ; Location       ; Element                                          ;
+---------+---------+----+------+--------+----------------+--------------------------------------------------+
; 0.000   ; 0.000   ;    ;      ;        ;                ; launch edge time                                 ;
; 3.483   ; 3.483   ;    ;      ;        ;                ; clock path                                       ;
;   3.483 ;   3.483 ; R  ;      ;        ;                ; clock network delay                              ;
; 8.273   ; 4.790   ;    ;      ;        ;                ; data path                                        ;
;   3.690 ;   0.207 ;    ; uTco ; 1      ; FF_X39_Y20_N1  ; igor_uart_top:system|reset_sync[1]               ;
;   3.690 ;   0.000 ; RR ; CELL ; 11     ; FF_X39_Y20_N1  ; system|reset_sync[1]|q                           ;
;   6.018 ;   2.328 ; RR ; IC   ; 1      ; CLKCTRL_G12    ; system|reset_sync[1]~clkctrl|inclk[0]            ;
;   6.018 ;   0.000 ; RR ; CELL ; 1286   ; CLKCTRL_G12    ; system|reset_sync[1]~clkctrl|outclk              ;
;   7.562 ;   1.544 ; RR ; IC   ; 1      ; FF_X37_Y17_N29 ; system|core|previous_v[0]|clrn                   ;
;   8.273 ;   0.711 ; RR ; CELL ; 1      ; FF_X37_Y17_N29 ; igor_uart_top:system|igor_top:core|previous_v[0] ;
+---------+---------+----+------+--------+----------------+--------------------------------------------------+

+-------------------------------------------------------------------------------------------------------------+
; Data Required Path                                                                                          ;
+---------+----------+----+------+--------+----------------+--------------------------------------------------+
; Total   ; Incr     ; RF ; Type ; Fanout ; Location       ; Element                                          ;
+---------+----------+----+------+--------+----------------+--------------------------------------------------+
; 0.000   ; 0.000    ;    ;      ;        ;                ; latch edge time                                  ;
; 4.050   ; 4.050    ;    ;      ;        ;                ; clock path                                       ;
;   4.108 ;   4.108  ; R  ;      ;        ;                ; clock network delay                              ;
;   4.050 ;   -0.058 ;    ;      ;        ;                ; clock pessimism removed                          ;
; 4.050   ; 0.000    ;    ;      ;        ;                ; clock uncertainty                                ;
; 4.224   ; 0.174    ;    ; uTh  ; 1      ; FF_X37_Y17_N29 ; igor_uart_top:system|igor_top:core|previous_v[0] ;
+---------+----------+----+------+--------+----------------+--------------------------------------------------+


Path #9: Removal slack is 4.049 
===============================================================================
+-----------------------------------------------------------------------+
; Path Summary                                                          ;
+--------------------+--------------------------------------------------+
; Property           ; Value                                            ;
+--------------------+--------------------------------------------------+
; From Node          ; igor_uart_top:system|reset_sync[1]               ;
; To Node            ; igor_uart_top:system|igor_top:core|previous_w[0] ;
; Launch Clock       ; MAX10_CLK1_50                                    ;
; Latch Clock        ; MAX10_CLK1_50                                    ;
; Data Arrival Time  ; 8.273                                            ;
; Data Required Time ; 4.224                                            ;
; Slack              ; 4.049                                            ;
+--------------------+--------------------------------------------------+

+--------------------------------------------------------------------------------------+
; Statistics                                                                           ;
+---------------------------+-------+-------+-------------+------------+-------+-------+
; Property                  ; Value ; Count ; Total Delay ; % of Total ; Min   ; Max   ;
+---------------------------+-------+-------+-------------+------------+-------+-------+
; Removal Relationship      ; 0.000 ;       ;             ;            ;       ;       ;
; Clock Skew                ; 0.567 ;       ;             ;            ;       ;       ;
; Data Delay                ; 4.790 ;       ;             ;            ;       ;       ;
; Number of Logic Levels    ;       ; 1     ;             ;            ;       ;       ;
; Physical Delays           ;       ;       ;             ;            ;       ;       ;
;  Arrival Path             ;       ;       ;             ;            ;       ;       ;
;   Clock                   ;       ;       ;             ;            ;       ;       ;
;    Clock Network (Lumped) ;       ; 1     ; 3.483       ; 100        ; 3.483 ; 3.483 ;
;   Data                    ;       ;       ;             ;            ;       ;       ;
;    IC                     ;       ; 2     ; 3.872       ; 81         ; 1.544 ; 2.328 ;
;    Cell                   ;       ; 3     ; 0.711       ; 15         ; 0.000 ; 0.711 ;
;    uTco                   ;       ; 1     ; 0.207       ; 4          ; 0.207 ; 0.207 ;
;  Required Path            ;       ;       ;             ;            ;       ;       ;
;   Clock                   ;       ;       ;             ;            ;       ;       ;
;    Clock Network (Lumped) ;       ; 1     ; 4.108       ; 100        ; 4.108 ; 4.108 ;
+---------------------------+-------+-------+-------------+------------+-------+-------+
Note: Negative delays are omitted from totals when calculating percentages

+------------------------------------------------------------------------------------------------------------+
; Data Arrival Path                                                                                          ;
+---------+---------+----+------+--------+----------------+--------------------------------------------------+
; Total   ; Incr    ; RF ; Type ; Fanout ; Location       ; Element                                          ;
+---------+---------+----+------+--------+----------------+--------------------------------------------------+
; 0.000   ; 0.000   ;    ;      ;        ;                ; launch edge time                                 ;
; 3.483   ; 3.483   ;    ;      ;        ;                ; clock path                                       ;
;   3.483 ;   3.483 ; R  ;      ;        ;                ; clock network delay                              ;
; 8.273   ; 4.790   ;    ;      ;        ;                ; data path                                        ;
;   3.690 ;   0.207 ;    ; uTco ; 1      ; FF_X39_Y20_N1  ; igor_uart_top:system|reset_sync[1]               ;
;   3.690 ;   0.000 ; RR ; CELL ; 11     ; FF_X39_Y20_N1  ; system|reset_sync[1]|q                           ;
;   6.018 ;   2.328 ; RR ; IC   ; 1      ; CLKCTRL_G12    ; system|reset_sync[1]~clkctrl|inclk[0]            ;
;   6.018 ;   0.000 ; RR ; CELL ; 1286   ; CLKCTRL_G12    ; system|reset_sync[1]~clkctrl|outclk              ;
;   7.562 ;   1.544 ; RR ; IC   ; 1      ; FF_X37_Y17_N27 ; system|core|previous_w[0]|clrn                   ;
;   8.273 ;   0.711 ; RR ; CELL ; 1      ; FF_X37_Y17_N27 ; igor_uart_top:system|igor_top:core|previous_w[0] ;
+---------+---------+----+------+--------+----------------+--------------------------------------------------+

+-------------------------------------------------------------------------------------------------------------+
; Data Required Path                                                                                          ;
+---------+----------+----+------+--------+----------------+--------------------------------------------------+
; Total   ; Incr     ; RF ; Type ; Fanout ; Location       ; Element                                          ;
+---------+----------+----+------+--------+----------------+--------------------------------------------------+
; 0.000   ; 0.000    ;    ;      ;        ;                ; latch edge time                                  ;
; 4.050   ; 4.050    ;    ;      ;        ;                ; clock path                                       ;
;   4.108 ;   4.108  ; R  ;      ;        ;                ; clock network delay                              ;
;   4.050 ;   -0.058 ;    ;      ;        ;                ; clock pessimism removed                          ;
; 4.050   ; 0.000    ;    ;      ;        ;                ; clock uncertainty                                ;
; 4.224   ; 0.174    ;    ; uTh  ; 1      ; FF_X37_Y17_N27 ; igor_uart_top:system|igor_top:core|previous_w[0] ;
+---------+----------+----+------+--------+----------------+--------------------------------------------------+


Path #10: Removal slack is 4.058 
===============================================================================
+-----------------------------------------------------------------------+
; Path Summary                                                          ;
+--------------------+--------------------------------------------------+
; Property           ; Value                                            ;
+--------------------+--------------------------------------------------+
; From Node          ; igor_uart_top:system|reset_sync[1]               ;
; To Node            ; igor_uart_top:system|igor_top:core|previous_v[2] ;
; Launch Clock       ; MAX10_CLK1_50                                    ;
; Latch Clock        ; MAX10_CLK1_50                                    ;
; Data Arrival Time  ; 8.273                                            ;
; Data Required Time ; 4.215                                            ;
; Slack              ; 4.058                                            ;
+--------------------+--------------------------------------------------+

+--------------------------------------------------------------------------------------+
; Statistics                                                                           ;
+---------------------------+-------+-------+-------------+------------+-------+-------+
; Property                  ; Value ; Count ; Total Delay ; % of Total ; Min   ; Max   ;
+---------------------------+-------+-------+-------------+------------+-------+-------+
; Removal Relationship      ; 0.000 ;       ;             ;            ;       ;       ;
; Clock Skew                ; 0.558 ;       ;             ;            ;       ;       ;
; Data Delay                ; 4.790 ;       ;             ;            ;       ;       ;
; Number of Logic Levels    ;       ; 1     ;             ;            ;       ;       ;
; Physical Delays           ;       ;       ;             ;            ;       ;       ;
;  Arrival Path             ;       ;       ;             ;            ;       ;       ;
;   Clock                   ;       ;       ;             ;            ;       ;       ;
;    Clock Network (Lumped) ;       ; 1     ; 3.483       ; 100        ; 3.483 ; 3.483 ;
;   Data                    ;       ;       ;             ;            ;       ;       ;
;    IC                     ;       ; 2     ; 3.872       ; 81         ; 1.544 ; 2.328 ;
;    Cell                   ;       ; 3     ; 0.711       ; 15         ; 0.000 ; 0.711 ;
;    uTco                   ;       ; 1     ; 0.207       ; 4          ; 0.207 ; 0.207 ;
;  Required Path            ;       ;       ;             ;            ;       ;       ;
;   Clock                   ;       ;       ;             ;            ;       ;       ;
;    Clock Network (Lumped) ;       ; 1     ; 4.099       ; 100        ; 4.099 ; 4.099 ;
+---------------------------+-------+-------+-------------+------------+-------+-------+
Note: Negative delays are omitted from totals when calculating percentages

+-----------------------------------------------------------------------------------------------------------+
; Data Arrival Path                                                                                         ;
+---------+---------+----+------+--------+---------------+--------------------------------------------------+
; Total   ; Incr    ; RF ; Type ; Fanout ; Location      ; Element                                          ;
+---------+---------+----+------+--------+---------------+--------------------------------------------------+
; 0.000   ; 0.000   ;    ;      ;        ;               ; launch edge time                                 ;
; 3.483   ; 3.483   ;    ;      ;        ;               ; clock path                                       ;
;   3.483 ;   3.483 ; R  ;      ;        ;               ; clock network delay                              ;
; 8.273   ; 4.790   ;    ;      ;        ;               ; data path                                        ;
;   3.690 ;   0.207 ;    ; uTco ; 1      ; FF_X39_Y20_N1 ; igor_uart_top:system|reset_sync[1]               ;
;   3.690 ;   0.000 ; RR ; CELL ; 11     ; FF_X39_Y20_N1 ; system|reset_sync[1]|q                           ;
;   6.018 ;   2.328 ; RR ; IC   ; 1      ; CLKCTRL_G12   ; system|reset_sync[1]~clkctrl|inclk[0]            ;
;   6.018 ;   0.000 ; RR ; CELL ; 1286   ; CLKCTRL_G12   ; system|reset_sync[1]~clkctrl|outclk              ;
;   7.562 ;   1.544 ; RR ; IC   ; 1      ; FF_X36_Y17_N7 ; system|core|previous_v[2]|clrn                   ;
;   8.273 ;   0.711 ; RR ; CELL ; 1      ; FF_X36_Y17_N7 ; igor_uart_top:system|igor_top:core|previous_v[2] ;
+---------+---------+----+------+--------+---------------+--------------------------------------------------+

+------------------------------------------------------------------------------------------------------------+
; Data Required Path                                                                                         ;
+---------+----------+----+------+--------+---------------+--------------------------------------------------+
; Total   ; Incr     ; RF ; Type ; Fanout ; Location      ; Element                                          ;
+---------+----------+----+------+--------+---------------+--------------------------------------------------+
; 0.000   ; 0.000    ;    ;      ;        ;               ; latch edge time                                  ;
; 4.041   ; 4.041    ;    ;      ;        ;               ; clock path                                       ;
;   4.099 ;   4.099  ; R  ;      ;        ;               ; clock network delay                              ;
;   4.041 ;   -0.058 ;    ;      ;        ;               ; clock pessimism removed                          ;
; 4.041   ; 0.000    ;    ;      ;        ;               ; clock uncertainty                                ;
; 4.215   ; 0.174    ;    ; uTh  ; 1      ; FF_X36_Y17_N7 ; igor_uart_top:system|igor_top:core|previous_v[2] ;
+---------+----------+----+------+--------+---------------+--------------------------------------------------+


