----------------
; Command Info ;
----------------
Report Timing: Found 10 recovery paths (0 violated).  Worst case slack is 14.889 

Tcl Command:
    report_timing -recovery -file reports/recovery.rpt -npaths 10

Options:
    -recovery 
    -npaths 10 
    -file {reports/recovery.rpt} 

Delay Model:
    Slow 1100mV 100C Model

+------------------------------------------------------------------------------------------------------------------------------------------------------------------+
; Summary of Paths                                                                                                                                                 ;
+--------+---------------+------------------------------------------------------------------+--------------+--------------+--------------+------------+------------+
; Slack  ; From Node     ; To Node                                                          ; Launch Clock ; Latch Clock  ; Relationship ; Clock Skew ; Data Delay ;
+--------+---------------+------------------------------------------------------------------+--------------+--------------+--------------+------------+------------+
; 14.889 ; reset_sync[1] ; igor_top:core|igor_rollout_tile:tiles[2].tile|candidate_index[5] ; FPGA_CLK1_50 ; FPGA_CLK1_50 ; 20.000       ; -0.241     ; 4.700      ;
; 14.889 ; reset_sync[1] ; igor_top:core|igor_rollout_tile:tiles[2].tile|candidate_index[6] ; FPGA_CLK1_50 ; FPGA_CLK1_50 ; 20.000       ; -0.241     ; 4.700      ;
; 14.889 ; reset_sync[1] ; igor_top:core|igor_rollout_tile:tiles[2].tile|candidate_index[7] ; FPGA_CLK1_50 ; FPGA_CLK1_50 ; 20.000       ; -0.241     ; 4.700      ;
; 14.889 ; reset_sync[1] ; igor_top:core|igor_rollout_tile:tiles[2].tile|candidate_index[8] ; FPGA_CLK1_50 ; FPGA_CLK1_50 ; 20.000       ; -0.241     ; 4.700      ;
; 15.251 ; reset_sync[1] ; igor_top:core|igor_costmap_manager:maps|pending_sequence[1]      ; FPGA_CLK1_50 ; FPGA_CLK1_50 ; 20.000       ; -0.507     ; 4.072      ;
; 15.283 ; reset_sync[1] ; igor_top:core|igor_costmap_manager:maps|age[10]                  ; FPGA_CLK1_50 ; FPGA_CLK1_50 ; 20.000       ; -0.519     ; 4.028      ;
; 15.283 ; reset_sync[1] ; igor_top:core|igor_costmap_manager:maps|age[9]~DUPLICATE         ; FPGA_CLK1_50 ; FPGA_CLK1_50 ; 20.000       ; -0.519     ; 4.028      ;
; 15.283 ; reset_sync[1] ; igor_top:core|igor_costmap_manager:maps|age[7]                   ; FPGA_CLK1_50 ; FPGA_CLK1_50 ; 20.000       ; -0.519     ; 4.028      ;
; 15.283 ; reset_sync[1] ; igor_top:core|igor_costmap_manager:maps|age[19]                  ; FPGA_CLK1_50 ; FPGA_CLK1_50 ; 20.000       ; -0.519     ; 4.028      ;
; 15.283 ; reset_sync[1] ; igor_top:core|igor_costmap_manager:maps|age[0]                   ; FPGA_CLK1_50 ; FPGA_CLK1_50 ; 20.000       ; -0.519     ; 4.028      ;
+--------+---------------+------------------------------------------------------------------+--------------+--------------+--------------+------------+------------+

Path #1: Recovery slack is 14.889 
===============================================================================
+---------------------------------------------------------------------------------------+
; Path Summary                                                                          ;
+--------------------+------------------------------------------------------------------+
; Property           ; Value                                                            ;
+--------------------+------------------------------------------------------------------+
; From Node          ; reset_sync[1]                                                    ;
; To Node            ; igor_top:core|igor_rollout_tile:tiles[2].tile|candidate_index[5] ;
; Launch Clock       ; FPGA_CLK1_50                                                     ;
; Latch Clock        ; FPGA_CLK1_50                                                     ;
; Data Arrival Time  ; 9.044                                                            ;
; Data Required Time ; 23.933                                                           ;
; Slack              ; 14.889                                                           ;
+--------------------+------------------------------------------------------------------+

+---------------------------------------------------------------------------------------+
; Statistics                                                                            ;
+---------------------------+--------+-------+-------------+------------+-------+-------+
; Property                  ; Value  ; Count ; Total Delay ; % of Total ; Min   ; Max   ;
+---------------------------+--------+-------+-------------+------------+-------+-------+
; Recovery Relationship     ; 20.000 ;       ;             ;            ;       ;       ;
; Clock Skew                ; -0.241 ;       ;             ;            ;       ;       ;
; Data Delay                ; 4.700  ;       ;             ;            ;       ;       ;
; Number of Logic Levels    ;        ; 0     ;             ;            ;       ;       ;
; Physical Delays           ;        ;       ;             ;            ;       ;       ;
;  Arrival Path             ;        ;       ;             ;            ;       ;       ;
;   Clock                   ;        ;       ;             ;            ;       ;       ;
;    Clock Network (Lumped) ;        ; 1     ; 4.344       ; 100        ; 4.344 ; 4.344 ;
;   Data                    ;        ;       ;             ;            ;       ;       ;
;    IC                     ;        ; 1     ; 3.476       ; 74         ; 3.476 ; 3.476 ;
;    Cell                   ;        ; 2     ; 1.224       ; 26         ; 0.000 ; 1.224 ;
;    uTco                   ;        ; 1     ; 0.000       ; 0          ; 0.000 ; 0.000 ;
;  Required Path            ;        ;       ;             ;            ;       ;       ;
;   Clock                   ;        ;       ;             ;            ;       ;       ;
;    Clock Network (Lumped) ;        ; 1     ; 4.042       ; 100        ; 4.042 ; 4.042 ;
+---------------------------+--------+-------+-------------+------------+-------+-------+
Note: Negative delays are omitted from totals when calculating percentages

+----------------------------------------------------------------------------------------------------------------------------+
; Data Arrival Path                                                                                                          ;
+---------+---------+----+------+--------+----------------+------------------------------------------------------------------+
; Total   ; Incr    ; RF ; Type ; Fanout ; Location       ; Element                                                          ;
+---------+---------+----+------+--------+----------------+------------------------------------------------------------------+
; 0.000   ; 0.000   ;    ;      ;        ;                ; launch edge time                                                 ;
; 4.344   ; 4.344   ;    ;      ;        ;                ; clock path                                                       ;
;   4.344 ;   4.344 ; R  ;      ;        ;                ; clock network delay                                              ;
; 9.044   ; 4.700   ;    ;      ;        ;                ; data path                                                        ;
;   4.344 ;   0.000 ;    ; uTco ; 1      ; FF_X37_Y20_N35 ; reset_sync[1]                                                    ;
;   4.344 ;   0.000 ; FF ; CELL ; 1361   ; FF_X37_Y20_N35 ; reset_sync[1]|q                                                  ;
;   7.820 ;   3.476 ; FF ; IC   ; 4      ; DSP_X20_Y33_N0 ; core|tiles[2].tile|stepper|Mult0~8|aclr[0]                       ;
;   9.044 ;   1.224 ; FR ; CELL ; 17     ; DSP_X20_Y33_N0 ; igor_top:core|igor_rollout_tile:tiles[2].tile|candidate_index[5] ;
+---------+---------+----+------+--------+----------------+------------------------------------------------------------------+

+-----------------------------------------------------------------------------------------------------------------------------+
; Data Required Path                                                                                                          ;
+----------+---------+----+------+--------+----------------+------------------------------------------------------------------+
; Total    ; Incr    ; RF ; Type ; Fanout ; Location       ; Element                                                          ;
+----------+---------+----+------+--------+----------------+------------------------------------------------------------------+
; 20.000   ; 20.000  ;    ;      ;        ;                ; latch edge time                                                  ;
; 24.103   ; 4.103   ;    ;      ;        ;                ; clock path                                                       ;
;   24.042 ;   4.042 ; R  ;      ;        ;                ; clock network delay                                              ;
;   24.103 ;   0.061 ;    ;      ;        ;                ; clock pessimism removed                                          ;
; 23.933   ; -0.170  ;    ;      ;        ;                ; clock uncertainty                                                ;
; 23.933   ; 0.000   ;    ; uTsu ; 17     ; DSP_X20_Y33_N0 ; igor_top:core|igor_rollout_tile:tiles[2].tile|candidate_index[5] ;
+----------+---------+----+------+--------+----------------+------------------------------------------------------------------+

----------------------------
; Extra Fitter Information ;
----------------------------
HTML report is unavailable in plain text report export.


Path #2: Recovery slack is 14.889 
===============================================================================
+---------------------------------------------------------------------------------------+
; Path Summary                                                                          ;
+--------------------+------------------------------------------------------------------+
; Property           ; Value                                                            ;
+--------------------+------------------------------------------------------------------+
; From Node          ; reset_sync[1]                                                    ;
; To Node            ; igor_top:core|igor_rollout_tile:tiles[2].tile|candidate_index[6] ;
; Launch Clock       ; FPGA_CLK1_50                                                     ;
; Latch Clock        ; FPGA_CLK1_50                                                     ;
; Data Arrival Time  ; 9.044                                                            ;
; Data Required Time ; 23.933                                                           ;
; Slack              ; 14.889                                                           ;
+--------------------+------------------------------------------------------------------+

+---------------------------------------------------------------------------------------+
; Statistics                                                                            ;
+---------------------------+--------+-------+-------------+------------+-------+-------+
; Property                  ; Value  ; Count ; Total Delay ; % of Total ; Min   ; Max   ;
+---------------------------+--------+-------+-------------+------------+-------+-------+
; Recovery Relationship     ; 20.000 ;       ;             ;            ;       ;       ;
; Clock Skew                ; -0.241 ;       ;             ;            ;       ;       ;
; Data Delay                ; 4.700  ;       ;             ;            ;       ;       ;
; Number of Logic Levels    ;        ; 0     ;             ;            ;       ;       ;
; Physical Delays           ;        ;       ;             ;            ;       ;       ;
;  Arrival Path             ;        ;       ;             ;            ;       ;       ;
;   Clock                   ;        ;       ;             ;            ;       ;       ;
;    Clock Network (Lumped) ;        ; 1     ; 4.344       ; 100        ; 4.344 ; 4.344 ;
;   Data                    ;        ;       ;             ;            ;       ;       ;
;    IC                     ;        ; 1     ; 3.476       ; 74         ; 3.476 ; 3.476 ;
;    Cell                   ;        ; 2     ; 1.224       ; 26         ; 0.000 ; 1.224 ;
;    uTco                   ;        ; 1     ; 0.000       ; 0          ; 0.000 ; 0.000 ;
;  Required Path            ;        ;       ;             ;            ;       ;       ;
;   Clock                   ;        ;       ;             ;            ;       ;       ;
;    Clock Network (Lumped) ;        ; 1     ; 4.042       ; 100        ; 4.042 ; 4.042 ;
+---------------------------+--------+-------+-------------+------------+-------+-------+
Note: Negative delays are omitted from totals when calculating percentages

+----------------------------------------------------------------------------------------------------------------------------+
; Data Arrival Path                                                                                                          ;
+---------+---------+----+------+--------+----------------+------------------------------------------------------------------+
; Total   ; Incr    ; RF ; Type ; Fanout ; Location       ; Element                                                          ;
+---------+---------+----+------+--------+----------------+------------------------------------------------------------------+
; 0.000   ; 0.000   ;    ;      ;        ;                ; launch edge time                                                 ;
; 4.344   ; 4.344   ;    ;      ;        ;                ; clock path                                                       ;
;   4.344 ;   4.344 ; R  ;      ;        ;                ; clock network delay                                              ;
; 9.044   ; 4.700   ;    ;      ;        ;                ; data path                                                        ;
;   4.344 ;   0.000 ;    ; uTco ; 1      ; FF_X37_Y20_N35 ; reset_sync[1]                                                    ;
;   4.344 ;   0.000 ; FF ; CELL ; 1361   ; FF_X37_Y20_N35 ; reset_sync[1]|q                                                  ;
;   7.820 ;   3.476 ; FF ; IC   ; 4      ; DSP_X20_Y33_N0 ; core|tiles[2].tile|stepper|Mult0~8|aclr[0]                       ;
;   9.044 ;   1.224 ; FR ; CELL ; 0      ; DSP_X20_Y33_N0 ; igor_top:core|igor_rollout_tile:tiles[2].tile|candidate_index[6] ;
+---------+---------+----+------+--------+----------------+------------------------------------------------------------------+

+-----------------------------------------------------------------------------------------------------------------------------+
; Data Required Path                                                                                                          ;
+----------+---------+----+------+--------+----------------+------------------------------------------------------------------+
; Total    ; Incr    ; RF ; Type ; Fanout ; Location       ; Element                                                          ;
+----------+---------+----+------+--------+----------------+------------------------------------------------------------------+
; 20.000   ; 20.000  ;    ;      ;        ;                ; latch edge time                                                  ;
; 24.103   ; 4.103   ;    ;      ;        ;                ; clock path                                                       ;
;   24.042 ;   4.042 ; R  ;      ;        ;                ; clock network delay                                              ;
;   24.103 ;   0.061 ;    ;      ;        ;                ; clock pessimism removed                                          ;
; 23.933   ; -0.170  ;    ;      ;        ;                ; clock uncertainty                                                ;
; 23.933   ; 0.000   ;    ; uTsu ; 0      ; DSP_X20_Y33_N0 ; igor_top:core|igor_rollout_tile:tiles[2].tile|candidate_index[6] ;
+----------+---------+----+------+--------+----------------+------------------------------------------------------------------+

----------------------------
; Extra Fitter Information ;
----------------------------
HTML report is unavailable in plain text report export.


Path #3: Recovery slack is 14.889 
===============================================================================
+---------------------------------------------------------------------------------------+
; Path Summary                                                                          ;
+--------------------+------------------------------------------------------------------+
; Property           ; Value                                                            ;
+--------------------+------------------------------------------------------------------+
; From Node          ; reset_sync[1]                                                    ;
; To Node            ; igor_top:core|igor_rollout_tile:tiles[2].tile|candidate_index[7] ;
; Launch Clock       ; FPGA_CLK1_50                                                     ;
; Latch Clock        ; FPGA_CLK1_50                                                     ;
; Data Arrival Time  ; 9.044                                                            ;
; Data Required Time ; 23.933                                                           ;
; Slack              ; 14.889                                                           ;
+--------------------+------------------------------------------------------------------+

+---------------------------------------------------------------------------------------+
; Statistics                                                                            ;
+---------------------------+--------+-------+-------------+------------+-------+-------+
; Property                  ; Value  ; Count ; Total Delay ; % of Total ; Min   ; Max   ;
+---------------------------+--------+-------+-------------+------------+-------+-------+
; Recovery Relationship     ; 20.000 ;       ;             ;            ;       ;       ;
; Clock Skew                ; -0.241 ;       ;             ;            ;       ;       ;
; Data Delay                ; 4.700  ;       ;             ;            ;       ;       ;
; Number of Logic Levels    ;        ; 0     ;             ;            ;       ;       ;
; Physical Delays           ;        ;       ;             ;            ;       ;       ;
;  Arrival Path             ;        ;       ;             ;            ;       ;       ;
;   Clock                   ;        ;       ;             ;            ;       ;       ;
;    Clock Network (Lumped) ;        ; 1     ; 4.344       ; 100        ; 4.344 ; 4.344 ;
;   Data                    ;        ;       ;             ;            ;       ;       ;
;    IC                     ;        ; 1     ; 3.476       ; 74         ; 3.476 ; 3.476 ;
;    Cell                   ;        ; 2     ; 1.224       ; 26         ; 0.000 ; 1.224 ;
;    uTco                   ;        ; 1     ; 0.000       ; 0          ; 0.000 ; 0.000 ;
;  Required Path            ;        ;       ;             ;            ;       ;       ;
;   Clock                   ;        ;       ;             ;            ;       ;       ;
;    Clock Network (Lumped) ;        ; 1     ; 4.042       ; 100        ; 4.042 ; 4.042 ;
+---------------------------+--------+-------+-------------+------------+-------+-------+
Note: Negative delays are omitted from totals when calculating percentages

+----------------------------------------------------------------------------------------------------------------------------+
; Data Arrival Path                                                                                                          ;
+---------+---------+----+------+--------+----------------+------------------------------------------------------------------+
; Total   ; Incr    ; RF ; Type ; Fanout ; Location       ; Element                                                          ;
+---------+---------+----+------+--------+----------------+------------------------------------------------------------------+
; 0.000   ; 0.000   ;    ;      ;        ;                ; launch edge time                                                 ;
; 4.344   ; 4.344   ;    ;      ;        ;                ; clock path                                                       ;
;   4.344 ;   4.344 ; R  ;      ;        ;                ; clock network delay                                              ;
; 9.044   ; 4.700   ;    ;      ;        ;                ; data path                                                        ;
;   4.344 ;   0.000 ;    ; uTco ; 1      ; FF_X37_Y20_N35 ; reset_sync[1]                                                    ;
;   4.344 ;   0.000 ; FF ; CELL ; 1361   ; FF_X37_Y20_N35 ; reset_sync[1]|q                                                  ;
;   7.820 ;   3.476 ; FF ; IC   ; 4      ; DSP_X20_Y33_N0 ; core|tiles[2].tile|stepper|Mult0~8|aclr[0]                       ;
;   9.044 ;   1.224 ; FR ; CELL ; 0      ; DSP_X20_Y33_N0 ; igor_top:core|igor_rollout_tile:tiles[2].tile|candidate_index[7] ;
+---------+---------+----+------+--------+----------------+------------------------------------------------------------------+

+-----------------------------------------------------------------------------------------------------------------------------+
; Data Required Path                                                                                                          ;
+----------+---------+----+------+--------+----------------+------------------------------------------------------------------+
; Total    ; Incr    ; RF ; Type ; Fanout ; Location       ; Element                                                          ;
+----------+---------+----+------+--------+----------------+------------------------------------------------------------------+
; 20.000   ; 20.000  ;    ;      ;        ;                ; latch edge time                                                  ;
; 24.103   ; 4.103   ;    ;      ;        ;                ; clock path                                                       ;
;   24.042 ;   4.042 ; R  ;      ;        ;                ; clock network delay                                              ;
;   24.103 ;   0.061 ;    ;      ;        ;                ; clock pessimism removed                                          ;
; 23.933   ; -0.170  ;    ;      ;        ;                ; clock uncertainty                                                ;
; 23.933   ; 0.000   ;    ; uTsu ; 0      ; DSP_X20_Y33_N0 ; igor_top:core|igor_rollout_tile:tiles[2].tile|candidate_index[7] ;
+----------+---------+----+------+--------+----------------+------------------------------------------------------------------+

----------------------------
; Extra Fitter Information ;
----------------------------
HTML report is unavailable in plain text report export.


Path #4: Recovery slack is 14.889 
===============================================================================
+---------------------------------------------------------------------------------------+
; Path Summary                                                                          ;
+--------------------+------------------------------------------------------------------+
; Property           ; Value                                                            ;
+--------------------+------------------------------------------------------------------+
; From Node          ; reset_sync[1]                                                    ;
; To Node            ; igor_top:core|igor_rollout_tile:tiles[2].tile|candidate_index[8] ;
; Launch Clock       ; FPGA_CLK1_50                                                     ;
; Latch Clock        ; FPGA_CLK1_50                                                     ;
; Data Arrival Time  ; 9.044                                                            ;
; Data Required Time ; 23.933                                                           ;
; Slack              ; 14.889                                                           ;
+--------------------+------------------------------------------------------------------+

+---------------------------------------------------------------------------------------+
; Statistics                                                                            ;
+---------------------------+--------+-------+-------------+------------+-------+-------+
; Property                  ; Value  ; Count ; Total Delay ; % of Total ; Min   ; Max   ;
+---------------------------+--------+-------+-------------+------------+-------+-------+
; Recovery Relationship     ; 20.000 ;       ;             ;            ;       ;       ;
; Clock Skew                ; -0.241 ;       ;             ;            ;       ;       ;
; Data Delay                ; 4.700  ;       ;             ;            ;       ;       ;
; Number of Logic Levels    ;        ; 0     ;             ;            ;       ;       ;
; Physical Delays           ;        ;       ;             ;            ;       ;       ;
;  Arrival Path             ;        ;       ;             ;            ;       ;       ;
;   Clock                   ;        ;       ;             ;            ;       ;       ;
;    Clock Network (Lumped) ;        ; 1     ; 4.344       ; 100        ; 4.344 ; 4.344 ;
;   Data                    ;        ;       ;             ;            ;       ;       ;
;    IC                     ;        ; 1     ; 3.476       ; 74         ; 3.476 ; 3.476 ;
;    Cell                   ;        ; 2     ; 1.224       ; 26         ; 0.000 ; 1.224 ;
;    uTco                   ;        ; 1     ; 0.000       ; 0          ; 0.000 ; 0.000 ;
;  Required Path            ;        ;       ;             ;            ;       ;       ;
;   Clock                   ;        ;       ;             ;            ;       ;       ;
;    Clock Network (Lumped) ;        ; 1     ; 4.042       ; 100        ; 4.042 ; 4.042 ;
+---------------------------+--------+-------+-------------+------------+-------+-------+
Note: Negative delays are omitted from totals when calculating percentages

+----------------------------------------------------------------------------------------------------------------------------+
; Data Arrival Path                                                                                                          ;
+---------+---------+----+------+--------+----------------+------------------------------------------------------------------+
; Total   ; Incr    ; RF ; Type ; Fanout ; Location       ; Element                                                          ;
+---------+---------+----+------+--------+----------------+------------------------------------------------------------------+
; 0.000   ; 0.000   ;    ;      ;        ;                ; launch edge time                                                 ;
; 4.344   ; 4.344   ;    ;      ;        ;                ; clock path                                                       ;
;   4.344 ;   4.344 ; R  ;      ;        ;                ; clock network delay                                              ;
; 9.044   ; 4.700   ;    ;      ;        ;                ; data path                                                        ;
;   4.344 ;   0.000 ;    ; uTco ; 1      ; FF_X37_Y20_N35 ; reset_sync[1]                                                    ;
;   4.344 ;   0.000 ; FF ; CELL ; 1361   ; FF_X37_Y20_N35 ; reset_sync[1]|q                                                  ;
;   7.820 ;   3.476 ; FF ; IC   ; 4      ; DSP_X20_Y33_N0 ; core|tiles[2].tile|stepper|Mult0~8|aclr[0]                       ;
;   9.044 ;   1.224 ; FR ; CELL ; 0      ; DSP_X20_Y33_N0 ; igor_top:core|igor_rollout_tile:tiles[2].tile|candidate_index[8] ;
+---------+---------+----+------+--------+----------------+------------------------------------------------------------------+

+-----------------------------------------------------------------------------------------------------------------------------+
; Data Required Path                                                                                                          ;
+----------+---------+----+------+--------+----------------+------------------------------------------------------------------+
; Total    ; Incr    ; RF ; Type ; Fanout ; Location       ; Element                                                          ;
+----------+---------+----+------+--------+----------------+------------------------------------------------------------------+
; 20.000   ; 20.000  ;    ;      ;        ;                ; latch edge time                                                  ;
; 24.103   ; 4.103   ;    ;      ;        ;                ; clock path                                                       ;
;   24.042 ;   4.042 ; R  ;      ;        ;                ; clock network delay                                              ;
;   24.103 ;   0.061 ;    ;      ;        ;                ; clock pessimism removed                                          ;
; 23.933   ; -0.170  ;    ;      ;        ;                ; clock uncertainty                                                ;
; 23.933   ; 0.000   ;    ; uTsu ; 0      ; DSP_X20_Y33_N0 ; igor_top:core|igor_rollout_tile:tiles[2].tile|candidate_index[8] ;
+----------+---------+----+------+--------+----------------+------------------------------------------------------------------+

----------------------------
; Extra Fitter Information ;
----------------------------
HTML report is unavailable in plain text report export.


Path #5: Recovery slack is 15.251 
===============================================================================
+----------------------------------------------------------------------------------+
; Path Summary                                                                     ;
+--------------------+-------------------------------------------------------------+
; Property           ; Value                                                       ;
+--------------------+-------------------------------------------------------------+
; From Node          ; reset_sync[1]                                               ;
; To Node            ; igor_top:core|igor_costmap_manager:maps|pending_sequence[1] ;
; Launch Clock       ; FPGA_CLK1_50                                                ;
; Latch Clock        ; FPGA_CLK1_50                                                ;
; Data Arrival Time  ; 8.416                                                       ;
; Data Required Time ; 23.667                                                      ;
; Slack              ; 15.251                                                      ;
+--------------------+-------------------------------------------------------------+

+---------------------------------------------------------------------------------------+
; Statistics                                                                            ;
+---------------------------+--------+-------+-------------+------------+-------+-------+
; Property                  ; Value  ; Count ; Total Delay ; % of Total ; Min   ; Max   ;
+---------------------------+--------+-------+-------------+------------+-------+-------+
; Recovery Relationship     ; 20.000 ;       ;             ;            ;       ;       ;
; Clock Skew                ; -0.507 ;       ;             ;            ;       ;       ;
; Data Delay                ; 4.072  ;       ;             ;            ;       ;       ;
; Number of Logic Levels    ;        ; 0     ;             ;            ;       ;       ;
; Physical Delays           ;        ;       ;             ;            ;       ;       ;
;  Arrival Path             ;        ;       ;             ;            ;       ;       ;
;   Clock                   ;        ;       ;             ;            ;       ;       ;
;    Clock Network (Lumped) ;        ; 1     ; 4.344       ; 100        ; 4.344 ; 4.344 ;
;   Data                    ;        ;       ;             ;            ;       ;       ;
;    IC                     ;        ; 1     ; 3.453       ; 85         ; 3.453 ; 3.453 ;
;    Cell                   ;        ; 2     ; 0.619       ; 15         ; 0.000 ; 0.619 ;
;    uTco                   ;        ; 1     ; 0.000       ; 0          ; 0.000 ; 0.000 ;
;  Required Path            ;        ;       ;             ;            ;       ;       ;
;   Clock                   ;        ;       ;             ;            ;       ;       ;
;    Clock Network (Lumped) ;        ; 1     ; 3.776       ; 100        ; 3.776 ; 3.776 ;
+---------------------------+--------+-------+-------------+------------+-------+-------+
Note: Negative delays are omitted from totals when calculating percentages

+-----------------------------------------------------------------------------------------------------------------------+
; Data Arrival Path                                                                                                     ;
+---------+---------+----+------+--------+----------------+-------------------------------------------------------------+
; Total   ; Incr    ; RF ; Type ; Fanout ; Location       ; Element                                                     ;
+---------+---------+----+------+--------+----------------+-------------------------------------------------------------+
; 0.000   ; 0.000   ;    ;      ;        ;                ; launch edge time                                            ;
; 4.344   ; 4.344   ;    ;      ;        ;                ; clock path                                                  ;
;   4.344 ;   4.344 ; R  ;      ;        ;                ; clock network delay                                         ;
; 8.416   ; 4.072   ;    ;      ;        ;                ; data path                                                   ;
;   4.344 ;   0.000 ;    ; uTco ; 1      ; FF_X37_Y20_N35 ; reset_sync[1]                                               ;
;   4.344 ;   0.000 ; FF ; CELL ; 1361   ; FF_X37_Y20_N35 ; reset_sync[1]|q                                             ;
;   7.797 ;   3.453 ; FF ; IC   ; 1      ; FF_X47_Y20_N13 ; core|maps|pending_sequence[1]|clrn                          ;
;   8.416 ;   0.619 ; FF ; CELL ; 1      ; FF_X47_Y20_N13 ; igor_top:core|igor_costmap_manager:maps|pending_sequence[1] ;
+---------+---------+----+------+--------+----------------+-------------------------------------------------------------+

+------------------------------------------------------------------------------------------------------------------------+
; Data Required Path                                                                                                     ;
+----------+---------+----+------+--------+----------------+-------------------------------------------------------------+
; Total    ; Incr    ; RF ; Type ; Fanout ; Location       ; Element                                                     ;
+----------+---------+----+------+--------+----------------+-------------------------------------------------------------+
; 20.000   ; 20.000  ;    ;      ;        ;                ; latch edge time                                             ;
; 23.837   ; 3.837   ;    ;      ;        ;                ; clock path                                                  ;
;   23.776 ;   3.776 ; R  ;      ;        ;                ; clock network delay                                         ;
;   23.837 ;   0.061 ;    ;      ;        ;                ; clock pessimism removed                                     ;
; 23.667   ; -0.170  ;    ;      ;        ;                ; clock uncertainty                                           ;
; 23.667   ; 0.000   ;    ; uTsu ; 1      ; FF_X47_Y20_N13 ; igor_top:core|igor_costmap_manager:maps|pending_sequence[1] ;
+----------+---------+----+------+--------+----------------+-------------------------------------------------------------+

----------------------------
; Extra Fitter Information ;
----------------------------
HTML report is unavailable in plain text report export.


Path #6: Recovery slack is 15.283 
===============================================================================
+----------------------------------------------------------------------+
; Path Summary                                                         ;
+--------------------+-------------------------------------------------+
; Property           ; Value                                           ;
+--------------------+-------------------------------------------------+
; From Node          ; reset_sync[1]                                   ;
; To Node            ; igor_top:core|igor_costmap_manager:maps|age[10] ;
; Launch Clock       ; FPGA_CLK1_50                                    ;
; Latch Clock        ; FPGA_CLK1_50                                    ;
; Data Arrival Time  ; 8.372                                           ;
; Data Required Time ; 23.655                                          ;
; Slack              ; 15.283                                          ;
+--------------------+-------------------------------------------------+

+---------------------------------------------------------------------------------------+
; Statistics                                                                            ;
+---------------------------+--------+-------+-------------+------------+-------+-------+
; Property                  ; Value  ; Count ; Total Delay ; % of Total ; Min   ; Max   ;
+---------------------------+--------+-------+-------------+------------+-------+-------+
; Recovery Relationship     ; 20.000 ;       ;             ;            ;       ;       ;
; Clock Skew                ; -0.519 ;       ;             ;            ;       ;       ;
; Data Delay                ; 4.028  ;       ;             ;            ;       ;       ;
; Number of Logic Levels    ;        ; 0     ;             ;            ;       ;       ;
; Physical Delays           ;        ;       ;             ;            ;       ;       ;
;  Arrival Path             ;        ;       ;             ;            ;       ;       ;
;   Clock                   ;        ;       ;             ;            ;       ;       ;
;    Clock Network (Lumped) ;        ; 1     ; 4.344       ; 100        ; 4.344 ; 4.344 ;
;   Data                    ;        ;       ;             ;            ;       ;       ;
;    IC                     ;        ; 1     ; 3.418       ; 85         ; 3.418 ; 3.418 ;
;    Cell                   ;        ; 2     ; 0.610       ; 15         ; 0.000 ; 0.610 ;
;    uTco                   ;        ; 1     ; 0.000       ; 0          ; 0.000 ; 0.000 ;
;  Required Path            ;        ;       ;             ;            ;       ;       ;
;   Clock                   ;        ;       ;             ;            ;       ;       ;
;    Clock Network (Lumped) ;        ; 1     ; 3.764       ; 100        ; 3.764 ; 3.764 ;
+---------------------------+--------+-------+-------------+------------+-------+-------+
Note: Negative delays are omitted from totals when calculating percentages

+-----------------------------------------------------------------------------------------------------------+
; Data Arrival Path                                                                                         ;
+---------+---------+----+------+--------+----------------+-------------------------------------------------+
; Total   ; Incr    ; RF ; Type ; Fanout ; Location       ; Element                                         ;
+---------+---------+----+------+--------+----------------+-------------------------------------------------+
; 0.000   ; 0.000   ;    ;      ;        ;                ; launch edge time                                ;
; 4.344   ; 4.344   ;    ;      ;        ;                ; clock path                                      ;
;   4.344 ;   4.344 ; R  ;      ;        ;                ; clock network delay                             ;
; 8.372   ; 4.028   ;    ;      ;        ;                ; data path                                       ;
;   4.344 ;   0.000 ;    ; uTco ; 1      ; FF_X37_Y20_N35 ; reset_sync[1]                                   ;
;   4.344 ;   0.000 ; FF ; CELL ; 1361   ; FF_X37_Y20_N35 ; reset_sync[1]|q                                 ;
;   7.762 ;   3.418 ; FF ; IC   ; 1      ; FF_X51_Y23_N34 ; core|maps|age[10]|clrn                          ;
;   8.372 ;   0.610 ; FF ; CELL ; 1      ; FF_X51_Y23_N34 ; igor_top:core|igor_costmap_manager:maps|age[10] ;
+---------+---------+----+------+--------+----------------+-------------------------------------------------+

+------------------------------------------------------------------------------------------------------------+
; Data Required Path                                                                                         ;
+----------+---------+----+------+--------+----------------+-------------------------------------------------+
; Total    ; Incr    ; RF ; Type ; Fanout ; Location       ; Element                                         ;
+----------+---------+----+------+--------+----------------+-------------------------------------------------+
; 20.000   ; 20.000  ;    ;      ;        ;                ; latch edge time                                 ;
; 23.825   ; 3.825   ;    ;      ;        ;                ; clock path                                      ;
;   23.764 ;   3.764 ; R  ;      ;        ;                ; clock network delay                             ;
;   23.825 ;   0.061 ;    ;      ;        ;                ; clock pessimism removed                         ;
; 23.655   ; -0.170  ;    ;      ;        ;                ; clock uncertainty                               ;
; 23.655   ; 0.000   ;    ; uTsu ; 1      ; FF_X51_Y23_N34 ; igor_top:core|igor_costmap_manager:maps|age[10] ;
+----------+---------+----+------+--------+----------------+-------------------------------------------------+

----------------------------
; Extra Fitter Information ;
----------------------------
HTML report is unavailable in plain text report export.


Path #7: Recovery slack is 15.283 
===============================================================================
+-------------------------------------------------------------------------------+
; Path Summary                                                                  ;
+--------------------+----------------------------------------------------------+
; Property           ; Value                                                    ;
+--------------------+----------------------------------------------------------+
; From Node          ; reset_sync[1]                                            ;
; To Node            ; igor_top:core|igor_costmap_manager:maps|age[9]~DUPLICATE ;
; Launch Clock       ; FPGA_CLK1_50                                             ;
; Latch Clock        ; FPGA_CLK1_50                                             ;
; Data Arrival Time  ; 8.372                                                    ;
; Data Required Time ; 23.655                                                   ;
; Slack              ; 15.283                                                   ;
+--------------------+----------------------------------------------------------+

+---------------------------------------------------------------------------------------+
; Statistics                                                                            ;
+---------------------------+--------+-------+-------------+------------+-------+-------+
; Property                  ; Value  ; Count ; Total Delay ; % of Total ; Min   ; Max   ;
+---------------------------+--------+-------+-------------+------------+-------+-------+
; Recovery Relationship     ; 20.000 ;       ;             ;            ;       ;       ;
; Clock Skew                ; -0.519 ;       ;             ;            ;       ;       ;
; Data Delay                ; 4.028  ;       ;             ;            ;       ;       ;
; Number of Logic Levels    ;        ; 0     ;             ;            ;       ;       ;
; Physical Delays           ;        ;       ;             ;            ;       ;       ;
;  Arrival Path             ;        ;       ;             ;            ;       ;       ;
;   Clock                   ;        ;       ;             ;            ;       ;       ;
;    Clock Network (Lumped) ;        ; 1     ; 4.344       ; 100        ; 4.344 ; 4.344 ;
;   Data                    ;        ;       ;             ;            ;       ;       ;
;    IC                     ;        ; 1     ; 3.418       ; 85         ; 3.418 ; 3.418 ;
;    Cell                   ;        ; 2     ; 0.610       ; 15         ; 0.000 ; 0.610 ;
;    uTco                   ;        ; 1     ; 0.000       ; 0          ; 0.000 ; 0.000 ;
;  Required Path            ;        ;       ;             ;            ;       ;       ;
;   Clock                   ;        ;       ;             ;            ;       ;       ;
;    Clock Network (Lumped) ;        ; 1     ; 3.764       ; 100        ; 3.764 ; 3.764 ;
+---------------------------+--------+-------+-------------+------------+-------+-------+
Note: Negative delays are omitted from totals when calculating percentages

+--------------------------------------------------------------------------------------------------------------------+
; Data Arrival Path                                                                                                  ;
+---------+---------+----+------+--------+----------------+----------------------------------------------------------+
; Total   ; Incr    ; RF ; Type ; Fanout ; Location       ; Element                                                  ;
+---------+---------+----+------+--------+----------------+----------------------------------------------------------+
; 0.000   ; 0.000   ;    ;      ;        ;                ; launch edge time                                         ;
; 4.344   ; 4.344   ;    ;      ;        ;                ; clock path                                               ;
;   4.344 ;   4.344 ; R  ;      ;        ;                ; clock network delay                                      ;
; 8.372   ; 4.028   ;    ;      ;        ;                ; data path                                                ;
;   4.344 ;   0.000 ;    ; uTco ; 1      ; FF_X37_Y20_N35 ; reset_sync[1]                                            ;
;   4.344 ;   0.000 ; FF ; CELL ; 1361   ; FF_X37_Y20_N35 ; reset_sync[1]|q                                          ;
;   7.762 ;   3.418 ; FF ; IC   ; 1      ; FF_X51_Y23_N4  ; core|maps|age[9]~DUPLICATE|clrn                          ;
;   8.372 ;   0.610 ; FF ; CELL ; 1      ; FF_X51_Y23_N4  ; igor_top:core|igor_costmap_manager:maps|age[9]~DUPLICATE ;
+---------+---------+----+------+--------+----------------+----------------------------------------------------------+

+--------------------------------------------------------------------------------------------------------------------+
; Data Required Path                                                                                                 ;
+----------+---------+----+------+--------+---------------+----------------------------------------------------------+
; Total    ; Incr    ; RF ; Type ; Fanout ; Location      ; Element                                                  ;
+----------+---------+----+------+--------+---------------+----------------------------------------------------------+
; 20.000   ; 20.000  ;    ;      ;        ;               ; latch edge time                                          ;
; 23.825   ; 3.825   ;    ;      ;        ;               ; clock path                                               ;
;   23.764 ;   3.764 ; R  ;      ;        ;               ; clock network delay                                      ;
;   23.825 ;   0.061 ;    ;      ;        ;               ; clock pessimism removed                                  ;
; 23.655   ; -0.170  ;    ;      ;        ;               ; clock uncertainty                                        ;
; 23.655   ; 0.000   ;    ; uTsu ; 1      ; FF_X51_Y23_N4 ; igor_top:core|igor_costmap_manager:maps|age[9]~DUPLICATE ;
+----------+---------+----+------+--------+---------------+----------------------------------------------------------+

----------------------------
; Extra Fitter Information ;
----------------------------
HTML report is unavailable in plain text report export.


Path #8: Recovery slack is 15.283 
===============================================================================
+---------------------------------------------------------------------+
; Path Summary                                                        ;
+--------------------+------------------------------------------------+
; Property           ; Value                                          ;
+--------------------+------------------------------------------------+
; From Node          ; reset_sync[1]                                  ;
; To Node            ; igor_top:core|igor_costmap_manager:maps|age[7] ;
; Launch Clock       ; FPGA_CLK1_50                                   ;
; Latch Clock        ; FPGA_CLK1_50                                   ;
; Data Arrival Time  ; 8.372                                          ;
; Data Required Time ; 23.655                                         ;
; Slack              ; 15.283                                         ;
+--------------------+------------------------------------------------+

+---------------------------------------------------------------------------------------+
; Statistics                                                                            ;
+---------------------------+--------+-------+-------------+------------+-------+-------+
; Property                  ; Value  ; Count ; Total Delay ; % of Total ; Min   ; Max   ;
+---------------------------+--------+-------+-------------+------------+-------+-------+
; Recovery Relationship     ; 20.000 ;       ;             ;            ;       ;       ;
; Clock Skew                ; -0.519 ;       ;             ;            ;       ;       ;
; Data Delay                ; 4.028  ;       ;             ;            ;       ;       ;
; Number of Logic Levels    ;        ; 0     ;             ;            ;       ;       ;
; Physical Delays           ;        ;       ;             ;            ;       ;       ;
;  Arrival Path             ;        ;       ;             ;            ;       ;       ;
;   Clock                   ;        ;       ;             ;            ;       ;       ;
;    Clock Network (Lumped) ;        ; 1     ; 4.344       ; 100        ; 4.344 ; 4.344 ;
;   Data                    ;        ;       ;             ;            ;       ;       ;
;    IC                     ;        ; 1     ; 3.418       ; 85         ; 3.418 ; 3.418 ;
;    Cell                   ;        ; 2     ; 0.610       ; 15         ; 0.000 ; 0.610 ;
;    uTco                   ;        ; 1     ; 0.000       ; 0          ; 0.000 ; 0.000 ;
;  Required Path            ;        ;       ;             ;            ;       ;       ;
;   Clock                   ;        ;       ;             ;            ;       ;       ;
;    Clock Network (Lumped) ;        ; 1     ; 3.764       ; 100        ; 3.764 ; 3.764 ;
+---------------------------+--------+-------+-------------+------------+-------+-------+
Note: Negative delays are omitted from totals when calculating percentages

+----------------------------------------------------------------------------------------------------------+
; Data Arrival Path                                                                                        ;
+---------+---------+----+------+--------+----------------+------------------------------------------------+
; Total   ; Incr    ; RF ; Type ; Fanout ; Location       ; Element                                        ;
+---------+---------+----+------+--------+----------------+------------------------------------------------+
; 0.000   ; 0.000   ;    ;      ;        ;                ; launch edge time                               ;
; 4.344   ; 4.344   ;    ;      ;        ;                ; clock path                                     ;
;   4.344 ;   4.344 ; R  ;      ;        ;                ; clock network delay                            ;
; 8.372   ; 4.028   ;    ;      ;        ;                ; data path                                      ;
;   4.344 ;   0.000 ;    ; uTco ; 1      ; FF_X37_Y20_N35 ; reset_sync[1]                                  ;
;   4.344 ;   0.000 ; FF ; CELL ; 1361   ; FF_X37_Y20_N35 ; reset_sync[1]|q                                ;
;   7.762 ;   3.418 ; FF ; IC   ; 1      ; FF_X51_Y23_N16 ; core|maps|age[7]|clrn                          ;
;   8.372 ;   0.610 ; FF ; CELL ; 1      ; FF_X51_Y23_N16 ; igor_top:core|igor_costmap_manager:maps|age[7] ;
+---------+---------+----+------+--------+----------------+------------------------------------------------+

+-----------------------------------------------------------------------------------------------------------+
; Data Required Path                                                                                        ;
+----------+---------+----+------+--------+----------------+------------------------------------------------+
; Total    ; Incr    ; RF ; Type ; Fanout ; Location       ; Element                                        ;
+----------+---------+----+------+--------+----------------+------------------------------------------------+
; 20.000   ; 20.000  ;    ;      ;        ;                ; latch edge time                                ;
; 23.825   ; 3.825   ;    ;      ;        ;                ; clock path                                     ;
;   23.764 ;   3.764 ; R  ;      ;        ;                ; clock network delay                            ;
;   23.825 ;   0.061 ;    ;      ;        ;                ; clock pessimism removed                        ;
; 23.655   ; -0.170  ;    ;      ;        ;                ; clock uncertainty                              ;
; 23.655   ; 0.000   ;    ; uTsu ; 1      ; FF_X51_Y23_N16 ; igor_top:core|igor_costmap_manager:maps|age[7] ;
+----------+---------+----+------+--------+----------------+------------------------------------------------+

----------------------------
; Extra Fitter Information ;
----------------------------
HTML report is unavailable in plain text report export.


Path #9: Recovery slack is 15.283 
===============================================================================
+----------------------------------------------------------------------+
; Path Summary                                                         ;
+--------------------+-------------------------------------------------+
; Property           ; Value                                           ;
+--------------------+-------------------------------------------------+
; From Node          ; reset_sync[1]                                   ;
; To Node            ; igor_top:core|igor_costmap_manager:maps|age[19] ;
; Launch Clock       ; FPGA_CLK1_50                                    ;
; Latch Clock        ; FPGA_CLK1_50                                    ;
; Data Arrival Time  ; 8.372                                           ;
; Data Required Time ; 23.655                                          ;
; Slack              ; 15.283                                          ;
+--------------------+-------------------------------------------------+

+---------------------------------------------------------------------------------------+
; Statistics                                                                            ;
+---------------------------+--------+-------+-------------+------------+-------+-------+
; Property                  ; Value  ; Count ; Total Delay ; % of Total ; Min   ; Max   ;
+---------------------------+--------+-------+-------------+------------+-------+-------+
; Recovery Relationship     ; 20.000 ;       ;             ;            ;       ;       ;
; Clock Skew                ; -0.519 ;       ;             ;            ;       ;       ;
; Data Delay                ; 4.028  ;       ;             ;            ;       ;       ;
; Number of Logic Levels    ;        ; 0     ;             ;            ;       ;       ;
; Physical Delays           ;        ;       ;             ;            ;       ;       ;
;  Arrival Path             ;        ;       ;             ;            ;       ;       ;
;   Clock                   ;        ;       ;             ;            ;       ;       ;
;    Clock Network (Lumped) ;        ; 1     ; 4.344       ; 100        ; 4.344 ; 4.344 ;
;   Data                    ;        ;       ;             ;            ;       ;       ;
;    IC                     ;        ; 1     ; 3.418       ; 85         ; 3.418 ; 3.418 ;
;    Cell                   ;        ; 2     ; 0.610       ; 15         ; 0.000 ; 0.610 ;
;    uTco                   ;        ; 1     ; 0.000       ; 0          ; 0.000 ; 0.000 ;
;  Required Path            ;        ;       ;             ;            ;       ;       ;
;   Clock                   ;        ;       ;             ;            ;       ;       ;
;    Clock Network (Lumped) ;        ; 1     ; 3.764       ; 100        ; 3.764 ; 3.764 ;
+---------------------------+--------+-------+-------------+------------+-------+-------+
Note: Negative delays are omitted from totals when calculating percentages

+-----------------------------------------------------------------------------------------------------------+
; Data Arrival Path                                                                                         ;
+---------+---------+----+------+--------+----------------+-------------------------------------------------+
; Total   ; Incr    ; RF ; Type ; Fanout ; Location       ; Element                                         ;
+---------+---------+----+------+--------+----------------+-------------------------------------------------+
; 0.000   ; 0.000   ;    ;      ;        ;                ; launch edge time                                ;
; 4.344   ; 4.344   ;    ;      ;        ;                ; clock path                                      ;
;   4.344 ;   4.344 ; R  ;      ;        ;                ; clock network delay                             ;
; 8.372   ; 4.028   ;    ;      ;        ;                ; data path                                       ;
;   4.344 ;   0.000 ;    ; uTco ; 1      ; FF_X37_Y20_N35 ; reset_sync[1]                                   ;
;   4.344 ;   0.000 ; FF ; CELL ; 1361   ; FF_X37_Y20_N35 ; reset_sync[1]|q                                 ;
;   7.762 ;   3.418 ; FF ; IC   ; 1      ; FF_X51_Y23_N40 ; core|maps|age[19]|clrn                          ;
;   8.372 ;   0.610 ; FF ; CELL ; 1      ; FF_X51_Y23_N40 ; igor_top:core|igor_costmap_manager:maps|age[19] ;
+---------+---------+----+------+--------+----------------+-------------------------------------------------+

+------------------------------------------------------------------------------------------------------------+
; Data Required Path                                                                                         ;
+----------+---------+----+------+--------+----------------+-------------------------------------------------+
; Total    ; Incr    ; RF ; Type ; Fanout ; Location       ; Element                                         ;
+----------+---------+----+------+--------+----------------+-------------------------------------------------+
; 20.000   ; 20.000  ;    ;      ;        ;                ; latch edge time                                 ;
; 23.825   ; 3.825   ;    ;      ;        ;                ; clock path                                      ;
;   23.764 ;   3.764 ; R  ;      ;        ;                ; clock network delay                             ;
;   23.825 ;   0.061 ;    ;      ;        ;                ; clock pessimism removed                         ;
; 23.655   ; -0.170  ;    ;      ;        ;                ; clock uncertainty                               ;
; 23.655   ; 0.000   ;    ; uTsu ; 1      ; FF_X51_Y23_N40 ; igor_top:core|igor_costmap_manager:maps|age[19] ;
+----------+---------+----+------+--------+----------------+-------------------------------------------------+

----------------------------
; Extra Fitter Information ;
----------------------------
HTML report is unavailable in plain text report export.


Path #10: Recovery slack is 15.283 
===============================================================================
+---------------------------------------------------------------------+
; Path Summary                                                        ;
+--------------------+------------------------------------------------+
; Property           ; Value                                          ;
+--------------------+------------------------------------------------+
; From Node          ; reset_sync[1]                                  ;
; To Node            ; igor_top:core|igor_costmap_manager:maps|age[0] ;
; Launch Clock       ; FPGA_CLK1_50                                   ;
; Latch Clock        ; FPGA_CLK1_50                                   ;
; Data Arrival Time  ; 8.372                                          ;
; Data Required Time ; 23.655                                         ;
; Slack              ; 15.283                                         ;
+--------------------+------------------------------------------------+

+---------------------------------------------------------------------------------------+
; Statistics                                                                            ;
+---------------------------+--------+-------+-------------+------------+-------+-------+
; Property                  ; Value  ; Count ; Total Delay ; % of Total ; Min   ; Max   ;
+---------------------------+--------+-------+-------------+------------+-------+-------+
; Recovery Relationship     ; 20.000 ;       ;             ;            ;       ;       ;
; Clock Skew                ; -0.519 ;       ;             ;            ;       ;       ;
; Data Delay                ; 4.028  ;       ;             ;            ;       ;       ;
; Number of Logic Levels    ;        ; 0     ;             ;            ;       ;       ;
; Physical Delays           ;        ;       ;             ;            ;       ;       ;
;  Arrival Path             ;        ;       ;             ;            ;       ;       ;
;   Clock                   ;        ;       ;             ;            ;       ;       ;
;    Clock Network (Lumped) ;        ; 1     ; 4.344       ; 100        ; 4.344 ; 4.344 ;
;   Data                    ;        ;       ;             ;            ;       ;       ;
;    IC                     ;        ; 1     ; 3.418       ; 85         ; 3.418 ; 3.418 ;
;    Cell                   ;        ; 2     ; 0.610       ; 15         ; 0.000 ; 0.610 ;
;    uTco                   ;        ; 1     ; 0.000       ; 0          ; 0.000 ; 0.000 ;
;  Required Path            ;        ;       ;             ;            ;       ;       ;
;   Clock                   ;        ;       ;             ;            ;       ;       ;
;    Clock Network (Lumped) ;        ; 1     ; 3.764       ; 100        ; 3.764 ; 3.764 ;
+---------------------------+--------+-------+-------------+------------+-------+-------+
Note: Negative delays are omitted from totals when calculating percentages

+----------------------------------------------------------------------------------------------------------+
; Data Arrival Path                                                                                        ;
+---------+---------+----+------+--------+----------------+------------------------------------------------+
; Total   ; Incr    ; RF ; Type ; Fanout ; Location       ; Element                                        ;
+---------+---------+----+------+--------+----------------+------------------------------------------------+
; 0.000   ; 0.000   ;    ;      ;        ;                ; launch edge time                               ;
; 4.344   ; 4.344   ;    ;      ;        ;                ; clock path                                     ;
;   4.344 ;   4.344 ; R  ;      ;        ;                ; clock network delay                            ;
; 8.372   ; 4.028   ;    ;      ;        ;                ; data path                                      ;
;   4.344 ;   0.000 ;    ; uTco ; 1      ; FF_X37_Y20_N35 ; reset_sync[1]                                  ;
;   4.344 ;   0.000 ; FF ; CELL ; 1361   ; FF_X37_Y20_N35 ; reset_sync[1]|q                                ;
;   7.762 ;   3.418 ; FF ; IC   ; 1      ; FF_X51_Y23_N46 ; core|maps|age[0]|clrn                          ;
;   8.372 ;   0.610 ; FF ; CELL ; 1      ; FF_X51_Y23_N46 ; igor_top:core|igor_costmap_manager:maps|age[0] ;
+---------+---------+----+------+--------+----------------+------------------------------------------------+

+-----------------------------------------------------------------------------------------------------------+
; Data Required Path                                                                                        ;
+----------+---------+----+------+--------+----------------+------------------------------------------------+
; Total    ; Incr    ; RF ; Type ; Fanout ; Location       ; Element                                        ;
+----------+---------+----+------+--------+----------------+------------------------------------------------+
; 20.000   ; 20.000  ;    ;      ;        ;                ; latch edge time                                ;
; 23.825   ; 3.825   ;    ;      ;        ;                ; clock path                                     ;
;   23.764 ;   3.764 ; R  ;      ;        ;                ; clock network delay                            ;
;   23.825 ;   0.061 ;    ;      ;        ;                ; clock pessimism removed                        ;
; 23.655   ; -0.170  ;    ;      ;        ;                ; clock uncertainty                              ;
; 23.655   ; 0.000   ;    ; uTsu ; 1      ; FF_X51_Y23_N46 ; igor_top:core|igor_costmap_manager:maps|age[0] ;
+----------+---------+----+------+--------+----------------+------------------------------------------------+

----------------------------
; Extra Fitter Information ;
----------------------------
HTML report is unavailable in plain text report export.


