----------------
; Command Info ;
----------------
Report Timing: Found 10 removal paths (0 violated).  Worst case slack is 0.962 

Tcl Command:
    report_timing -removal -file reports/removal.rpt -npaths 10

Options:
    -removal 
    -npaths 10 
    -file {reports/removal.rpt} 

Delay Model:
    Slow 1100mV 100C Model

+------------------------------------------------------------------------------------------------------------------------------------------------------------------------------+
; Summary of Paths                                                                                                                                                             ;
+-------+---------------+-------------------------------------------------------------------------------+--------------+--------------+--------------+------------+------------+
; Slack ; From Node     ; To Node                                                                       ; Launch Clock ; Latch Clock  ; Relationship ; Clock Skew ; Data Delay ;
+-------+---------------+-------------------------------------------------------------------------------+--------------+--------------+--------------+------------+------------+
; 0.962 ; reset_sync[1] ; igor_top:core|igor_rollout_tile:tiles[1].tile|candidate_index[5]~_Duplicate_1 ; FPGA_CLK1_50 ; FPGA_CLK1_50 ; 0.000        ; 0.787      ; 1.749      ;
; 0.962 ; reset_sync[1] ; igor_top:core|igor_rollout_tile:tiles[1].tile|candidate_index[6]~_Duplicate_1 ; FPGA_CLK1_50 ; FPGA_CLK1_50 ; 0.000        ; 0.787      ; 1.749      ;
; 0.962 ; reset_sync[1] ; igor_top:core|igor_rollout_tile:tiles[1].tile|candidate_index[7]~_Duplicate_1 ; FPGA_CLK1_50 ; FPGA_CLK1_50 ; 0.000        ; 0.787      ; 1.749      ;
; 0.962 ; reset_sync[1] ; igor_top:core|igor_rollout_tile:tiles[1].tile|candidate_index[8]~_Duplicate_1 ; FPGA_CLK1_50 ; FPGA_CLK1_50 ; 0.000        ; 0.787      ; 1.749      ;
; 1.026 ; reset_sync[1] ; igor_top:core|elapsed[1]                                                      ; FPGA_CLK1_50 ; FPGA_CLK1_50 ; 0.000        ; 0.086      ; 1.112      ;
; 1.026 ; reset_sync[1] ; igor_top:core|elapsed[3]                                                      ; FPGA_CLK1_50 ; FPGA_CLK1_50 ; 0.000        ; 0.086      ; 1.112      ;
; 1.026 ; reset_sync[1] ; igor_top:core|elapsed[5]                                                      ; FPGA_CLK1_50 ; FPGA_CLK1_50 ; 0.000        ; 0.086      ; 1.112      ;
; 1.026 ; reset_sync[1] ; igor_top:core|elapsed[7]                                                      ; FPGA_CLK1_50 ; FPGA_CLK1_50 ; 0.000        ; 0.086      ; 1.112      ;
; 1.026 ; reset_sync[1] ; igor_top:core|elapsed[9]                                                      ; FPGA_CLK1_50 ; FPGA_CLK1_50 ; 0.000        ; 0.086      ; 1.112      ;
; 1.026 ; reset_sync[1] ; igor_top:core|elapsed[11]                                                     ; FPGA_CLK1_50 ; FPGA_CLK1_50 ; 0.000        ; 0.086      ; 1.112      ;
+-------+---------------+-------------------------------------------------------------------------------+--------------+--------------+--------------+------------+------------+

Path #1: Removal slack is 0.962 
===============================================================================
+----------------------------------------------------------------------------------------------------+
; Path Summary                                                                                       ;
+--------------------+-------------------------------------------------------------------------------+
; Property           ; Value                                                                         ;
+--------------------+-------------------------------------------------------------------------------+
; From Node          ; reset_sync[1]                                                                 ;
; To Node            ; igor_top:core|igor_rollout_tile:tiles[1].tile|candidate_index[5]~_Duplicate_1 ;
; Launch Clock       ; FPGA_CLK1_50                                                                  ;
; Latch Clock        ; FPGA_CLK1_50                                                                  ;
; Data Arrival Time  ; 5.557                                                                         ;
; Data Required Time ; 4.595                                                                         ;
; Slack              ; 0.962                                                                         ;
+--------------------+-------------------------------------------------------------------------------+

+--------------------------------------------------------------------------------------+
; Statistics                                                                           ;
+---------------------------+-------+-------+-------------+------------+-------+-------+
; Property                  ; Value ; Count ; Total Delay ; % of Total ; Min   ; Max   ;
+---------------------------+-------+-------+-------------+------------+-------+-------+
; Removal Relationship      ; 0.000 ;       ;             ;            ;       ;       ;
; Clock Skew                ; 0.787 ;       ;             ;            ;       ;       ;
; Data Delay                ; 1.749 ;       ;             ;            ;       ;       ;
; Number of Logic Levels    ;       ; 0     ;             ;            ;       ;       ;
; Physical Delays           ;       ;       ;             ;            ;       ;       ;
;  Arrival Path             ;       ;       ;             ;            ;       ;       ;
;   Clock                   ;       ;       ;             ;            ;       ;       ;
;    Clock Network (Lumped) ;       ; 1     ; 3.808       ; 100        ; 3.808 ; 3.808 ;
;   Data                    ;       ;       ;             ;            ;       ;       ;
;    IC                     ;       ; 1     ; 1.384       ; 79         ; 1.384 ; 1.384 ;
;    Cell                   ;       ; 2     ; 0.365       ; 21         ; 0.000 ; 0.365 ;
;    uTco                   ;       ; 1     ; 0.000       ; 0          ; 0.000 ; 0.000 ;
;  Required Path            ;       ;       ;             ;            ;       ;       ;
;   Clock                   ;       ;       ;             ;            ;       ;       ;
;    Clock Network (Lumped) ;       ; 1     ; 4.656       ; 100        ; 4.656 ; 4.656 ;
+---------------------------+-------+-------+-------------+------------+-------+-------+
Note: Negative delays are omitted from totals when calculating percentages

+-----------------------------------------------------------------------------------------------------------------------------------------+
; Data Arrival Path                                                                                                                       ;
+---------+---------+----+------+--------+----------------+-------------------------------------------------------------------------------+
; Total   ; Incr    ; RF ; Type ; Fanout ; Location       ; Element                                                                       ;
+---------+---------+----+------+--------+----------------+-------------------------------------------------------------------------------+
; 0.000   ; 0.000   ;    ;      ;        ;                ; launch edge time                                                              ;
; 3.808   ; 3.808   ;    ;      ;        ;                ; clock path                                                                    ;
;   3.808 ;   3.808 ; R  ;      ;        ;                ; clock network delay                                                           ;
; 5.557   ; 1.749   ;    ;      ;        ;                ; data path                                                                     ;
;   3.808 ;   0.000 ;    ; uTco ; 1      ; FF_X37_Y20_N35 ; reset_sync[1]                                                                 ;
;   3.808 ;   0.000 ; RR ; CELL ; 1361   ; FF_X37_Y20_N35 ; reset_sync[1]|q                                                               ;
;   5.192 ;   1.384 ; RR ; IC   ; 4      ; DSP_X20_Y18_N0 ; core|tiles[1].tile|stepper|Mult1~8|aclr[0]                                    ;
;   5.557 ;   0.365 ; RF ; CELL ; 17     ; DSP_X20_Y18_N0 ; igor_top:core|igor_rollout_tile:tiles[1].tile|candidate_index[5]~_Duplicate_1 ;
+---------+---------+----+------+--------+----------------+-------------------------------------------------------------------------------+

+------------------------------------------------------------------------------------------------------------------------------------------+
; Data Required Path                                                                                                                       ;
+---------+----------+----+------+--------+----------------+-------------------------------------------------------------------------------+
; Total   ; Incr     ; RF ; Type ; Fanout ; Location       ; Element                                                                       ;
+---------+----------+----+------+--------+----------------+-------------------------------------------------------------------------------+
; 0.000   ; 0.000    ;    ;      ;        ;                ; latch edge time                                                               ;
; 4.595   ; 4.595    ;    ;      ;        ;                ; clock path                                                                    ;
;   4.656 ;   4.656  ; R  ;      ;        ;                ; clock network delay                                                           ;
;   4.595 ;   -0.061 ;    ;      ;        ;                ; clock pessimism removed                                                       ;
; 4.595   ; 0.000    ;    ;      ;        ;                ; clock uncertainty                                                             ;
; 4.595   ; 0.000    ;    ; uTh  ; 17     ; DSP_X20_Y18_N0 ; igor_top:core|igor_rollout_tile:tiles[1].tile|candidate_index[5]~_Duplicate_1 ;
+---------+----------+----+------+--------+----------------+-------------------------------------------------------------------------------+

----------------------------
; Extra Fitter Information ;
----------------------------
HTML report is unavailable in plain text report export.


Path #2: Removal slack is 0.962 
===============================================================================
+----------------------------------------------------------------------------------------------------+
; Path Summary                                                                                       ;
+--------------------+-------------------------------------------------------------------------------+
; Property           ; Value                                                                         ;
+--------------------+-------------------------------------------------------------------------------+
; From Node          ; reset_sync[1]                                                                 ;
; To Node            ; igor_top:core|igor_rollout_tile:tiles[1].tile|candidate_index[6]~_Duplicate_1 ;
; Launch Clock       ; FPGA_CLK1_50                                                                  ;
; Latch Clock        ; FPGA_CLK1_50                                                                  ;
; Data Arrival Time  ; 5.557                                                                         ;
; Data Required Time ; 4.595                                                                         ;
; Slack              ; 0.962                                                                         ;
+--------------------+-------------------------------------------------------------------------------+

+--------------------------------------------------------------------------------------+
; Statistics                                                                           ;
+---------------------------+-------+-------+-------------+------------+-------+-------+
; Property                  ; Value ; Count ; Total Delay ; % of Total ; Min   ; Max   ;
+---------------------------+-------+-------+-------------+------------+-------+-------+
; Removal Relationship      ; 0.000 ;       ;             ;            ;       ;       ;
; Clock Skew                ; 0.787 ;       ;             ;            ;       ;       ;
; Data Delay                ; 1.749 ;       ;             ;            ;       ;       ;
; Number of Logic Levels    ;       ; 0     ;             ;            ;       ;       ;
; Physical Delays           ;       ;       ;             ;            ;       ;       ;
;  Arrival Path             ;       ;       ;             ;            ;       ;       ;
;   Clock                   ;       ;       ;             ;            ;       ;       ;
;    Clock Network (Lumped) ;       ; 1     ; 3.808       ; 100        ; 3.808 ; 3.808 ;
;   Data                    ;       ;       ;             ;            ;       ;       ;
;    IC                     ;       ; 1     ; 1.384       ; 79         ; 1.384 ; 1.384 ;
;    Cell                   ;       ; 2     ; 0.365       ; 21         ; 0.000 ; 0.365 ;
;    uTco                   ;       ; 1     ; 0.000       ; 0          ; 0.000 ; 0.000 ;
;  Required Path            ;       ;       ;             ;            ;       ;       ;
;   Clock                   ;       ;       ;             ;            ;       ;       ;
;    Clock Network (Lumped) ;       ; 1     ; 4.656       ; 100        ; 4.656 ; 4.656 ;
+---------------------------+-------+-------+-------------+------------+-------+-------+
Note: Negative delays are omitted from totals when calculating percentages

+-----------------------------------------------------------------------------------------------------------------------------------------+
; Data Arrival Path                                                                                                                       ;
+---------+---------+----+------+--------+----------------+-------------------------------------------------------------------------------+
; Total   ; Incr    ; RF ; Type ; Fanout ; Location       ; Element                                                                       ;
+---------+---------+----+------+--------+----------------+-------------------------------------------------------------------------------+
; 0.000   ; 0.000   ;    ;      ;        ;                ; launch edge time                                                              ;
; 3.808   ; 3.808   ;    ;      ;        ;                ; clock path                                                                    ;
;   3.808 ;   3.808 ; R  ;      ;        ;                ; clock network delay                                                           ;
; 5.557   ; 1.749   ;    ;      ;        ;                ; data path                                                                     ;
;   3.808 ;   0.000 ;    ; uTco ; 1      ; FF_X37_Y20_N35 ; reset_sync[1]                                                                 ;
;   3.808 ;   0.000 ; RR ; CELL ; 1361   ; FF_X37_Y20_N35 ; reset_sync[1]|q                                                               ;
;   5.192 ;   1.384 ; RR ; IC   ; 4      ; DSP_X20_Y18_N0 ; core|tiles[1].tile|stepper|Mult1~8|aclr[0]                                    ;
;   5.557 ;   0.365 ; RF ; CELL ; 0      ; DSP_X20_Y18_N0 ; igor_top:core|igor_rollout_tile:tiles[1].tile|candidate_index[6]~_Duplicate_1 ;
+---------+---------+----+------+--------+----------------+-------------------------------------------------------------------------------+

+------------------------------------------------------------------------------------------------------------------------------------------+
; Data Required Path                                                                                                                       ;
+---------+----------+----+------+--------+----------------+-------------------------------------------------------------------------------+
; Total   ; Incr     ; RF ; Type ; Fanout ; Location       ; Element                                                                       ;
+---------+----------+----+------+--------+----------------+-------------------------------------------------------------------------------+
; 0.000   ; 0.000    ;    ;      ;        ;                ; latch edge time                                                               ;
; 4.595   ; 4.595    ;    ;      ;        ;                ; clock path                                                                    ;
;   4.656 ;   4.656  ; R  ;      ;        ;                ; clock network delay                                                           ;
;   4.595 ;   -0.061 ;    ;      ;        ;                ; clock pessimism removed                                                       ;
; 4.595   ; 0.000    ;    ;      ;        ;                ; clock uncertainty                                                             ;
; 4.595   ; 0.000    ;    ; uTh  ; 0      ; DSP_X20_Y18_N0 ; igor_top:core|igor_rollout_tile:tiles[1].tile|candidate_index[6]~_Duplicate_1 ;
+---------+----------+----+------+--------+----------------+-------------------------------------------------------------------------------+

----------------------------
; Extra Fitter Information ;
----------------------------
HTML report is unavailable in plain text report export.


Path #3: Removal slack is 0.962 
===============================================================================
+----------------------------------------------------------------------------------------------------+
; Path Summary                                                                                       ;
+--------------------+-------------------------------------------------------------------------------+
; Property           ; Value                                                                         ;
+--------------------+-------------------------------------------------------------------------------+
; From Node          ; reset_sync[1]                                                                 ;
; To Node            ; igor_top:core|igor_rollout_tile:tiles[1].tile|candidate_index[7]~_Duplicate_1 ;
; Launch Clock       ; FPGA_CLK1_50                                                                  ;
; Latch Clock        ; FPGA_CLK1_50                                                                  ;
; Data Arrival Time  ; 5.557                                                                         ;
; Data Required Time ; 4.595                                                                         ;
; Slack              ; 0.962                                                                         ;
+--------------------+-------------------------------------------------------------------------------+

+--------------------------------------------------------------------------------------+
; Statistics                                                                           ;
+---------------------------+-------+-------+-------------+------------+-------+-------+
; Property                  ; Value ; Count ; Total Delay ; % of Total ; Min   ; Max   ;
+---------------------------+-------+-------+-------------+------------+-------+-------+
; Removal Relationship      ; 0.000 ;       ;             ;            ;       ;       ;
; Clock Skew                ; 0.787 ;       ;             ;            ;       ;       ;
; Data Delay                ; 1.749 ;       ;             ;            ;       ;       ;
; Number of Logic Levels    ;       ; 0     ;             ;            ;       ;       ;
; Physical Delays           ;       ;       ;             ;            ;       ;       ;
;  Arrival Path             ;       ;       ;             ;            ;       ;       ;
;   Clock                   ;       ;       ;             ;            ;       ;       ;
;    Clock Network (Lumped) ;       ; 1     ; 3.808       ; 100        ; 3.808 ; 3.808 ;
;   Data                    ;       ;       ;             ;            ;       ;       ;
;    IC                     ;       ; 1     ; 1.384       ; 79         ; 1.384 ; 1.384 ;
;    Cell                   ;       ; 2     ; 0.365       ; 21         ; 0.000 ; 0.365 ;
;    uTco                   ;       ; 1     ; 0.000       ; 0          ; 0.000 ; 0.000 ;
;  Required Path            ;       ;       ;             ;            ;       ;       ;
;   Clock                   ;       ;       ;             ;            ;       ;       ;
;    Clock Network (Lumped) ;       ; 1     ; 4.656       ; 100        ; 4.656 ; 4.656 ;
+---------------------------+-------+-------+-------------+------------+-------+-------+
Note: Negative delays are omitted from totals when calculating percentages

+-----------------------------------------------------------------------------------------------------------------------------------------+
; Data Arrival Path                                                                                                                       ;
+---------+---------+----+------+--------+----------------+-------------------------------------------------------------------------------+
; Total   ; Incr    ; RF ; Type ; Fanout ; Location       ; Element                                                                       ;
+---------+---------+----+------+--------+----------------+-------------------------------------------------------------------------------+
; 0.000   ; 0.000   ;    ;      ;        ;                ; launch edge time                                                              ;
; 3.808   ; 3.808   ;    ;      ;        ;                ; clock path                                                                    ;
;   3.808 ;   3.808 ; R  ;      ;        ;                ; clock network delay                                                           ;
; 5.557   ; 1.749   ;    ;      ;        ;                ; data path                                                                     ;
;   3.808 ;   0.000 ;    ; uTco ; 1      ; FF_X37_Y20_N35 ; reset_sync[1]                                                                 ;
;   3.808 ;   0.000 ; RR ; CELL ; 1361   ; FF_X37_Y20_N35 ; reset_sync[1]|q                                                               ;
;   5.192 ;   1.384 ; RR ; IC   ; 4      ; DSP_X20_Y18_N0 ; core|tiles[1].tile|stepper|Mult1~8|aclr[0]                                    ;
;   5.557 ;   0.365 ; RF ; CELL ; 0      ; DSP_X20_Y18_N0 ; igor_top:core|igor_rollout_tile:tiles[1].tile|candidate_index[7]~_Duplicate_1 ;
+---------+---------+----+------+--------+----------------+-------------------------------------------------------------------------------+

+------------------------------------------------------------------------------------------------------------------------------------------+
; Data Required Path                                                                                                                       ;
+---------+----------+----+------+--------+----------------+-------------------------------------------------------------------------------+
; Total   ; Incr     ; RF ; Type ; Fanout ; Location       ; Element                                                                       ;
+---------+----------+----+------+--------+----------------+-------------------------------------------------------------------------------+
; 0.000   ; 0.000    ;    ;      ;        ;                ; latch edge time                                                               ;
; 4.595   ; 4.595    ;    ;      ;        ;                ; clock path                                                                    ;
;   4.656 ;   4.656  ; R  ;      ;        ;                ; clock network delay                                                           ;
;   4.595 ;   -0.061 ;    ;      ;        ;                ; clock pessimism removed                                                       ;
; 4.595   ; 0.000    ;    ;      ;        ;                ; clock uncertainty                                                             ;
; 4.595   ; 0.000    ;    ; uTh  ; 0      ; DSP_X20_Y18_N0 ; igor_top:core|igor_rollout_tile:tiles[1].tile|candidate_index[7]~_Duplicate_1 ;
+---------+----------+----+------+--------+----------------+-------------------------------------------------------------------------------+

----------------------------
; Extra Fitter Information ;
----------------------------
HTML report is unavailable in plain text report export.


Path #4: Removal slack is 0.962 
===============================================================================
+----------------------------------------------------------------------------------------------------+
; Path Summary                                                                                       ;
+--------------------+-------------------------------------------------------------------------------+
; Property           ; Value                                                                         ;
+--------------------+-------------------------------------------------------------------------------+
; From Node          ; reset_sync[1]                                                                 ;
; To Node            ; igor_top:core|igor_rollout_tile:tiles[1].tile|candidate_index[8]~_Duplicate_1 ;
; Launch Clock       ; FPGA_CLK1_50                                                                  ;
; Latch Clock        ; FPGA_CLK1_50                                                                  ;
; Data Arrival Time  ; 5.557                                                                         ;
; Data Required Time ; 4.595                                                                         ;
; Slack              ; 0.962                                                                         ;
+--------------------+-------------------------------------------------------------------------------+

+--------------------------------------------------------------------------------------+
; Statistics                                                                           ;
+---------------------------+-------+-------+-------------+------------+-------+-------+
; Property                  ; Value ; Count ; Total Delay ; % of Total ; Min   ; Max   ;
+---------------------------+-------+-------+-------------+------------+-------+-------+
; Removal Relationship      ; 0.000 ;       ;             ;            ;       ;       ;
; Clock Skew                ; 0.787 ;       ;             ;            ;       ;       ;
; Data Delay                ; 1.749 ;       ;             ;            ;       ;       ;
; Number of Logic Levels    ;       ; 0     ;             ;            ;       ;       ;
; Physical Delays           ;       ;       ;             ;            ;       ;       ;
;  Arrival Path             ;       ;       ;             ;            ;       ;       ;
;   Clock                   ;       ;       ;             ;            ;       ;       ;
;    Clock Network (Lumped) ;       ; 1     ; 3.808       ; 100        ; 3.808 ; 3.808 ;
;   Data                    ;       ;       ;             ;            ;       ;       ;
;    IC                     ;       ; 1     ; 1.384       ; 79         ; 1.384 ; 1.384 ;
;    Cell                   ;       ; 2     ; 0.365       ; 21         ; 0.000 ; 0.365 ;
;    uTco                   ;       ; 1     ; 0.000       ; 0          ; 0.000 ; 0.000 ;
;  Required Path            ;       ;       ;             ;            ;       ;       ;
;   Clock                   ;       ;       ;             ;            ;       ;       ;
;    Clock Network (Lumped) ;       ; 1     ; 4.656       ; 100        ; 4.656 ; 4.656 ;
+---------------------------+-------+-------+-------------+------------+-------+-------+
Note: Negative delays are omitted from totals when calculating percentages

+-----------------------------------------------------------------------------------------------------------------------------------------+
; Data Arrival Path                                                                                                                       ;
+---------+---------+----+------+--------+----------------+-------------------------------------------------------------------------------+
; Total   ; Incr    ; RF ; Type ; Fanout ; Location       ; Element                                                                       ;
+---------+---------+----+------+--------+----------------+-------------------------------------------------------------------------------+
; 0.000   ; 0.000   ;    ;      ;        ;                ; launch edge time                                                              ;
; 3.808   ; 3.808   ;    ;      ;        ;                ; clock path                                                                    ;
;   3.808 ;   3.808 ; R  ;      ;        ;                ; clock network delay                                                           ;
; 5.557   ; 1.749   ;    ;      ;        ;                ; data path                                                                     ;
;   3.808 ;   0.000 ;    ; uTco ; 1      ; FF_X37_Y20_N35 ; reset_sync[1]                                                                 ;
;   3.808 ;   0.000 ; RR ; CELL ; 1361   ; FF_X37_Y20_N35 ; reset_sync[1]|q                                                               ;
;   5.192 ;   1.384 ; RR ; IC   ; 4      ; DSP_X20_Y18_N0 ; core|tiles[1].tile|stepper|Mult1~8|aclr[0]                                    ;
;   5.557 ;   0.365 ; RF ; CELL ; 0      ; DSP_X20_Y18_N0 ; igor_top:core|igor_rollout_tile:tiles[1].tile|candidate_index[8]~_Duplicate_1 ;
+---------+---------+----+------+--------+----------------+-------------------------------------------------------------------------------+

+------------------------------------------------------------------------------------------------------------------------------------------+
; Data Required Path                                                                                                                       ;
+---------+----------+----+------+--------+----------------+-------------------------------------------------------------------------------+
; Total   ; Incr     ; RF ; Type ; Fanout ; Location       ; Element                                                                       ;
+---------+----------+----+------+--------+----------------+-------------------------------------------------------------------------------+
; 0.000   ; 0.000    ;    ;      ;        ;                ; latch edge time                                                               ;
; 4.595   ; 4.595    ;    ;      ;        ;                ; clock path                                                                    ;
;   4.656 ;   4.656  ; R  ;      ;        ;                ; clock network delay                                                           ;
;   4.595 ;   -0.061 ;    ;      ;        ;                ; clock pessimism removed                                                       ;
; 4.595   ; 0.000    ;    ;      ;        ;                ; clock uncertainty                                                             ;
; 4.595   ; 0.000    ;    ; uTh  ; 0      ; DSP_X20_Y18_N0 ; igor_top:core|igor_rollout_tile:tiles[1].tile|candidate_index[8]~_Duplicate_1 ;
+---------+----------+----+------+--------+----------------+-------------------------------------------------------------------------------+

----------------------------
; Extra Fitter Information ;
----------------------------
HTML report is unavailable in plain text report export.


Path #5: Removal slack is 1.026 
===============================================================================
+-----------------------------------------------+
; Path Summary                                  ;
+--------------------+--------------------------+
; Property           ; Value                    ;
+--------------------+--------------------------+
; From Node          ; reset_sync[1]            ;
; To Node            ; igor_top:core|elapsed[1] ;
; Launch Clock       ; FPGA_CLK1_50             ;
; Latch Clock        ; FPGA_CLK1_50             ;
; Data Arrival Time  ; 4.920                    ;
; Data Required Time ; 3.894                    ;
; Slack              ; 1.026                    ;
+--------------------+--------------------------+

+--------------------------------------------------------------------------------------+
; Statistics                                                                           ;
+---------------------------+-------+-------+-------------+------------+-------+-------+
; Property                  ; Value ; Count ; Total Delay ; % of Total ; Min   ; Max   ;
+---------------------------+-------+-------+-------------+------------+-------+-------+
; Removal Relationship      ; 0.000 ;       ;             ;            ;       ;       ;
; Clock Skew                ; 0.086 ;       ;             ;            ;       ;       ;
; Data Delay                ; 1.112 ;       ;             ;            ;       ;       ;
; Number of Logic Levels    ;       ; 0     ;             ;            ;       ;       ;
; Physical Delays           ;       ;       ;             ;            ;       ;       ;
;  Arrival Path             ;       ;       ;             ;            ;       ;       ;
;   Clock                   ;       ;       ;             ;            ;       ;       ;
;    Clock Network (Lumped) ;       ; 1     ; 3.808       ; 100        ; 3.808 ; 3.808 ;
;   Data                    ;       ;       ;             ;            ;       ;       ;
;    IC                     ;       ; 1     ; 0.579       ; 52         ; 0.579 ; 0.579 ;
;    Cell                   ;       ; 2     ; 0.533       ; 48         ; 0.000 ; 0.533 ;
;    uTco                   ;       ; 1     ; 0.000       ; 0          ; 0.000 ; 0.000 ;
;  Required Path            ;       ;       ;             ;            ;       ;       ;
;   Clock                   ;       ;       ;             ;            ;       ;       ;
;    Clock Network (Lumped) ;       ; 1     ; 4.337       ; 100        ; 4.337 ; 4.337 ;
+---------------------------+-------+-------+-------------+------------+-------+-------+
Note: Negative delays are omitted from totals when calculating percentages

+------------------------------------------------------------------------------------+
; Data Arrival Path                                                                  ;
+---------+---------+----+------+--------+----------------+--------------------------+
; Total   ; Incr    ; RF ; Type ; Fanout ; Location       ; Element                  ;
+---------+---------+----+------+--------+----------------+--------------------------+
; 0.000   ; 0.000   ;    ;      ;        ;                ; launch edge time         ;
; 3.808   ; 3.808   ;    ;      ;        ;                ; clock path               ;
;   3.808 ;   3.808 ; R  ;      ;        ;                ; clock network delay      ;
; 4.920   ; 1.112   ;    ;      ;        ;                ; data path                ;
;   3.808 ;   0.000 ;    ; uTco ; 1      ; FF_X37_Y20_N35 ; reset_sync[1]            ;
;   3.808 ;   0.000 ; FF ; CELL ; 1361   ; FF_X37_Y20_N35 ; reset_sync[1]|q          ;
;   4.387 ;   0.579 ; FF ; IC   ; 1      ; FF_X36_Y20_N5  ; core|elapsed[1]|clrn     ;
;   4.920 ;   0.533 ; FF ; CELL ; 1      ; FF_X36_Y20_N5  ; igor_top:core|elapsed[1] ;
+---------+---------+----+------+--------+----------------+--------------------------+

+------------------------------------------------------------------------------------+
; Data Required Path                                                                 ;
+---------+----------+----+------+--------+---------------+--------------------------+
; Total   ; Incr     ; RF ; Type ; Fanout ; Location      ; Element                  ;
+---------+----------+----+------+--------+---------------+--------------------------+
; 0.000   ; 0.000    ;    ;      ;        ;               ; latch edge time          ;
; 3.894   ; 3.894    ;    ;      ;        ;               ; clock path               ;
;   4.337 ;   4.337  ; R  ;      ;        ;               ; clock network delay      ;
;   3.894 ;   -0.443 ;    ;      ;        ;               ; clock pessimism removed  ;
; 3.894   ; 0.000    ;    ;      ;        ;               ; clock uncertainty        ;
; 3.894   ; 0.000    ;    ; uTh  ; 1      ; FF_X36_Y20_N5 ; igor_top:core|elapsed[1] ;
+---------+----------+----+------+--------+---------------+--------------------------+

----------------------------
; Extra Fitter Information ;
----------------------------
HTML report is unavailable in plain text report export.


Path #6: Removal slack is 1.026 
===============================================================================
+-----------------------------------------------+
; Path Summary                                  ;
+--------------------+--------------------------+
; Property           ; Value                    ;
+--------------------+--------------------------+
; From Node          ; reset_sync[1]            ;
; To Node            ; igor_top:core|elapsed[3] ;
; Launch Clock       ; FPGA_CLK1_50             ;
; Latch Clock        ; FPGA_CLK1_50             ;
; Data Arrival Time  ; 4.920                    ;
; Data Required Time ; 3.894                    ;
; Slack              ; 1.026                    ;
+--------------------+--------------------------+

+--------------------------------------------------------------------------------------+
; Statistics                                                                           ;
+---------------------------+-------+-------+-------------+------------+-------+-------+
; Property                  ; Value ; Count ; Total Delay ; % of Total ; Min   ; Max   ;
+---------------------------+-------+-------+-------------+------------+-------+-------+
; Removal Relationship      ; 0.000 ;       ;             ;            ;       ;       ;
; Clock Skew                ; 0.086 ;       ;             ;            ;       ;       ;
; Data Delay                ; 1.112 ;       ;             ;            ;       ;       ;
; Number of Logic Levels    ;       ; 0     ;             ;            ;       ;       ;
; Physical Delays           ;       ;       ;             ;            ;       ;       ;
;  Arrival Path             ;       ;       ;             ;            ;       ;       ;
;   Clock                   ;       ;       ;             ;            ;       ;       ;
;    Clock Network (Lumped) ;       ; 1     ; 3.808       ; 100        ; 3.808 ; 3.808 ;
;   Data                    ;       ;       ;             ;            ;       ;       ;
;    IC                     ;       ; 1     ; 0.579       ; 52         ; 0.579 ; 0.579 ;
;    Cell                   ;       ; 2     ; 0.533       ; 48         ; 0.000 ; 0.533 ;
;    uTco                   ;       ; 1     ; 0.000       ; 0          ; 0.000 ; 0.000 ;
;  Required Path            ;       ;       ;             ;            ;       ;       ;
;   Clock                   ;       ;       ;             ;            ;       ;       ;
;    Clock Network (Lumped) ;       ; 1     ; 4.337       ; 100        ; 4.337 ; 4.337 ;
+---------------------------+-------+-------+-------------+------------+-------+-------+
Note: Negative delays are omitted from totals when calculating percentages

+------------------------------------------------------------------------------------+
; Data Arrival Path                                                                  ;
+---------+---------+----+------+--------+----------------+--------------------------+
; Total   ; Incr    ; RF ; Type ; Fanout ; Location       ; Element                  ;
+---------+---------+----+------+--------+----------------+--------------------------+
; 0.000   ; 0.000   ;    ;      ;        ;                ; launch edge time         ;
; 3.808   ; 3.808   ;    ;      ;        ;                ; clock path               ;
;   3.808 ;   3.808 ; R  ;      ;        ;                ; clock network delay      ;
; 4.920   ; 1.112   ;    ;      ;        ;                ; data path                ;
;   3.808 ;   0.000 ;    ; uTco ; 1      ; FF_X37_Y20_N35 ; reset_sync[1]            ;
;   3.808 ;   0.000 ; FF ; CELL ; 1361   ; FF_X37_Y20_N35 ; reset_sync[1]|q          ;
;   4.387 ;   0.579 ; FF ; IC   ; 1      ; FF_X36_Y20_N11 ; core|elapsed[3]|clrn     ;
;   4.920 ;   0.533 ; FF ; CELL ; 1      ; FF_X36_Y20_N11 ; igor_top:core|elapsed[3] ;
+---------+---------+----+------+--------+----------------+--------------------------+

+-------------------------------------------------------------------------------------+
; Data Required Path                                                                  ;
+---------+----------+----+------+--------+----------------+--------------------------+
; Total   ; Incr     ; RF ; Type ; Fanout ; Location       ; Element                  ;
+---------+----------+----+------+--------+----------------+--------------------------+
; 0.000   ; 0.000    ;    ;      ;        ;                ; latch edge time          ;
; 3.894   ; 3.894    ;    ;      ;        ;                ; clock path               ;
;   4.337 ;   4.337  ; R  ;      ;        ;                ; clock network delay      ;
;   3.894 ;   -0.443 ;    ;      ;        ;                ; clock pessimism removed  ;
; 3.894   ; 0.000    ;    ;      ;        ;                ; clock uncertainty        ;
; 3.894   ; 0.000    ;    ; uTh  ; 1      ; FF_X36_Y20_N11 ; igor_top:core|elapsed[3] ;
+---------+----------+----+------+--------+----------------+--------------------------+

----------------------------
; Extra Fitter Information ;
----------------------------
HTML report is unavailable in plain text report export.


Path #7: Removal slack is 1.026 
===============================================================================
+-----------------------------------------------+
; Path Summary                                  ;
+--------------------+--------------------------+
; Property           ; Value                    ;
+--------------------+--------------------------+
; From Node          ; reset_sync[1]            ;
; To Node            ; igor_top:core|elapsed[5] ;
; Launch Clock       ; FPGA_CLK1_50             ;
; Latch Clock        ; FPGA_CLK1_50             ;
; Data Arrival Time  ; 4.920                    ;
; Data Required Time ; 3.894                    ;
; Slack              ; 1.026                    ;
+--------------------+--------------------------+

+--------------------------------------------------------------------------------------+
; Statistics                                                                           ;
+---------------------------+-------+-------+-------------+------------+-------+-------+
; Property                  ; Value ; Count ; Total Delay ; % of Total ; Min   ; Max   ;
+---------------------------+-------+-------+-------------+------------+-------+-------+
; Removal Relationship      ; 0.000 ;       ;             ;            ;       ;       ;
; Clock Skew                ; 0.086 ;       ;             ;            ;       ;       ;
; Data Delay                ; 1.112 ;       ;             ;            ;       ;       ;
; Number of Logic Levels    ;       ; 0     ;             ;            ;       ;       ;
; Physical Delays           ;       ;       ;             ;            ;       ;       ;
;  Arrival Path             ;       ;       ;             ;            ;       ;       ;
;   Clock                   ;       ;       ;             ;            ;       ;       ;
;    Clock Network (Lumped) ;       ; 1     ; 3.808       ; 100        ; 3.808 ; 3.808 ;
;   Data                    ;       ;       ;             ;            ;       ;       ;
;    IC                     ;       ; 1     ; 0.579       ; 52         ; 0.579 ; 0.579 ;
;    Cell                   ;       ; 2     ; 0.533       ; 48         ; 0.000 ; 0.533 ;
;    uTco                   ;       ; 1     ; 0.000       ; 0          ; 0.000 ; 0.000 ;
;  Required Path            ;       ;       ;             ;            ;       ;       ;
;   Clock                   ;       ;       ;             ;            ;       ;       ;
;    Clock Network (Lumped) ;       ; 1     ; 4.337       ; 100        ; 4.337 ; 4.337 ;
+---------------------------+-------+-------+-------------+------------+-------+-------+
Note: Negative delays are omitted from totals when calculating percentages

+------------------------------------------------------------------------------------+
; Data Arrival Path                                                                  ;
+---------+---------+----+------+--------+----------------+--------------------------+
; Total   ; Incr    ; RF ; Type ; Fanout ; Location       ; Element                  ;
+---------+---------+----+------+--------+----------------+--------------------------+
; 0.000   ; 0.000   ;    ;      ;        ;                ; launch edge time         ;
; 3.808   ; 3.808   ;    ;      ;        ;                ; clock path               ;
;   3.808 ;   3.808 ; R  ;      ;        ;                ; clock network delay      ;
; 4.920   ; 1.112   ;    ;      ;        ;                ; data path                ;
;   3.808 ;   0.000 ;    ; uTco ; 1      ; FF_X37_Y20_N35 ; reset_sync[1]            ;
;   3.808 ;   0.000 ; FF ; CELL ; 1361   ; FF_X37_Y20_N35 ; reset_sync[1]|q          ;
;   4.387 ;   0.579 ; FF ; IC   ; 1      ; FF_X36_Y20_N17 ; core|elapsed[5]|clrn     ;
;   4.920 ;   0.533 ; FF ; CELL ; 1      ; FF_X36_Y20_N17 ; igor_top:core|elapsed[5] ;
+---------+---------+----+------+--------+----------------+--------------------------+

+-------------------------------------------------------------------------------------+
; Data Required Path                                                                  ;
+---------+----------+----+------+--------+----------------+--------------------------+
; Total   ; Incr     ; RF ; Type ; Fanout ; Location       ; Element                  ;
+---------+----------+----+------+--------+----------------+--------------------------+
; 0.000   ; 0.000    ;    ;      ;        ;                ; latch edge time          ;
; 3.894   ; 3.894    ;    ;      ;        ;                ; clock path               ;
;   4.337 ;   4.337  ; R  ;      ;        ;                ; clock network delay      ;
;   3.894 ;   -0.443 ;    ;      ;        ;                ; clock pessimism removed  ;
; 3.894   ; 0.000    ;    ;      ;        ;                ; clock uncertainty        ;
; 3.894   ; 0.000    ;    ; uTh  ; 1      ; FF_X36_Y20_N17 ; igor_top:core|elapsed[5] ;
+---------+----------+----+------+--------+----------------+--------------------------+

----------------------------
; Extra Fitter Information ;
----------------------------
HTML report is unavailable in plain text report export.


Path #8: Removal slack is 1.026 
===============================================================================
+-----------------------------------------------+
; Path Summary                                  ;
+--------------------+--------------------------+
; Property           ; Value                    ;
+--------------------+--------------------------+
; From Node          ; reset_sync[1]            ;
; To Node            ; igor_top:core|elapsed[7] ;
; Launch Clock       ; FPGA_CLK1_50             ;
; Latch Clock        ; FPGA_CLK1_50             ;
; Data Arrival Time  ; 4.920                    ;
; Data Required Time ; 3.894                    ;
; Slack              ; 1.026                    ;
+--------------------+--------------------------+

+--------------------------------------------------------------------------------------+
; Statistics                                                                           ;
+---------------------------+-------+-------+-------------+------------+-------+-------+
; Property                  ; Value ; Count ; Total Delay ; % of Total ; Min   ; Max   ;
+---------------------------+-------+-------+-------------+------------+-------+-------+
; Removal Relationship      ; 0.000 ;       ;             ;            ;       ;       ;
; Clock Skew                ; 0.086 ;       ;             ;            ;       ;       ;
; Data Delay                ; 1.112 ;       ;             ;            ;       ;       ;
; Number of Logic Levels    ;       ; 0     ;             ;            ;       ;       ;
; Physical Delays           ;       ;       ;             ;            ;       ;       ;
;  Arrival Path             ;       ;       ;             ;            ;       ;       ;
;   Clock                   ;       ;       ;             ;            ;       ;       ;
;    Clock Network (Lumped) ;       ; 1     ; 3.808       ; 100        ; 3.808 ; 3.808 ;
;   Data                    ;       ;       ;             ;            ;       ;       ;
;    IC                     ;       ; 1     ; 0.579       ; 52         ; 0.579 ; 0.579 ;
;    Cell                   ;       ; 2     ; 0.533       ; 48         ; 0.000 ; 0.533 ;
;    uTco                   ;       ; 1     ; 0.000       ; 0          ; 0.000 ; 0.000 ;
;  Required Path            ;       ;       ;             ;            ;       ;       ;
;   Clock                   ;       ;       ;             ;            ;       ;       ;
;    Clock Network (Lumped) ;       ; 1     ; 4.337       ; 100        ; 4.337 ; 4.337 ;
+---------------------------+-------+-------+-------------+------------+-------+-------+
Note: Negative delays are omitted from totals when calculating percentages

+------------------------------------------------------------------------------------+
; Data Arrival Path                                                                  ;
+---------+---------+----+------+--------+----------------+--------------------------+
; Total   ; Incr    ; RF ; Type ; Fanout ; Location       ; Element                  ;
+---------+---------+----+------+--------+----------------+--------------------------+
; 0.000   ; 0.000   ;    ;      ;        ;                ; launch edge time         ;
; 3.808   ; 3.808   ;    ;      ;        ;                ; clock path               ;
;   3.808 ;   3.808 ; R  ;      ;        ;                ; clock network delay      ;
; 4.920   ; 1.112   ;    ;      ;        ;                ; data path                ;
;   3.808 ;   0.000 ;    ; uTco ; 1      ; FF_X37_Y20_N35 ; reset_sync[1]            ;
;   3.808 ;   0.000 ; FF ; CELL ; 1361   ; FF_X37_Y20_N35 ; reset_sync[1]|q          ;
;   4.387 ;   0.579 ; FF ; IC   ; 1      ; FF_X36_Y20_N23 ; core|elapsed[7]|clrn     ;
;   4.920 ;   0.533 ; FF ; CELL ; 1      ; FF_X36_Y20_N23 ; igor_top:core|elapsed[7] ;
+---------+---------+----+------+--------+----------------+--------------------------+

+-------------------------------------------------------------------------------------+
; Data Required Path                                                                  ;
+---------+----------+----+------+--------+----------------+--------------------------+
; Total   ; Incr     ; RF ; Type ; Fanout ; Location       ; Element                  ;
+---------+----------+----+------+--------+----------------+--------------------------+
; 0.000   ; 0.000    ;    ;      ;        ;                ; latch edge time          ;
; 3.894   ; 3.894    ;    ;      ;        ;                ; clock path               ;
;   4.337 ;   4.337  ; R  ;      ;        ;                ; clock network delay      ;
;   3.894 ;   -0.443 ;    ;      ;        ;                ; clock pessimism removed  ;
; 3.894   ; 0.000    ;    ;      ;        ;                ; clock uncertainty        ;
; 3.894   ; 0.000    ;    ; uTh  ; 1      ; FF_X36_Y20_N23 ; igor_top:core|elapsed[7] ;
+---------+----------+----+------+--------+----------------+--------------------------+

----------------------------
; Extra Fitter Information ;
----------------------------
HTML report is unavailable in plain text report export.


Path #9: Removal slack is 1.026 
===============================================================================
+-----------------------------------------------+
; Path Summary                                  ;
+--------------------+--------------------------+
; Property           ; Value                    ;
+--------------------+--------------------------+
; From Node          ; reset_sync[1]            ;
; To Node            ; igor_top:core|elapsed[9] ;
; Launch Clock       ; FPGA_CLK1_50             ;
; Latch Clock        ; FPGA_CLK1_50             ;
; Data Arrival Time  ; 4.920                    ;
; Data Required Time ; 3.894                    ;
; Slack              ; 1.026                    ;
+--------------------+--------------------------+

+--------------------------------------------------------------------------------------+
; Statistics                                                                           ;
+---------------------------+-------+-------+-------------+------------+-------+-------+
; Property                  ; Value ; Count ; Total Delay ; % of Total ; Min   ; Max   ;
+---------------------------+-------+-------+-------------+------------+-------+-------+
; Removal Relationship      ; 0.000 ;       ;             ;            ;       ;       ;
; Clock Skew                ; 0.086 ;       ;             ;            ;       ;       ;
; Data Delay                ; 1.112 ;       ;             ;            ;       ;       ;
; Number of Logic Levels    ;       ; 0     ;             ;            ;       ;       ;
; Physical Delays           ;       ;       ;             ;            ;       ;       ;
;  Arrival Path             ;       ;       ;             ;            ;       ;       ;
;   Clock                   ;       ;       ;             ;            ;       ;       ;
;    Clock Network (Lumped) ;       ; 1     ; 3.808       ; 100        ; 3.808 ; 3.808 ;
;   Data                    ;       ;       ;             ;            ;       ;       ;
;    IC                     ;       ; 1     ; 0.579       ; 52         ; 0.579 ; 0.579 ;
;    Cell                   ;       ; 2     ; 0.533       ; 48         ; 0.000 ; 0.533 ;
;    uTco                   ;       ; 1     ; 0.000       ; 0          ; 0.000 ; 0.000 ;
;  Required Path            ;       ;       ;             ;            ;       ;       ;
;   Clock                   ;       ;       ;             ;            ;       ;       ;
;    Clock Network (Lumped) ;       ; 1     ; 4.337       ; 100        ; 4.337 ; 4.337 ;
+---------------------------+-------+-------+-------------+------------+-------+-------+
Note: Negative delays are omitted from totals when calculating percentages

+------------------------------------------------------------------------------------+
; Data Arrival Path                                                                  ;
+---------+---------+----+------+--------+----------------+--------------------------+
; Total   ; Incr    ; RF ; Type ; Fanout ; Location       ; Element                  ;
+---------+---------+----+------+--------+----------------+--------------------------+
; 0.000   ; 0.000   ;    ;      ;        ;                ; launch edge time         ;
; 3.808   ; 3.808   ;    ;      ;        ;                ; clock path               ;
;   3.808 ;   3.808 ; R  ;      ;        ;                ; clock network delay      ;
; 4.920   ; 1.112   ;    ;      ;        ;                ; data path                ;
;   3.808 ;   0.000 ;    ; uTco ; 1      ; FF_X37_Y20_N35 ; reset_sync[1]            ;
;   3.808 ;   0.000 ; FF ; CELL ; 1361   ; FF_X37_Y20_N35 ; reset_sync[1]|q          ;
;   4.387 ;   0.579 ; FF ; IC   ; 1      ; FF_X36_Y20_N29 ; core|elapsed[9]|clrn     ;
;   4.920 ;   0.533 ; FF ; CELL ; 1      ; FF_X36_Y20_N29 ; igor_top:core|elapsed[9] ;
+---------+---------+----+------+--------+----------------+--------------------------+

+-------------------------------------------------------------------------------------+
; Data Required Path                                                                  ;
+---------+----------+----+------+--------+----------------+--------------------------+
; Total   ; Incr     ; RF ; Type ; Fanout ; Location       ; Element                  ;
+---------+----------+----+------+--------+----------------+--------------------------+
; 0.000   ; 0.000    ;    ;      ;        ;                ; latch edge time          ;
; 3.894   ; 3.894    ;    ;      ;        ;                ; clock path               ;
;   4.337 ;   4.337  ; R  ;      ;        ;                ; clock network delay      ;
;   3.894 ;   -0.443 ;    ;      ;        ;                ; clock pessimism removed  ;
; 3.894   ; 0.000    ;    ;      ;        ;                ; clock uncertainty        ;
; 3.894   ; 0.000    ;    ; uTh  ; 1      ; FF_X36_Y20_N29 ; igor_top:core|elapsed[9] ;
+---------+----------+----+------+--------+----------------+--------------------------+

----------------------------
; Extra Fitter Information ;
----------------------------
HTML report is unavailable in plain text report export.


Path #10: Removal slack is 1.026 
===============================================================================
+------------------------------------------------+
; Path Summary                                   ;
+--------------------+---------------------------+
; Property           ; Value                     ;
+--------------------+---------------------------+
; From Node          ; reset_sync[1]             ;
; To Node            ; igor_top:core|elapsed[11] ;
; Launch Clock       ; FPGA_CLK1_50              ;
; Latch Clock        ; FPGA_CLK1_50              ;
; Data Arrival Time  ; 4.920                     ;
; Data Required Time ; 3.894                     ;
; Slack              ; 1.026                     ;
+--------------------+---------------------------+

+--------------------------------------------------------------------------------------+
; Statistics                                                                           ;
+---------------------------+-------+-------+-------------+------------+-------+-------+
; Property                  ; Value ; Count ; Total Delay ; % of Total ; Min   ; Max   ;
+---------------------------+-------+-------+-------------+------------+-------+-------+
; Removal Relationship      ; 0.000 ;       ;             ;            ;       ;       ;
; Clock Skew                ; 0.086 ;       ;             ;            ;       ;       ;
; Data Delay                ; 1.112 ;       ;             ;            ;       ;       ;
; Number of Logic Levels    ;       ; 0     ;             ;            ;       ;       ;
; Physical Delays           ;       ;       ;             ;            ;       ;       ;
;  Arrival Path             ;       ;       ;             ;            ;       ;       ;
;   Clock                   ;       ;       ;             ;            ;       ;       ;
;    Clock Network (Lumped) ;       ; 1     ; 3.808       ; 100        ; 3.808 ; 3.808 ;
;   Data                    ;       ;       ;             ;            ;       ;       ;
;    IC                     ;       ; 1     ; 0.579       ; 52         ; 0.579 ; 0.579 ;
;    Cell                   ;       ; 2     ; 0.533       ; 48         ; 0.000 ; 0.533 ;
;    uTco                   ;       ; 1     ; 0.000       ; 0          ; 0.000 ; 0.000 ;
;  Required Path            ;       ;       ;             ;            ;       ;       ;
;   Clock                   ;       ;       ;             ;            ;       ;       ;
;    Clock Network (Lumped) ;       ; 1     ; 4.337       ; 100        ; 4.337 ; 4.337 ;
+---------------------------+-------+-------+-------------+------------+-------+-------+
Note: Negative delays are omitted from totals when calculating percentages

+-------------------------------------------------------------------------------------+
; Data Arrival Path                                                                   ;
+---------+---------+----+------+--------+----------------+---------------------------+
; Total   ; Incr    ; RF ; Type ; Fanout ; Location       ; Element                   ;
+---------+---------+----+------+--------+----------------+---------------------------+
; 0.000   ; 0.000   ;    ;      ;        ;                ; launch edge time          ;
; 3.808   ; 3.808   ;    ;      ;        ;                ; clock path                ;
;   3.808 ;   3.808 ; R  ;      ;        ;                ; clock network delay       ;
; 4.920   ; 1.112   ;    ;      ;        ;                ; data path                 ;
;   3.808 ;   0.000 ;    ; uTco ; 1      ; FF_X37_Y20_N35 ; reset_sync[1]             ;
;   3.808 ;   0.000 ; FF ; CELL ; 1361   ; FF_X37_Y20_N35 ; reset_sync[1]|q           ;
;   4.387 ;   0.579 ; FF ; IC   ; 1      ; FF_X36_Y20_N35 ; core|elapsed[11]|clrn     ;
;   4.920 ;   0.533 ; FF ; CELL ; 1      ; FF_X36_Y20_N35 ; igor_top:core|elapsed[11] ;
+---------+---------+----+------+--------+----------------+---------------------------+

+--------------------------------------------------------------------------------------+
; Data Required Path                                                                   ;
+---------+----------+----+------+--------+----------------+---------------------------+
; Total   ; Incr     ; RF ; Type ; Fanout ; Location       ; Element                   ;
+---------+----------+----+------+--------+----------------+---------------------------+
; 0.000   ; 0.000    ;    ;      ;        ;                ; latch edge time           ;
; 3.894   ; 3.894    ;    ;      ;        ;                ; clock path                ;
;   4.337 ;   4.337  ; R  ;      ;        ;                ; clock network delay       ;
;   3.894 ;   -0.443 ;    ;      ;        ;                ; clock pessimism removed   ;
; 3.894   ; 0.000    ;    ;      ;        ;                ; clock uncertainty         ;
; 3.894   ; 0.000    ;    ; uTh  ; 1      ; FF_X36_Y20_N35 ; igor_top:core|elapsed[11] ;
+---------+----------+----+------+--------+----------------+---------------------------+

----------------------------
; Extra Fitter Information ;
----------------------------
HTML report is unavailable in plain text report export.


