TBBmalloc: skip allocation functions replacement in ucrtbase.dll: unknown prologue for function _msize
Info: *******************************************************************
Info: Running Quartus Prime Power Analyzer
    Info: Version 25.1std.0 Build 1129 10/21/2025 SC Standard Edition
    Info: Copyright (C) 2025  Altera Corporation. All rights reserved.
    Info: Your use of Altera Corporation's design tools, logic functions 
    Info: and other software and tools, and any partner logic 
    Info: functions, and any output files from any of the foregoing 
    Info: (including device programming or simulation files), and any 
    Info: associated documentation or information are expressly subject 
    Info: to the terms and conditions of the Altera Program License 
    Info: Subscription Agreement, the Altera Quartus Prime License Agreement,
    Info: the Altera IP License Agreement, or other applicable license
    Info: agreement, including, without limitation, that your use is for
    Info: the sole purpose of programming logic devices manufactured by
    Info: Altera and sold by Altera or its authorized distributors.  Please
    Info: refer to the Altera Software License Subscription Agreements 
    Info: on the Quartus Prime software download page.
    Info: Processing started: Tue Oct  6 12:32:53 2026
Info: Command: quartus_pow igor -c igor --estimate_power=on --no_input_file --use_vectorless_estimation=on --write_settings_files=off
Info (21076): High junction temperature operating condition is not set. Assuming a default value of '100'.
Info (21076): Low junction temperature operating condition is not set. Assuming a default value of '-40'.
Info (332104): Reading SDC File: 'igor.sdc'
Info (332151): Clock uncertainty is not calculated until you update the timing netlist.
Info (332123): Deriving Clock Uncertainty. Please refer to report_sdc in the Timing Analyzer to see clock uncertainties.
Info (223000): Starting Vectorless Power Activity Estimation
Warning (222013): Relative toggle rates could not be calculated because no clock domain could be identified for some nodes
Info (223001): Completed Vectorless Power Activity Estimation
Critical Warning (215050): HPS power is being analyzed for a device with an HPS without HPS power.
Info (218000): Using Advanced I/O Power to simulate I/O buffers with the specified board trace model
Warning (215044): No board thermal model was selected.  Analyzing without board thermal modeling.
Info (334003): Started post-fitting delay annotation
Info (334004): Delay annotation completed successfully
Info (215049): Average toggle rate for this design is 4.626 millions of transitions / sec
Info (215031): Total thermal power estimate for the design is 506.69 mW
Info: Quartus Prime Power Analyzer was successful. 0 errors, 3 warnings
    Info: Peak virtual memory: 5571 megabytes
    Info: Processing ended: Tue Oct  6 12:33:14 2026
    Info: Elapsed time: 00:00:21
    Info: Total CPU time (on all processors): 00:00:32
