Flow report for stm_uart
Tue Oct  6 18:33:44 2026
Quartus Prime Version 25.1std.0 Build 1129 10/21/2025 SC Standard Edition


---------------------
; Table of Contents ;
---------------------
  1. Legal Notice
  2. Flow Summary
  3. Flow Settings
  4. Flow Non-Default Global Settings
  5. Flow Elapsed Time
  6. Flow OS Summary
  7. Flow Log
  8. Flow Messages
  9. Flow Suppressed Messages



----------------
; Legal Notice ;
----------------
Copyright (C) 2025  Altera Corporation. All rights reserved.
Your use of Altera Corporation's design tools, logic functions 
and other software and tools, and any partner logic 
functions, and any output files from any of the foregoing 
(including device programming or simulation files), and any 
associated documentation or information are expressly subject 
to the terms and conditions of the Altera Program License 
Subscription Agreement, the Altera Quartus Prime License Agreement,
the Altera IP License Agreement, or other applicable license
agreement, including, without limitation, that your use is for
the sole purpose of programming logic devices manufactured by
Altera and sold by Altera or its authorized distributors.  Please
refer to the Altera Software License Subscription Agreements 
on the Quartus Prime software download page.



+---------------------------------------------------------------------------------------+
; Flow Summary                                                                          ;
+---------------------------------+-----------------------------------------------------+
; Flow Status                     ; Successful - Tue Oct  6 18:33:35 2026               ;
; Quartus Prime Version           ; 25.1std.0 Build 1129 10/21/2025 SC Standard Edition ;
; Revision Name                   ; stm_uart                                            ;
; Top-level Entity Name           ; stm_uart_demo_top                                   ;
; Family                          ; Cyclone V                                           ;
; Device                          ; 5CSEBA6U23I7                                        ;
; Timing Models                   ; Final                                               ;
; Logic utilization (in ALMs)     ; 157 / 41,910 ( < 1 % )                              ;
; Total registers                 ; 175                                                 ;
; Total pins                      ; 17 / 314 ( 5 % )                                    ;
; Total virtual pins              ; 0                                                   ;
; Total block memory bits         ; 0 / 5,662,720 ( 0 % )                               ;
; Total DSP Blocks                ; 0 / 112 ( 0 % )                                     ;
; Total HSSI RX PCSs              ; 0                                                   ;
; Total HSSI PMA RX Deserializers ; 0                                                   ;
; Total HSSI TX PCSs              ; 0                                                   ;
; Total HSSI PMA TX Serializers   ; 0                                                   ;
; Total PLLs                      ; 0 / 6 ( 0 % )                                       ;
; Total DLLs                      ; 0 / 4 ( 0 % )                                       ;
+---------------------------------+-----------------------------------------------------+


+-----------------------------------------+
; Flow Settings                           ;
+-------------------+---------------------+
; Option            ; Setting             ;
+-------------------+---------------------+
; Start date & time ; 10/06/2026 18:32:17 ;
; Main task         ; Compilation         ;
; Revision Name     ; stm_uart            ;
+-------------------+---------------------+


+-----------------------------------------------------------------------------------------------------+
; Flow Non-Default Global Settings                                                                    ;
+--------------------------+-------------------------------+---------------+-------------+------------+
; Assignment Name          ; Value                         ; Default Value ; Entity Name ; Section Id ;
+--------------------------+-------------------------------+---------------+-------------+------------+
; COMPILER_SIGNATURE_ID    ; 1098648279763.179128633737336 ; --            ; --          ; --         ;
; NUM_PARALLEL_PROCESSORS  ; 4                             ; --            ; --          ; --         ;
; PROJECT_OUTPUT_DIRECTORY ; output_files                  ; --            ; --          ; --         ;
; TOP_LEVEL_ENTITY         ; stm_uart_demo_top             ; stm_uart      ; --          ; --         ;
+--------------------------+-------------------------------+---------------+-------------+------------+


+--------------------------------------------------------------------------------------------------------------------------+
; Flow Elapsed Time                                                                                                        ;
+----------------------+--------------+-------------------------+---------------------+------------------------------------+
; Module Name          ; Elapsed Time ; Average Processors Used ; Peak Virtual Memory ; Total CPU Time (on all processors) ;
+----------------------+--------------+-------------------------+---------------------+------------------------------------+
; Analysis & Synthesis ; 00:00:21     ; 1.0                     ; 4857 MB             ; 00:00:03                           ;
; Fitter               ; 00:00:47     ; 1.0                     ; 6665 MB             ; 00:01:42                           ;
; Assembler            ; 00:00:08     ; 1.0                     ; 5227 MB             ; 00:00:08                           ;
; Timing Analyzer      ; 00:00:08     ; 1.2                     ; 5394 MB             ; 00:00:09                           ;
; Total                ; 00:01:24     ; --                      ; --                  ; 00:02:02                           ;
+----------------------+--------------+-------------------------+---------------------+------------------------------------+


+------------------------------------------------------------------------------------+
; Flow OS Summary                                                                    ;
+----------------------+------------------+------------+------------+----------------+
; Module Name          ; Machine Hostname ; OS Name    ; OS Version ; Processor type ;
+----------------------+------------------+------------+------------+----------------+
; Analysis & Synthesis ; DESKTOP-3S5LN80  ; Windows 10 ; 10.0       ; x86_64         ;
; Fitter               ; DESKTOP-3S5LN80  ; Windows 10 ; 10.0       ; x86_64         ;
; Assembler            ; DESKTOP-3S5LN80  ; Windows 10 ; 10.0       ; x86_64         ;
; Timing Analyzer      ; DESKTOP-3S5LN80  ; Windows 10 ; 10.0       ; x86_64         ;
+----------------------+------------------+------------+------------+----------------+


------------
; Flow Log ;
------------
quartus_map stm_uart
quartus_fit stm_uart
quartus_asm stm_uart
quartus_sta stm_uart



